Archive member included to satisfy reference by file (symbol)

d:/programs/stmicroelectronics/stm32cubeide_1.7.0/stm32cubeide/plugins/com.st.stm32cube.ide.mcu.externaltools.gnu-tools-for-stm32.9-2020-q2-update.win32_2.0.0.202105311346/tools/bin/../lib/gcc/arm-none-eabi/9.3.1/../../../../arm-none-eabi/lib/thumb/v7e-m+fp/hard\libc_nano.a(lib_a-errno.o)
                              ./Core/Src/syscalls.o (__errno)
d:/programs/stmicroelectronics/stm32cubeide_1.7.0/stm32cubeide/plugins/com.st.stm32cube.ide.mcu.externaltools.gnu-tools-for-stm32.9-2020-q2-update.win32_2.0.0.202105311346/tools/bin/../lib/gcc/arm-none-eabi/9.3.1/../../../../arm-none-eabi/lib/thumb/v7e-m+fp/hard\libc_nano.a(lib_a-exit.o)
                              d:/programs/stmicroelectronics/stm32cubeide_1.7.0/stm32cubeide/plugins/com.st.stm32cube.ide.mcu.externaltools.gnu-tools-for-stm32.9-2020-q2-update.win32_2.0.0.202105311346/tools/bin/../lib/gcc/arm-none-eabi/9.3.1/../../../../arm-none-eabi/lib/thumb/v7e-m+fp/hard/crt0.o (exit)
d:/programs/stmicroelectronics/stm32cubeide_1.7.0/stm32cubeide/plugins/com.st.stm32cube.ide.mcu.externaltools.gnu-tools-for-stm32.9-2020-q2-update.win32_2.0.0.202105311346/tools/bin/../lib/gcc/arm-none-eabi/9.3.1/../../../../arm-none-eabi/lib/thumb/v7e-m+fp/hard\libc_nano.a(lib_a-impure.o)
                              d:/programs/stmicroelectronics/stm32cubeide_1.7.0/stm32cubeide/plugins/com.st.stm32cube.ide.mcu.externaltools.gnu-tools-for-stm32.9-2020-q2-update.win32_2.0.0.202105311346/tools/bin/../lib/gcc/arm-none-eabi/9.3.1/../../../../arm-none-eabi/lib/thumb/v7e-m+fp/hard\libc_nano.a(lib_a-exit.o) (_global_impure_ptr)
d:/programs/stmicroelectronics/stm32cubeide_1.7.0/stm32cubeide/plugins/com.st.stm32cube.ide.mcu.externaltools.gnu-tools-for-stm32.9-2020-q2-update.win32_2.0.0.202105311346/tools/bin/../lib/gcc/arm-none-eabi/9.3.1/../../../../arm-none-eabi/lib/thumb/v7e-m+fp/hard\libc_nano.a(lib_a-init.o)
                              d:/programs/stmicroelectronics/stm32cubeide_1.7.0/stm32cubeide/plugins/com.st.stm32cube.ide.mcu.externaltools.gnu-tools-for-stm32.9-2020-q2-update.win32_2.0.0.202105311346/tools/bin/../lib/gcc/arm-none-eabi/9.3.1/../../../../arm-none-eabi/lib/thumb/v7e-m+fp/hard/crt0.o (__libc_init_array)
d:/programs/stmicroelectronics/stm32cubeide_1.7.0/stm32cubeide/plugins/com.st.stm32cube.ide.mcu.externaltools.gnu-tools-for-stm32.9-2020-q2-update.win32_2.0.0.202105311346/tools/bin/../lib/gcc/arm-none-eabi/9.3.1/../../../../arm-none-eabi/lib/thumb/v7e-m+fp/hard\libc_nano.a(lib_a-memset.o)
                              d:/programs/stmicroelectronics/stm32cubeide_1.7.0/stm32cubeide/plugins/com.st.stm32cube.ide.mcu.externaltools.gnu-tools-for-stm32.9-2020-q2-update.win32_2.0.0.202105311346/tools/bin/../lib/gcc/arm-none-eabi/9.3.1/../../../../arm-none-eabi/lib/thumb/v7e-m+fp/hard/crt0.o (memset)
d:/programs/stmicroelectronics/stm32cubeide_1.7.0/stm32cubeide/plugins/com.st.stm32cube.ide.mcu.externaltools.gnu-tools-for-stm32.9-2020-q2-update.win32_2.0.0.202105311346/tools/bin/../lib/gcc/arm-none-eabi/9.3.1/../../../../arm-none-eabi/lib/thumb/v7e-m+fp/hard\libc_nano.a(lib_a-sprintf.o)
                              ./Core/Src/main.o (sprintf)
d:/programs/stmicroelectronics/stm32cubeide_1.7.0/stm32cubeide/plugins/com.st.stm32cube.ide.mcu.externaltools.gnu-tools-for-stm32.9-2020-q2-update.win32_2.0.0.202105311346/tools/bin/../lib/gcc/arm-none-eabi/9.3.1/../../../../arm-none-eabi/lib/thumb/v7e-m+fp/hard\libc_nano.a(lib_a-nano-svfprintf.o)
                              d:/programs/stmicroelectronics/stm32cubeide_1.7.0/stm32cubeide/plugins/com.st.stm32cube.ide.mcu.externaltools.gnu-tools-for-stm32.9-2020-q2-update.win32_2.0.0.202105311346/tools/bin/../lib/gcc/arm-none-eabi/9.3.1/../../../../arm-none-eabi/lib/thumb/v7e-m+fp/hard\libc_nano.a(lib_a-sprintf.o) (_svfprintf_r)
d:/programs/stmicroelectronics/stm32cubeide_1.7.0/stm32cubeide/plugins/com.st.stm32cube.ide.mcu.externaltools.gnu-tools-for-stm32.9-2020-q2-update.win32_2.0.0.202105311346/tools/bin/../lib/gcc/arm-none-eabi/9.3.1/../../../../arm-none-eabi/lib/thumb/v7e-m+fp/hard\libc_nano.a(lib_a-nano-vfprintf_i.o)
                              d:/programs/stmicroelectronics/stm32cubeide_1.7.0/stm32cubeide/plugins/com.st.stm32cube.ide.mcu.externaltools.gnu-tools-for-stm32.9-2020-q2-update.win32_2.0.0.202105311346/tools/bin/../lib/gcc/arm-none-eabi/9.3.1/../../../../arm-none-eabi/lib/thumb/v7e-m+fp/hard\libc_nano.a(lib_a-nano-svfprintf.o) (_printf_i)
d:/programs/stmicroelectronics/stm32cubeide_1.7.0/stm32cubeide/plugins/com.st.stm32cube.ide.mcu.externaltools.gnu-tools-for-stm32.9-2020-q2-update.win32_2.0.0.202105311346/tools/bin/../lib/gcc/arm-none-eabi/9.3.1/../../../../arm-none-eabi/lib/thumb/v7e-m+fp/hard\libc_nano.a(lib_a-memchr.o)
[...]
Memory Configuration

Name             Origin             Length             Attributes
RAM              0x0000000020000000 0x0000000000010000 xrw
FLASH            0x0000000008000000 0x0000000000040000 xr
*default*        0x0000000000000000 0xffffffffffffffff

Linker script and memory map

LOAD d:/programs/stmicroelectronics/stm32cubeide_1.7.0/stm32cubeide/plugins/com.st.stm32cube.ide.mcu.externaltools.gnu-tools-for-stm32.9-2020-q2-update.win32_2.0.0.202105311346/tools/bin/../lib/gcc/arm-none-eabi/9.3.1/thumb/v7e-m+fp/hard/crti.o
LOAD d:/programs/stmicroelectronics/stm32cubeide_1.7.0/stm32cubeide/plugins/com.st.stm32cube.ide.mcu.externaltools.gnu-tools-for-stm32.9-2020-q2-update.win32_2.0.0.202105311346/tools/bin/../lib/gcc/arm-none-eabi/9.3.1/thumb/v7e-m+fp/hard/crtbegin.o
LOAD d:/programs/stmicroelectronics/stm32cubeide_1.7.0/stm32cubeide/plugins/com.st.stm32cube.ide.mcu.externaltools.gnu-tools-for-stm32.9-2020-q2-update.win32_2.0.0.202105311346/tools/bin/../lib/gcc/arm-none-eabi/9.3.1/../../../../arm-none-eabi/lib/thumb/v7e-m+fp/hard/crt0.o
LOAD ./AD9833/Src/AD9833.o
LOAD ./Core/Src/encoder.o
LOAD ./Core/Src/gpio.o
LOAD ./Core/Src/main.o
LOAD ./Core/Src/spi.o
LOAD ./Core/Src/stm32f4xx_hal_msp.o
LOAD ./Core/Src/stm32f4xx_it.o
LOAD ./Core/Src/syscalls.o
LOAD ./Core/Src/sysmem.o
LOAD ./Core/Src/system_stm32f4xx.o
LOAD ./Core/Src/tim.o
LOAD ./Core/Startup/startup_stm32f401ccux.o
LOAD ./Drivers/STM32F4xx_HAL_Driver/Src/stm32f4xx_hal.o
LOAD ./Drivers/STM32F4xx_HAL_Driver/Src/stm32f4xx_hal_cortex.o
LOAD ./Drivers/STM32F4xx_HAL_Driver/Src/stm32f4xx_hal_dma.o
LOAD ./Drivers/STM32F4xx_HAL_Driver/Src/stm32f4xx_hal_dma_ex.o
LOAD ./Drivers/STM32F4xx_HAL_Driver/Src/stm32f4xx_hal_exti.o
LOAD ./Drivers/STM32F4xx_HAL_Driver/Src/stm32f4xx_hal_flash.o
LOAD ./Drivers/STM32F4xx_HAL_Driver/Src/stm32f4xx_hal_flash_ex.o
LOAD ./Drivers/STM32F4xx_HAL_Driver/Src/stm32f4xx_hal_flash_ramfunc.o
LOAD ./Drivers/STM32F4xx_HAL_Driver/Src/stm32f4xx_hal_gpio.o
LOAD ./Drivers/STM32F4xx_HAL_Driver/Src/stm32f4xx_hal_pwr.o
LOAD ./Drivers/STM32F4xx_HAL_Driver/Src/stm32f4xx_hal_pwr_ex.o
LOAD ./Drivers/STM32F4xx_HAL_Driver/Src/stm32f4xx_hal_rcc.o
LOAD ./Drivers/STM32F4xx_HAL_Driver/Src/stm32f4xx_hal_rcc_ex.o
LOAD ./Drivers/STM32F4xx_HAL_Driver/Src/stm32f4xx_hal_spi.o
LOAD ./Drivers/STM32F4xx_HAL_Driver/Src/stm32f4xx_hal_tim.o
LOAD ./Drivers/STM32F4xx_HAL_Driver/Src/stm32f4xx_hal_tim_ex.o
LOAD ./st7735/Src/fonts.o
LOAD ./st7735/Src/st7735.o
START GROUP
LOAD d:/programs/stmicroelectronics/stm32cubeide_1.7.0/stm32cubeide/plugins/com.st.stm32cube.ide.mcu.externaltools.gnu-tools-for-stm32.9-2020-q2-update.win32_2.0.0.202105311346/tools/bin/../lib/gcc/arm-none-eabi/9.3.1/../../../../arm-none-eabi/lib/thumb/v7e-m+fp/hard\libc_nano.a
LOAD d:/programs/stmicroelectronics/stm32cubeide_1.7.0/stm32cubeide/plugins/com.st.stm32cube.ide.mcu.externaltools.gnu-tools-for-stm32.9-2020-q2-update.win32_2.0.0.202105311346/tools/bin/../lib/gcc/arm-none-eabi/9.3.1/../../../../arm-none-eabi/lib/thumb/v7e-m+fp/hard\libm.a
END GROUP
START GROUP
LOAD d:/programs/stmicroelectronics/stm32cubeide_1.7.0/stm32cubeide/plugins/com.st.stm32cube.ide.mcu.externaltools.gnu-tools-for-stm32.9-2020-q2-update.win32_2.0.0.202105311346/tools/bin/../lib/gcc/arm-none-eabi/9.3.1/thumb/v7e-m+fp/hard\libgcc.a
LOAD d:/programs/stmicroelectronics/stm32cubeide_1.7.0/stm32cubeide/plugins/com.st.stm32cube.ide.mcu.externaltools.gnu-tools-for-stm32.9-2020-q2-update.win32_2.0.0.202105311346/tools/bin/../lib/gcc/arm-none-eabi/9.3.1/../../../../arm-none-eabi/lib/thumb/v7e-m+fp/hard\libc_nano.a
END GROUP
START GROUP
LOAD d:/programs/stmicroelectronics/stm32cubeide_1.7.0/stm32cubeide/plugins/com.st.stm32cube.ide.mcu.externaltools.gnu-tools-for-stm32.9-2020-q2-update.win32_2.0.0.202105311346/tools/bin/../lib/gcc/arm-none-eabi/9.3.1/thumb/v7e-m+fp/hard\libgcc.a
LOAD d:/programs/stmicroelectronics/stm32cubeide_1.7.0/stm32cubeide/plugins/com.st.stm32cube.ide.mcu.externaltools.gnu-tools-for-stm32.9-2020-q2-update.win32_2.0.0.202105311346/tools/bin/../lib/gcc/arm-none-eabi/9.3.1/../../../../arm-none-eabi/lib/thumb/v7e-m+fp/hard\libc_nano.a
LOAD d:/programs/stmicroelectronics/stm32cubeide_1.7.0/stm32cubeide/plugins/com.st.stm32cube.ide.mcu.externaltools.gnu-tools-for-stm32.9-2020-q2-update.win32_2.0.0.202105311346/tools/bin/../lib/gcc/arm-none-eabi/9.3.1/../../../../arm-none-eabi/lib/thumb/v7e-m+fp/hard\libnosys.a
END GROUP
START GROUP
LOAD d:/programs/stmicroelectronics/stm32cubeide_1.7.0/stm32cubeide/plugins/com.st.stm32cube.ide.mcu.externaltools.gnu-tools-for-stm32.9-2020-q2-update.win32_2.0.0.202105311346/tools/bin/../lib/gcc/arm-none-eabi/9.3.1/thumb/v7e-m+fp/hard\libgcc.a
LOAD d:/programs/stmicroelectronics/stm32cubeide_1.7.0/stm32cubeide/plugins/com.st.stm32cube.ide.mcu.externaltools.gnu-tools-for-stm32.9-2020-q2-update.win32_2.0.0.202105311346/tools/bin/../lib/gcc/arm-none-eabi/9.3.1/../../../../arm-none-eabi/lib/thumb/v7e-m+fp/hard\libc_nano.a
LOAD d:/programs/stmicroelectronics/stm32cubeide_1.7.0/stm32cubeide/plugins/com.st.stm32cube.ide.mcu.externaltools.gnu-tools-for-stm32.9-2020-q2-update.win32_2.0.0.202105311346/tools/bin/../lib/gcc/arm-none-eabi/9.3.1/../../../../arm-none-eabi/lib/thumb/v7e-m+fp/hard\libnosys.a
END GROUP
LOAD d:/programs/stmicroelectronics/stm32cubeide_1.7.0/stm32cubeide/plugins/com.st.stm32cube.ide.mcu.externaltools.gnu-tools-for-stm32.9-2020-q2-update.win32_2.0.0.202105311346/tools/bin/../lib/gcc/arm-none-eabi/9.3.1/thumb/v7e-m+fp/hard/crtend.o
LOAD d:/programs/stmicroelectronics/stm32cubeide_1.7.0/stm32cubeide/plugins/com.st.stm32cube.ide.mcu.externaltools.gnu-tools-for-stm32.9-2020-q2-update.win32_2.0.0.202105311346/tools/bin/../lib/gcc/arm-none-eabi/9.3.1/thumb/v7e-m+fp/hard/crtn.o
                0x0000000020010000                _estack = (ORIGIN (RAM) + LENGTH (RAM))
                0x0000000000000200                _Min_Heap_Size = 0x200
                0x0000000000000400                _Min_Stack_Size = 0x400

.isr_vector     0x0000000008000000      0x194
                0x0000000008000000                . = ALIGN (0x4)
 *(.isr_vector)
 .isr_vector    0x0000000008000000      0x194 ./Core/Startup/startup_stm32f401ccux.o
                0x0000000008000000                g_pfnVectors
                0x0000000008000194                . = ALIGN (0x4)

.text           0x00000000080001a0     0x50e0
                0x00000000080001a0                . = ALIGN (0x4)
 *(.text)
 .text          0x00000000080001a0       0x40 d:/programs/stmicroelectronics/stm32cubeide_1.7.0/stm32cubeide/plugins/com.st.stm32cube.ide.mcu.externaltools.gnu-tools-for-stm32.9-2020-q2-update.win32_2.0.0.202105311346/tools/bin/../lib/gcc/arm-none-eabi/9.3.1/thumb/v7e-m+fp/hard/crtbegin.o
 .text          0x00000000080001e0       0xa0 d:/programs/stmicroelectronics/stm32cubeide_1.7.0/stm32cubeide/plugins/com.st.stm32cube.ide.mcu.externaltools.gnu-tools-for-stm32.9-2020-q2-update.win32_2.0.0.202105311346/tools/bin/../lib/gcc/arm-none-eabi/9.3.1/../../../../arm-none-eabi/lib/thumb/v7e-m+fp/hard\libc_nano.a(lib_a-memchr.o)
                0x00000000080001e0                memchr
 .text          0x0000000008000280      0x254 d:/programs/stmicroelectronics/stm32cubeide_1.7.0/stm32cubeide/plugins/com.st.stm32cube.ide.mcu.externaltools.gnu-tools-for-stm32.9-2020-q2-update.win32_2.0.0.202105311346/tools/bin/../lib/gcc/arm-none-eabi/9.3.1/thumb/v7e-m+fp/hard\libgcc.a(_arm_muldf3.o)
                0x0000000008000280                __muldf3
                0x0000000008000280                __aeabi_dmul
 .text          0x00000000080004d4      0x378 d:/programs/stmicroelectronics/stm32cubeide_1.7.0/stm32cubeide/plugins/com.st.stm32cube.ide.mcu.externaltools.gnu-tools-for-stm32.9-2020-q2-update.win32_2.0.0.202105311346/tools/bin/../lib/gcc/arm-none-eabi/9.3.1/thumb/v7e-m+fp/hard\libgcc.a(_arm_addsubdf3.o)
                0x00000000080004d4                __aeabi_drsub
                0x00000000080004dc                __aeabi_dsub
                0x00000000080004dc                __subdf3
                0x00000000080004e0                __aeabi_dadd
                0x00000000080004e0                __adddf3
                0x0000000008000758                __floatunsidf
                0x0000000008000758                __aeabi_ui2d
                0x0000000008000778                __floatsidf
                0x0000000008000778                __aeabi_i2d
                0x000000000800079c                __aeabi_f2d
                0x000000000800079c                __extendsfdf2
                0x00000000080007e0                __floatundidf
                0x00000000080007e0                __aeabi_ul2d
                0x00000000080007f0                __floatdidf
                0x00000000080007f0                __aeabi_l2d
 .text          0x000000000800084c       0x40 d:/programs/stmicroelectronics/stm32cubeide_1.7.0/stm32cubeide/plugins/com.st.stm32cube.ide.mcu.externaltools.gnu-tools-for-stm32.9-2020-q2-update.win32_2.0.0.202105311346/tools/bin/../lib/gcc/arm-none-eabi/9.3.1/thumb/v7e-m+fp/hard\libgcc.a(_arm_fixunsdfsi.o)
                0x000000000800084c                __aeabi_d2uiz
                0x000000000800084c                __fixunsdfsi
 .text          0x000000000800088c       0x30 d:/programs/stmicroelectronics/stm32cubeide_1.7.0/stm32cubeide/plugins/com.st.stm32cube.ide.mcu.externaltools.gnu-tools-for-stm32.9-2020-q2-update.win32_2.0.0.202105311346/tools/bin/../lib/gcc/arm-none-eabi/9.3.1/thumb/v7e-m+fp/hard\libgcc.a(_aeabi_uldivmod.o)
                0x000000000800088c                __aeabi_uldivmod
 .text          0x00000000080008bc      0x2c4 d:/programs/stmicroelectronics/stm32cubeide_1.7.0/stm32cubeide/plugins/com.st.stm32cube.ide.mcu.externaltools.gnu-tools-for-stm32.9-2020-q2-update.win32_2.0.0.202105311346/tools/bin/../lib/gcc/arm-none-eabi/9.3.1/thumb/v7e-m+fp/hard\libgcc.a(_udivmoddi4.o)
                0x00000000080008bc                __udivmoddi4
 .text          0x0000000008000b80        0x4 d:/programs/stmicroelectronics/stm32cubeide_1.7.0/stm32cubeide/plugins/com.st.stm32cube.ide.mcu.externaltools.gnu-tools-for-stm32.9-2020-q2-update.win32_2.0.0.202105311346/tools/bin/../lib/gcc/arm-none-eabi/9.3.1/thumb/v7e-m+fp/hard\libgcc.a(_dvmd_tls.o)
                0x0000000008000b80                __aeabi_idiv0
                0x0000000008000b80                __aeabi_ldiv0
 *(.text*)
 .text.AD9833_Select
                0x0000000008000b84       0x18 ./AD9833/Src/AD9833.o
                0x0000000008000b84                AD9833_Select
 .text.AD9833_Unselect
                0x0000000008000b9c       0x18 ./AD9833/Src/AD9833.o
                0x0000000008000b9c                AD9833_Unselect
 .text.AD9833_WriteRegister
                0x0000000008000bb4       0x50 ./AD9833/Src/AD9833.o
                0x0000000008000bb4                AD9833_WriteRegister
 .text.AD9833_WriteCfgReg
                0x0000000008000c04       0x9c ./AD9833/Src/AD9833.o
                0x0000000008000c04                AD9833_WriteCfgReg
 .text.AD9833_SetWaveform
                0x0000000008000ca0       0x44 ./AD9833/Src/AD9833.o
                0x0000000008000ca0                AD9833_SetWaveform
 .text.AD9833_SetFrequency
                0x0000000008000ce4       0x6c ./AD9833/Src/AD9833.o
                0x0000000008000ce4                AD9833_SetFrequency
 .text.AD9833_SetPhase
                0x0000000008000d50       0x7c ./AD9833/Src/AD9833.o
                0x0000000008000d50                AD9833_SetPhase
 .text.AD9833_Init
                0x0000000008000dcc       0x3e ./AD9833/Src/AD9833.o
                0x0000000008000dcc                AD9833_Init
 *fill*         0x0000000008000e0a        0x2 
 .text.AD9833_OutputEnable
                0x0000000008000e0c       0x2c ./AD9833/Src/AD9833.o
                0x0000000008000e0c                AD9833_OutputEnable
 .text.Encoder_Init
                0x0000000008000e38       0x14 ./Core/Src/encoder.o
                0x0000000008000e38                Encoder_Init
 .text.Encoder_Read
                0x0000000008000e4c       0x28 ./Core/Src/encoder.o
                0x0000000008000e4c                Encoder_Read
 .text.Encoder_Get_Status
                0x0000000008000e74       0x6c ./Core/Src/encoder.o
                0x0000000008000e74                Encoder_Get_Status
 .text.Button_Get_Status
                0x0000000008000ee0      0x110 ./Core/Src/encoder.o
                0x0000000008000ee0                Button_Get_Status
 .text.MX_GPIO_Init
                0x0000000008000ff0       0xc4 ./Core/Src/gpio.o
                0x0000000008000ff0                MX_GPIO_Init
 .text.main     0x00000000080010b4      0x524 ./Core/Src/main.o
                0x00000000080010b4                main
 .text.Edit_Frequency
                0x00000000080015d8       0x8c ./Core/Src/main.o
                0x00000000080015d8                Edit_Frequency
 .text.Change_Position
                0x0000000008001664       0x84 ./Core/Src/main.o
                0x0000000008001664                Change_Position
 .text.int_pow  0x00000000080016e8       0x4a ./Core/Src/main.o
                0x00000000080016e8                int_pow
 *fill*         0x0000000008001732        0x2 
 .text.SystemClock_Config
                0x0000000008001734       0xd4 ./Core/Src/main.o
                0x0000000008001734                SystemClock_Config
 .text.Error_Handler
                0x0000000008001808        0xa ./Core/Src/main.o
                0x0000000008001808                Error_Handler
 *fill*         0x0000000008001812        0x2 
 .text.MX_SPI1_Init
                0x0000000008001814       0x6c ./Core/Src/spi.o
                0x0000000008001814                MX_SPI1_Init
 .text.MX_SPI2_Init
                0x0000000008001880       0x6c ./Core/Src/spi.o
                0x0000000008001880                MX_SPI2_Init
 .text.HAL_SPI_MspInit
                0x00000000080018ec       0xfc ./Core/Src/spi.o
                0x00000000080018ec                HAL_SPI_MspInit
 .text.HAL_MspInit
                0x00000000080019e8       0x50 ./Core/Src/stm32f4xx_hal_msp.o
                0x00000000080019e8                HAL_MspInit
 .text.NMI_Handler
                0x0000000008001a38        0x6 ./Core/Src/stm32f4xx_it.o
                0x0000000008001a38                NMI_Handler
 .text.HardFault_Handler
                0x0000000008001a3e        0x6 ./Core/Src/stm32f4xx_it.o
                0x0000000008001a3e                HardFault_Handler
 .text.MemManage_Handler
                0x0000000008001a44        0x6 ./Core/Src/stm32f4xx_it.o
                0x0000000008001a44                MemManage_Handler
 .text.BusFault_Handler
                0x0000000008001a4a        0x6 ./Core/Src/stm32f4xx_it.o
                0x0000000008001a4a                BusFault_Handler
 .text.UsageFault_Handler
                0x0000000008001a50        0x6 ./Core/Src/stm32f4xx_it.o
                0x0000000008001a50                UsageFault_Handler
 .text.SVC_Handler
                0x0000000008001a56        0xe ./Core/Src/stm32f4xx_it.o
                0x0000000008001a56                SVC_Handler
 .text.DebugMon_Handler
                0x0000000008001a64        0xe ./Core/Src/stm32f4xx_it.o
                0x0000000008001a64                DebugMon_Handler
 .text.PendSV_Handler
                0x0000000008001a72        0xe ./Core/Src/stm32f4xx_it.o
                0x0000000008001a72                PendSV_Handler
 .text.SysTick_Handler
                0x0000000008001a80        0xc ./Core/Src/stm32f4xx_it.o
                0x0000000008001a80                SysTick_Handler
 .text._sbrk    0x0000000008001a8c       0x6c ./Core/Src/sysmem.o
                0x0000000008001a8c                _sbrk
 .text.SystemInit
                0x0000000008001af8       0x24 ./Core/Src/system_stm32f4xx.o
                0x0000000008001af8                SystemInit
 .text.MX_TIM1_Init
                0x0000000008001b1c       0xb0 ./Core/Src/tim.o
                0x0000000008001b1c                MX_TIM1_Init
 .text.HAL_TIM_Encoder_MspInit
                0x0000000008001bcc       0x90 ./Core/Src/tim.o
                0x0000000008001bcc                HAL_TIM_Encoder_MspInit
 .text.Reset_Handler
                0x0000000008001c5c       0x50 ./Core/Startup/startup_stm32f401ccux.o
                0x0000000008001c5c                Reset_Handler
 .text.Default_Handler
                0x0000000008001cac        0x2 ./Core/Startup/startup_stm32f401ccux.o
                0x0000000008001cac                RTC_Alarm_IRQHandler
                0x0000000008001cac                EXTI2_IRQHandler
                0x0000000008001cac                SPI4_IRQHandler
                0x0000000008001cac                TIM1_CC_IRQHandler
                0x0000000008001cac                DMA2_Stream5_IRQHandler
                0x0000000008001cac                DMA1_Stream5_IRQHandler
                0x0000000008001cac                PVD_IRQHandler
                0x0000000008001cac                SDIO_IRQHandler
                0x0000000008001cac                TAMP_STAMP_IRQHandler
                0x0000000008001cac                EXTI3_IRQHandler
                0x0000000008001cac                TIM1_UP_TIM10_IRQHandler
                0x0000000008001cac                I2C3_ER_IRQHandler
                0x0000000008001cac                EXTI0_IRQHandler
                0x0000000008001cac                I2C2_EV_IRQHandler
                0x0000000008001cac                DMA1_Stream2_IRQHandler
                0x0000000008001cac                FPU_IRQHandler
                0x0000000008001cac                DMA2_Stream2_IRQHandler
                0x0000000008001cac                SPI1_IRQHandler
                0x0000000008001cac                TIM1_BRK_TIM9_IRQHandler
                0x0000000008001cac                DMA2_Stream3_IRQHandler
                0x0000000008001cac                USART6_IRQHandler
                0x0000000008001cac                DMA2_Stream0_IRQHandler
                0x0000000008001cac                TIM4_IRQHandler
                0x0000000008001cac                I2C1_EV_IRQHandler
                0x0000000008001cac                DMA1_Stream6_IRQHandler
                0x0000000008001cac                DMA1_Stream1_IRQHandler
                0x0000000008001cac                TIM3_IRQHandler
                0x0000000008001cac                RCC_IRQHandler
                0x0000000008001cac                Default_Handler
                0x0000000008001cac                EXTI15_10_IRQHandler
                0x0000000008001cac                ADC_IRQHandler
                0x0000000008001cac                DMA1_Stream7_IRQHandler
                0x0000000008001cac                TIM5_IRQHandler
                0x0000000008001cac                DMA2_Stream7_IRQHandler
                0x0000000008001cac                I2C3_EV_IRQHandler
                0x0000000008001cac                EXTI9_5_IRQHandler
                0x0000000008001cac                RTC_WKUP_IRQHandler
                0x0000000008001cac                SPI2_IRQHandler
                0x0000000008001cac                DMA1_Stream0_IRQHandler
                0x0000000008001cac                EXTI4_IRQHandler
                0x0000000008001cac                WWDG_IRQHandler
                0x0000000008001cac                TIM2_IRQHandler
                0x0000000008001cac                OTG_FS_WKUP_IRQHandler
                0x0000000008001cac                TIM1_TRG_COM_TIM11_IRQHandler
                0x0000000008001cac                EXTI1_IRQHandler
                0x0000000008001cac                USART2_IRQHandler
                0x0000000008001cac                I2C2_ER_IRQHandler
                0x0000000008001cac                DMA2_Stream1_IRQHandler
                0x0000000008001cac                FLASH_IRQHandler
                0x0000000008001cac                DMA2_Stream4_IRQHandler
                0x0000000008001cac                USART1_IRQHandler
                0x0000000008001cac                OTG_FS_IRQHandler
                0x0000000008001cac                SPI3_IRQHandler
                0x0000000008001cac                DMA1_Stream4_IRQHandler
                0x0000000008001cac                I2C1_ER_IRQHandler
                0x0000000008001cac                DMA2_Stream6_IRQHandler
                0x0000000008001cac                DMA1_Stream3_IRQHandler
 *fill*         0x0000000008001cae        0x2 
 .text.HAL_Init
                0x0000000008001cb0       0x44 ./Drivers/STM32F4xx_HAL_Driver/Src/stm32f4xx_hal.o
                0x0000000008001cb0                HAL_Init
 .text.HAL_InitTick
                0x0000000008001cf4       0x60 ./Drivers/STM32F4xx_HAL_Driver/Src/stm32f4xx_hal.o
                0x0000000008001cf4                HAL_InitTick
 .text.HAL_IncTick
                0x0000000008001d54       0x28 ./Drivers/STM32F4xx_HAL_Driver/Src/stm32f4xx_hal.o
                0x0000000008001d54                HAL_IncTick
 .text.HAL_GetTick
                0x0000000008001d7c       0x18 ./Drivers/STM32F4xx_HAL_Driver/Src/stm32f4xx_hal.o
                0x0000000008001d7c                HAL_GetTick
 .text.HAL_Delay
                0x0000000008001d94       0x48 ./Drivers/STM32F4xx_HAL_Driver/Src/stm32f4xx_hal.o
                0x0000000008001d94                HAL_Delay
 .text.__NVIC_SetPriorityGrouping
                0x0000000008001ddc       0x48 ./Drivers/STM32F4xx_HAL_Driver/Src/stm32f4xx_hal_cortex.o
 .text.__NVIC_GetPriorityGrouping
                0x0000000008001e24       0x1c ./Drivers/STM32F4xx_HAL_Driver/Src/stm32f4xx_hal_cortex.o
 .text.__NVIC_SetPriority
                0x0000000008001e40       0x54 ./Drivers/STM32F4xx_HAL_Driver/Src/stm32f4xx_hal_cortex.o
 .text.NVIC_EncodePriority
                0x0000000008001e94       0x66 ./Drivers/STM32F4xx_HAL_Driver/Src/stm32f4xx_hal_cortex.o
 *fill*         0x0000000008001efa        0x2 
 .text.SysTick_Config
                0x0000000008001efc       0x44 ./Drivers/STM32F4xx_HAL_Driver/Src/stm32f4xx_hal_cortex.o
 .text.HAL_NVIC_SetPriorityGrouping
                0x0000000008001f40       0x16 ./Drivers/STM32F4xx_HAL_Driver/Src/stm32f4xx_hal_cortex.o
                0x0000000008001f40                HAL_NVIC_SetPriorityGrouping
 .text.HAL_NVIC_SetPriority
                0x0000000008001f56       0x38 ./Drivers/STM32F4xx_HAL_Driver/Src/stm32f4xx_hal_cortex.o
                0x0000000008001f56                HAL_NVIC_SetPriority
 .text.HAL_SYSTICK_Config
                0x0000000008001f8e       0x18 ./Drivers/STM32F4xx_HAL_Driver/Src/stm32f4xx_hal_cortex.o
                0x0000000008001f8e                HAL_SYSTICK_Config
 *fill*         0x0000000008001fa6        0x2 
 .text.HAL_GPIO_Init
                0x0000000008001fa8      0x308 ./Drivers/STM32F4xx_HAL_Driver/Src/stm32f4xx_hal_gpio.o
                0x0000000008001fa8                HAL_GPIO_Init
 .text.HAL_GPIO_ReadPin
                0x00000000080022b0       0x30 ./Drivers/STM32F4xx_HAL_Driver/Src/stm32f4xx_hal_gpio.o
                0x00000000080022b0                HAL_GPIO_ReadPin
 .text.HAL_GPIO_WritePin
                0x00000000080022e0       0x32 ./Drivers/STM32F4xx_HAL_Driver/Src/stm32f4xx_hal_gpio.o
                0x00000000080022e0                HAL_GPIO_WritePin
 *fill*         0x0000000008002312        0x2 
 .text.HAL_RCC_OscConfig
                0x0000000008002314      0x4f0 ./Drivers/STM32F4xx_HAL_Driver/Src/stm32f4xx_hal_rcc.o
                0x0000000008002314                HAL_RCC_OscConfig
 .text.HAL_RCC_ClockConfig
                0x0000000008002804      0x1cc ./Drivers/STM32F4xx_HAL_Driver/Src/stm32f4xx_hal_rcc.o
                0x0000000008002804                HAL_RCC_ClockConfig
 .text.HAL_RCC_GetSysClockFreq
                0x00000000080029d0      0x16c ./Drivers/STM32F4xx_HAL_Driver/Src/stm32f4xx_hal_rcc.o
                0x00000000080029d0                HAL_RCC_GetSysClockFreq
 .text.HAL_SPI_Init
                0x0000000008002b3c      0x112 ./Drivers/STM32F4xx_HAL_Driver/Src/stm32f4xx_hal_spi.o
                0x0000000008002b3c                HAL_SPI_Init
 .text.HAL_SPI_Transmit
                0x0000000008002c4e      0x278 ./Drivers/STM32F4xx_HAL_Driver/Src/stm32f4xx_hal_spi.o
                0x0000000008002c4e                HAL_SPI_Transmit
 *fill*         0x0000000008002ec6        0x2 
 .text.SPI_WaitFlagStateUntilTimeout
                0x0000000008002ec8      0x110 ./Drivers/STM32F4xx_HAL_Driver/Src/stm32f4xx_hal_spi.o
 .text.SPI_EndRxTxTransaction
                0x0000000008002fd8       0x84 ./Drivers/STM32F4xx_HAL_Driver/Src/stm32f4xx_hal_spi.o
 .text.HAL_TIM_Encoder_Init
                0x000000000800305c      0x14c ./Drivers/STM32F4xx_HAL_Driver/Src/stm32f4xx_hal_tim.o
                0x000000000800305c                HAL_TIM_Encoder_Init
 .text.HAL_TIM_Encoder_Start
                0x00000000080031a8      0x11c ./Drivers/STM32F4xx_HAL_Driver/Src/stm32f4xx_hal_tim.o
                0x00000000080031a8                HAL_TIM_Encoder_Start
 .text.TIM_Base_SetConfig
                0x00000000080032c4      0x100 ./Drivers/STM32F4xx_HAL_Driver/Src/stm32f4xx_hal_tim.o
                0x00000000080032c4                TIM_Base_SetConfig
 .text.TIM_CCxChannelCmd
                0x00000000080033c4       0x4a ./Drivers/STM32F4xx_HAL_Driver/Src/stm32f4xx_hal_tim.o
                0x00000000080033c4                TIM_CCxChannelCmd
 *fill*         0x000000000800340e        0x2 
 .text.HAL_TIMEx_MasterConfigSynchronization
                0x0000000008003410       0xdc ./Drivers/STM32F4xx_HAL_Driver/Src/stm32f4xx_hal_tim_ex.o
                0x0000000008003410                HAL_TIMEx_MasterConfigSynchronization
 .text.ST7735_Select
                0x00000000080034ec       0x18 ./st7735/Src/st7735.o
 .text.ST7735_Unselect
                0x0000000008003504       0x18 ./st7735/Src/st7735.o
                0x0000000008003504                ST7735_Unselect
 .text.ST7735_Reset
                0x000000000800351c       0x28 ./st7735/Src/st7735.o
 .text.ST7735_WriteCommand
                0x0000000008003544       0x34 ./st7735/Src/st7735.o
 .text.ST7735_WriteData
                0x0000000008003578       0x38 ./st7735/Src/st7735.o
 .text.ST7735_ExecuteCommandList
                0x00000000080035b0       0x92 ./st7735/Src/st7735.o
 .text.ST7735_SetAddressWindow
                0x0000000008003642       0x68 ./st7735/Src/st7735.o
 *fill*         0x00000000080036aa        0x2 
 .text.ST7735_Init
                0x00000000080036ac       0x34 ./st7735/Src/st7735.o
                0x00000000080036ac                ST7735_Init
 .text.ST7735_DrawPixel
                0x00000000080036e0       0x68 ./st7735/Src/st7735.o
                0x00000000080036e0                ST7735_DrawPixel
 .text.ST7735_WriteChar
                0x0000000008003748       0xee ./st7735/Src/st7735.o
 .text.ST7735_WriteString
                0x0000000008003836       0x94 ./st7735/Src/st7735.o
                0x0000000008003836                ST7735_WriteString
 .text.ST7735_WriteStringWithSelect
                0x00000000080038ca       0xf0 ./st7735/Src/st7735.o
                0x00000000080038ca                ST7735_WriteStringWithSelect
 *fill*         0x00000000080039ba        0x2 
 .text.ST7735_FillRectangle
                0x00000000080039bc       0xe8 ./st7735/Src/st7735.o
                0x00000000080039bc                ST7735_FillRectangle
 .text.ST7735_FillScreen
                0x0000000008003aa4       0x22 ./st7735/Src/st7735.o
                0x0000000008003aa4                ST7735_FillScreen
 .text.ST7735_DrawImage
                0x0000000008003ac6       0x98 ./st7735/Src/st7735.o
                0x0000000008003ac6                ST7735_DrawImage
 .text.ST7735_DrawHLine
                0x0000000008003b5e       0x76 ./st7735/Src/st7735.o
                0x0000000008003b5e                ST7735_DrawHLine
 .text.ST7735_DrawVLine
                0x0000000008003bd4       0x76 ./st7735/Src/st7735.o
                0x0000000008003bd4                ST7735_DrawVLine
 .text.ST7735_DrawLine
                0x0000000008003c4a      0x1ce ./st7735/Src/st7735.o
                0x0000000008003c4a                ST7735_DrawLine
 .text.ST7735_drawCircleHelper
                0x0000000008003e18      0x188 ./st7735/Src/st7735.o
                0x0000000008003e18                ST7735_drawCircleHelper
 .text.ST7735_drawRoundRect
                0x0000000008003fa0      0x1ee ./st7735/Src/st7735.o
                0x0000000008003fa0                ST7735_drawRoundRect
 .text.SquareIcon
                0x000000000800418e       0xe2 ./st7735/Src/st7735.o
                0x000000000800418e                SquareIcon
 .text.TriangleIcon
                0x0000000008004270      0x12a ./st7735/Src/st7735.o
                0x0000000008004270                TriangleIcon
 .text.SineIcon
                0x000000000800439a      0x60e ./st7735/Src/st7735.o
                0x000000000800439a                SineIcon
 .text.__errno  0x00000000080049a8        0xc d:/programs/stmicroelectronics/stm32cubeide_1.7.0/stm32cubeide/plugins/com.st.stm32cube.ide.mcu.externaltools.gnu-tools-for-stm32.9-2020-q2-update.win32_2.0.0.202105311346/tools/bin/../lib/gcc/arm-none-eabi/9.3.1/../../../../arm-none-eabi/lib/thumb/v7e-m+fp/hard\libc_nano.a(lib_a-errno.o)
                0x00000000080049a8                __errno
 .text.__libc_init_array
                0x00000000080049b4       0x48 d:/programs/stmicroelectronics/stm32cubeide_1.7.0/stm32cubeide/plugins/com.st.stm32cube.ide.mcu.externaltools.gnu-tools-for-stm32.9-2020-q2-update.win32_2.0.0.202105311346/tools/bin/../lib/gcc/arm-none-eabi/9.3.1/../../../../arm-none-eabi/lib/thumb/v7e-m+fp/hard\libc_nano.a(lib_a-init.o)
                0x00000000080049b4                __libc_init_array
 .text.memset   0x00000000080049fc       0x10 d:/programs/stmicroelectronics/stm32cubeide_1.7.0/stm32cubeide/plugins/com.st.stm32cube.ide.mcu.externaltools.gnu-tools-for-stm32.9-2020-q2-update.win32_2.0.0.202105311346/tools/bin/../lib/gcc/arm-none-eabi/9.3.1/../../../../arm-none-eabi/lib/thumb/v7e-m+fp/hard\libc_nano.a(lib_a-memset.o)
                0x00000000080049fc                memset
 .text.sprintf  0x0000000008004a0c       0x40 d:/programs/stmicroelectronics/stm32cubeide_1.7.0/stm32cubeide/plugins/com.st.stm32cube.ide.mcu.externaltools.gnu-tools-for-stm32.9-2020-q2-update.win32_2.0.0.202105311346/tools/bin/../lib/gcc/arm-none-eabi/9.3.1/../../../../arm-none-eabi/lib/thumb/v7e-m+fp/hard\libc_nano.a(lib_a-sprintf.o)
                0x0000000008004a0c                siprintf
                0x0000000008004a0c                sprintf
 .text.__ssputs_r
                0x0000000008004a4c       0xb6 d:/programs/stmicroelectronics/stm32cubeide_1.7.0/stm32cubeide/plugins/com.st.stm32cube.ide.mcu.externaltools.gnu-tools-for-stm32.9-2020-q2-update.win32_2.0.0.202105311346/tools/bin/../lib/gcc/arm-none-eabi/9.3.1/../../../../arm-none-eabi/lib/thumb/v7e-m+fp/hard\libc_nano.a(lib_a-nano-svfprintf.o)
                0x0000000008004a4c                __ssputs_r
 *fill*         0x0000000008004b02        0x2 
 .text._svfprintf_r
                0x0000000008004b04      0x200 d:/programs/stmicroelectronics/stm32cubeide_1.7.0/stm32cubeide/plugins/com.st.stm32cube.ide.mcu.externaltools.gnu-tools-for-stm32.9-2020-q2-update.win32_2.0.0.202105311346/tools/bin/../lib/gcc/arm-none-eabi/9.3.1/../../../../arm-none-eabi/lib/thumb/v7e-m+fp/hard\libc_nano.a(lib_a-nano-svfprintf.o)
                0x0000000008004b04                _svfiprintf_r
                0x0000000008004b04                _svfprintf_r
 .text._printf_common
                0x0000000008004d04       0xda d:/programs/stmicroelectronics/stm32cubeide_1.7.0/stm32cubeide/plugins/com.st.stm32cube.ide.mcu.externaltools.gnu-tools-for-stm32.9-2020-q2-update.win32_2.0.0.202105311346/tools/bin/../lib/gcc/arm-none-eabi/9.3.1/../../../../arm-none-eabi/lib/thumb/v7e-m+fp/hard\libc_nano.a(lib_a-nano-vfprintf_i.o)
                0x0000000008004d04                _printf_common
 *fill*         0x0000000008004dde        0x2 
 .text._printf_i
                0x0000000008004de0      0x24c d:/programs/stmicroelectronics/stm32cubeide_1.7.0/stm32cubeide/plugins/com.st.stm32cube.ide.mcu.externaltools.gnu-tools-for-stm32.9-2020-q2-update.win32_2.0.0.202105311346/tools/bin/../lib/gcc/arm-none-eabi/9.3.1/../../../../arm-none-eabi/lib/thumb/v7e-m+fp/hard\libc_nano.a(lib_a-nano-vfprintf_i.o)
                0x0000000008004de0                _printf_i
 .text.memcpy   0x000000000800502c       0x1c d:/programs/stmicroelectronics/stm32cubeide_1.7.0/stm32cubeide/plugins/com.st.stm32cube.ide.mcu.externaltools.gnu-tools-for-stm32.9-2020-q2-update.win32_2.0.0.202105311346/tools/bin/../lib/gcc/arm-none-eabi/9.3.1/../../../../arm-none-eabi/lib/thumb/v7e-m+fp/hard\libc_nano.a(lib_a-memcpy-stub.o)
                0x000000000800502c                memcpy
 .text.memmove  0x0000000008005048       0x34 d:/programs/stmicroelectronics/stm32cubeide_1.7.0/stm32cubeide/plugins/com.st.stm32cube.ide.mcu.externaltools.gnu-tools-for-stm32.9-2020-q2-update.win32_2.0.0.202105311346/tools/bin/../lib/gcc/arm-none-eabi/9.3.1/../../../../arm-none-eabi/lib/thumb/v7e-m+fp/hard\libc_nano.a(lib_a-memmove.o)
                0x0000000008005048                memmove
 .text._free_r  0x000000000800507c       0xa0 d:/programs/stmicroelectronics/stm32cubeide_1.7.0/stm32cubeide/plugins/com.st.stm32cube.ide.mcu.externaltools.gnu-tools-for-stm32.9-2020-q2-update.win32_2.0.0.202105311346/tools/bin/../lib/gcc/arm-none-eabi/9.3.1/../../../../arm-none-eabi/lib/thumb/v7e-m+fp/hard\libc_nano.a(lib_a-nano-freer.o)
                0x000000000800507c                _free_r
 .text._malloc_r
                0x000000000800511c       0xb4 d:/programs/stmicroelectronics/stm32cubeide_1.7.0/stm32cubeide/plugins/com.st.stm32cube.ide.mcu.externaltools.gnu-tools-for-stm32.9-2020-q2-update.win32_2.0.0.202105311346/tools/bin/../lib/gcc/arm-none-eabi/9.3.1/../../../../arm-none-eabi/lib/thumb/v7e-m+fp/hard\libc_nano.a(lib_a-nano-mallocr.o)
                0x000000000800511c                _malloc_r
 .text._realloc_r
                0x00000000080051d0       0x4c d:/programs/stmicroelectronics/stm32cubeide_1.7.0/stm32cubeide/plugins/com.st.stm32cube.ide.mcu.externaltools.gnu-tools-for-stm32.9-2020-q2-update.win32_2.0.0.202105311346/tools/bin/../lib/gcc/arm-none-eabi/9.3.1/../../../../arm-none-eabi/lib/thumb/v7e-m+fp/hard\libc_nano.a(lib_a-nano-reallocr.o)
                0x00000000080051d0                _realloc_r
 .text._sbrk_r  0x000000000800521c       0x20 d:/programs/stmicroelectronics/stm32cubeide_1.7.0/stm32cubeide/plugins/com.st.stm32cube.ide.mcu.externaltools.gnu-tools-for-stm32.9-2020-q2-update.win32_2.0.0.202105311346/tools/bin/../lib/gcc/arm-none-eabi/9.3.1/../../../../arm-none-eabi/lib/thumb/v7e-m+fp/hard\libc_nano.a(lib_a-sbrkr.o)
                0x000000000800521c                _sbrk_r
 .text.__malloc_lock
                0x000000000800523c        0xc d:/programs/stmicroelectronics/stm32cubeide_1.7.0/stm32cubeide/plugins/com.st.stm32cube.ide.mcu.externaltools.gnu-tools-for-stm32.9-2020-q2-update.win32_2.0.0.202105311346/tools/bin/../lib/gcc/arm-none-eabi/9.3.1/../../../../arm-none-eabi/lib/thumb/v7e-m+fp/hard\libc_nano.a(lib_a-mlock.o)
                0x000000000800523c                __malloc_lock
 .text.__malloc_unlock
                0x0000000008005248        0xc d:/programs/stmicroelectronics/stm32cubeide_1.7.0/stm32cubeide/plugins/com.st.stm32cube.ide.mcu.externaltools.gnu-tools-for-stm32.9-2020-q2-update.win32_2.0.0.202105311346/tools/bin/../lib/gcc/arm-none-eabi/9.3.1/../../../../arm-none-eabi/lib/thumb/v7e-m+fp/hard\libc_nano.a(lib_a-mlock.o)
                0x0000000008005248                __malloc_unlock
 .text._malloc_usable_size_r
                0x0000000008005254       0x10 d:/programs/stmicroelectronics/stm32cubeide_1.7.0/stm32cubeide/plugins/com.st.stm32cube.ide.mcu.externaltools.gnu-tools-for-stm32.9-2020-q2-update.win32_2.0.0.202105311346/tools/bin/../lib/gcc/arm-none-eabi/9.3.1/../../../../arm-none-eabi/lib/thumb/v7e-m+fp/hard\libc_nano.a(lib_a-nano-msizer.o)
                0x0000000008005254                _malloc_usable_size_r
 .text.__retarget_lock_acquire_recursive
                0x0000000008005264        0x2 d:/programs/stmicroelectronics/stm32cubeide_1.7.0/stm32cubeide/plugins/com.st.stm32cube.ide.mcu.externaltools.gnu-tools-for-stm32.9-2020-q2-update.win32_2.0.0.202105311346/tools/bin/../lib/gcc/arm-none-eabi/9.3.1/../../../../arm-none-eabi/lib/thumb/v7e-m+fp/hard\libc_nano.a(lib_a-lock.o)
                0x0000000008005264                __retarget_lock_acquire_recursive
 .text.__retarget_lock_release_recursive
                0x0000000008005266        0x2 d:/programs/stmicroelectronics/stm32cubeide_1.7.0/stm32cubeide/plugins/com.st.stm32cube.ide.mcu.externaltools.gnu-tools-for-stm32.9-2020-q2-update.win32_2.0.0.202105311346/tools/bin/../lib/gcc/arm-none-eabi/9.3.1/../../../../arm-none-eabi/lib/thumb/v7e-m+fp/hard\libc_nano.a(lib_a-lock.o)
                0x0000000008005266                __retarget_lock_release_recursive
 *(.glue_7)
 .glue_7        0x0000000008005268        0x0 linker stubs
 *(.glue_7t)
 .glue_7t       0x0000000008005268        0x0 linker stubs
 *(.eh_frame)
 .eh_frame      0x0000000008005268        0x0 d:/programs/stmicroelectronics/stm32cubeide_1.7.0/stm32cubeide/plugins/com.st.stm32cube.ide.mcu.externaltools.gnu-tools-for-stm32.9-2020-q2-update.win32_2.0.0.202105311346/tools/bin/../lib/gcc/arm-none-eabi/9.3.1/thumb/v7e-m+fp/hard/crtbegin.o
 *(.init)
 .init          0x0000000008005268        0x4 d:/programs/stmicroelectronics/stm32cubeide_1.7.0/stm32cubeide/plugins/com.st.stm32cube.ide.mcu.externaltools.gnu-tools-for-stm32.9-2020-q2-update.win32_2.0.0.202105311346/tools/bin/../lib/gcc/arm-none-eabi/9.3.1/thumb/v7e-m+fp/hard/crti.o
                0x0000000008005268                _init
 .init          0x000000000800526c        0x8 d:/programs/stmicroelectronics/stm32cubeide_1.7.0/stm32cubeide/plugins/com.st.stm32cube.ide.mcu.externaltools.gnu-tools-for-stm32.9-2020-q2-update.win32_2.0.0.202105311346/tools/bin/../lib/gcc/arm-none-eabi/9.3.1/thumb/v7e-m+fp/hard/crtn.o
 *(.fini)
 .fini          0x0000000008005274        0x4 d:/programs/stmicroelectronics/stm32cubeide_1.7.0/stm32cubeide/plugins/com.st.stm32cube.ide.mcu.externaltools.gnu-tools-for-stm32.9-2020-q2-update.win32_2.0.0.202105311346/tools/bin/../lib/gcc/arm-none-eabi/9.3.1/thumb/v7e-m+fp/hard/crti.o
                0x0000000008005274                _fini
 .fini          0x0000000008005278        0x8 d:/programs/stmicroelectronics/stm32cubeide_1.7.0/stm32cubeide/plugins/com.st.stm32cube.ide.mcu.externaltools.gnu-tools-for-stm32.9-2020-q2-update.win32_2.0.0.202105311346/tools/bin/../lib/gcc/arm-none-eabi/9.3.1/thumb/v7e-m+fp/hard/crtn.o
                0x0000000008005280                . = ALIGN (0x4)
                0x0000000008005280                _etext = .

.vfp11_veneer   0x0000000008005280        0x0
 .vfp11_veneer  0x0000000008005280        0x0 linker stubs

.v4_bx          0x0000000008005280        0x0
 .v4_bx         0x0000000008005280        0x0 linker stubs

.iplt           0x0000000008005280        0x0
 .iplt          0x0000000008005280        0x0 d:/programs/stmicroelectronics/stm32cubeide_1.7.0/stm32cubeide/plugins/com.st.stm32cube.ide.mcu.externaltools.gnu-tools-for-stm32.9-2020-q2-update.win32_2.0.0.202105311346/tools/bin/../lib/gcc/arm-none-eabi/9.3.1/thumb/v7e-m+fp/hard/crtbegin.o

.rodata         0x0000000008005280     0x160c
                0x0000000008005280                . = ALIGN (0x4)
 *(.rodata)
 .rodata        0x0000000008005280       0x87 ./Core/Src/main.o
 *(.rodata*)
 *fill*         0x0000000008005307        0x1 
 .rodata.AHBPrescTable
                0x0000000008005308       0x10 ./Core/Src/system_stm32f4xx.o
                0x0000000008005308                AHBPrescTable
 .rodata.Font7x10
                0x0000000008005318      0x76c ./st7735/Src/fonts.o
 .rodata.Font12x18
                0x0000000008005a84      0xd5c ./st7735/Src/fonts.o
 .rodata.init_cmds1
                0x00000000080067e0       0x3b ./st7735/Src/st7735.o
 *fill*         0x000000000800681b        0x1 
 .rodata.init_cmds2
                0x000000000800681c        0xd ./st7735/Src/st7735.o
 *fill*         0x0000000008006829        0x3 
 .rodata.init_cmds3
                0x000000000800682c       0x2b ./st7735/Src/st7735.o
 .rodata._svfprintf_r.str1.1
                0x0000000008006857       0x11 d:/programs/stmicroelectronics/stm32cubeide_1.7.0/stm32cubeide/plugins/com.st.stm32cube.ide.mcu.externaltools.gnu-tools-for-stm32.9-2020-q2-update.win32_2.0.0.202105311346/tools/bin/../lib/gcc/arm-none-eabi/9.3.1/../../../../arm-none-eabi/lib/thumb/v7e-m+fp/hard\libc_nano.a(lib_a-nano-svfprintf.o)
 .rodata._printf_i.str1.1
                0x0000000008006868       0x22 d:/programs/stmicroelectronics/stm32cubeide_1.7.0/stm32cubeide/plugins/com.st.stm32cube.ide.mcu.externaltools.gnu-tools-for-stm32.9-2020-q2-update.win32_2.0.0.202105311346/tools/bin/../lib/gcc/arm-none-eabi/9.3.1/../../../../arm-none-eabi/lib/thumb/v7e-m+fp/hard\libc_nano.a(lib_a-nano-vfprintf_i.o)
                0x000000000800688c                . = ALIGN (0x4)
 *fill*         0x000000000800688a        0x2 

.ARM.extab      0x000000000800688c        0x0
                0x000000000800688c                . = ALIGN (0x4)
 *(.ARM.extab* .gnu.linkonce.armextab.*)
                0x000000000800688c                . = ALIGN (0x4)

.ARM            0x000000000800688c        0x8
                0x000000000800688c                . = ALIGN (0x4)
                0x000000000800688c                __exidx_start = .
 *(.ARM.exidx*)
 .ARM.exidx     0x000000000800688c        0x8 d:/programs/stmicroelectronics/stm32cubeide_1.7.0/stm32cubeide/plugins/com.st.stm32cube.ide.mcu.externaltools.gnu-tools-for-stm32.9-2020-q2-update.win32_2.0.0.202105311346/tools/bin/../lib/gcc/arm-none-eabi/9.3.1/thumb/v7e-m+fp/hard\libgcc.a(_udivmoddi4.o)
                0x0000000008006894                __exidx_end = .
                0x0000000008006894                . = ALIGN (0x4)

.rel.dyn        0x0000000008006894        0x0
 .rel.iplt      0x0000000008006894        0x0 d:/programs/stmicroelectronics/stm32cubeide_1.7.0/stm32cubeide/plugins/com.st.stm32cube.ide.mcu.externaltools.gnu-tools-for-stm32.9-2020-q2-update.win32_2.0.0.202105311346/tools/bin/../lib/gcc/arm-none-eabi/9.3.1/thumb/v7e-m+fp/hard/crtbegin.o

.preinit_array  0x0000000008006894        0x0
                0x0000000008006894                . = ALIGN (0x4)
                0x0000000008006894                PROVIDE (__preinit_array_start = .)
 *(.preinit_array*)
                0x0000000008006894                PROVIDE (__preinit_array_end = .)
                0x0000000008006894                . = ALIGN (0x4)

.init_array     0x0000000008006894        0x4
                0x0000000008006894                . = ALIGN (0x4)
                0x0000000008006894                PROVIDE (__init_array_start = .)
 *(SORT_BY_NAME(.init_array.*))
 *(.init_array*)
 .init_array    0x0000000008006894        0x4 d:/programs/stmicroelectronics/stm32cubeide_1.7.0/stm32cubeide/plugins/com.st.stm32cube.ide.mcu.externaltools.gnu-tools-for-stm32.9-2020-q2-update.win32_2.0.0.202105311346/tools/bin/../lib/gcc/arm-none-eabi/9.3.1/thumb/v7e-m+fp/hard/crtbegin.o
                0x0000000008006898                PROVIDE (__init_array_end = .)
                0x0000000008006898                . = ALIGN (0x4)

.fini_array     0x0000000008006898        0x4
                0x0000000008006898                . = ALIGN (0x4)
                [!provide]                        PROVIDE (__fini_array_start = .)
 *(SORT_BY_NAME(.fini_array.*))
 *(.fini_array*)
 .fini_array    0x0000000008006898        0x4 d:/programs/stmicroelectronics/stm32cubeide_1.7.0/stm32cubeide/plugins/com.st.stm32cube.ide.mcu.externaltools.gnu-tools-for-stm32.9-2020-q2-update.win32_2.0.0.202105311346/tools/bin/../lib/gcc/arm-none-eabi/9.3.1/thumb/v7e-m+fp/hard/crtbegin.o
                [!provide]                        PROVIDE (__fini_array_end = .)
                0x000000000800689c                . = ALIGN (0x4)
                0x000000000800689c                _sidata = LOADADDR (.data)

.data           0x0000000020000000       0x90 load address 0x000000000800689c
                0x0000000020000000                . = ALIGN (0x4)
                0x0000000020000000                _sdata = .
 *(.data)
 *(.data*)
 .data.text_color
                0x0000000020000000        0x8 ./Core/Src/main.o
                0x0000000020000000                text_color
 .data.freq     0x0000000020000008        0x4 ./Core/Src/main.o
                0x0000000020000008                freq
 .data.edit_pos
                0x000000002000000c        0x1 ./Core/Src/main.o
                0x000000002000000c                edit_pos
 .data.waveform_select
                0x000000002000000d        0x1 ./Core/Src/main.o
                0x000000002000000d                waveform_select
 *fill*         0x000000002000000e        0x2 
 .data.SystemCoreClock
                0x0000000020000010        0x4 ./Core/Src/system_stm32f4xx.o
                0x0000000020000010                SystemCoreClock
 .data.uwTickPrio
                0x0000000020000014        0x4 ./Drivers/STM32F4xx_HAL_Driver/Src/stm32f4xx_hal.o
                0x0000000020000014                uwTickPrio
 .data.uwTickFreq
                0x0000000020000018        0x1 ./Drivers/STM32F4xx_HAL_Driver/Src/stm32f4xx_hal.o
                0x0000000020000018                uwTickFreq
 *fill*         0x0000000020000019        0x3 
 .data.Font_7x10
                0x000000002000001c        0x8 ./st7735/Src/fonts.o
                0x000000002000001c                Font_7x10
 .data.Font_12x18
                0x0000000020000024        0x8 ./st7735/Src/fonts.o
                0x0000000020000024                Font_12x18
 .data._impure_ptr
                0x000000002000002c        0x4 d:/programs/stmicroelectronics/stm32cubeide_1.7.0/stm32cubeide/plugins/com.st.stm32cube.ide.mcu.externaltools.gnu-tools-for-stm32.9-2020-q2-update.win32_2.0.0.202105311346/tools/bin/../lib/gcc/arm-none-eabi/9.3.1/../../../../arm-none-eabi/lib/thumb/v7e-m+fp/hard\libc_nano.a(lib_a-impure.o)
                0x000000002000002c                _impure_ptr
 .data.impure_data
                0x0000000020000030       0x60 d:/programs/stmicroelectronics/stm32cubeide_1.7.0/stm32cubeide/plugins/com.st.stm32cube.ide.mcu.externaltools.gnu-tools-for-stm32.9-2020-q2-update.win32_2.0.0.202105311346/tools/bin/../lib/gcc/arm-none-eabi/9.3.1/../../../../arm-none-eabi/lib/thumb/v7e-m+fp/hard\libc_nano.a(lib_a-impure.o)
 *(.RamFunc)
 *(.RamFunc*)
                0x0000000020000090                . = ALIGN (0x4)
                0x0000000020000090                _edata = .

.igot.plt       0x0000000020000090        0x0 load address 0x000000000800692c
 .igot.plt      0x0000000020000090        0x0 d:/programs/stmicroelectronics/stm32cubeide_1.7.0/stm32cubeide/plugins/com.st.stm32cube.ide.mcu.externaltools.gnu-tools-for-stm32.9-2020-q2-update.win32_2.0.0.202105311346/tools/bin/../lib/gcc/arm-none-eabi/9.3.1/thumb/v7e-m+fp/hard/crtbegin.o
                0x0000000020000090                . = ALIGN (0x4)

.bss            0x0000000020000090      0x164 load address 0x000000000800692c
                0x0000000020000090                _sbss = .
                0x0000000020000090                __bss_start__ = _sbss
 *(.bss)
 .bss           0x0000000020000090       0x1c d:/programs/stmicroelectronics/stm32cubeide_1.7.0/stm32cubeide/plugins/com.st.stm32cube.ide.mcu.externaltools.gnu-tools-for-stm32.9-2020-q2-update.win32_2.0.0.202105311346/tools/bin/../lib/gcc/arm-none-eabi/9.3.1/thumb/v7e-m+fp/hard/crtbegin.o
 *(.bss*)
 .bss._waveform
                0x00000000200000ac        0x1 ./AD9833/Src/AD9833.o
                0x00000000200000ac                _waveform
 .bss._sleep_mode
                0x00000000200000ad        0x1 ./AD9833/Src/AD9833.o
                0x00000000200000ad                _sleep_mode
 .bss._freq_source
                0x00000000200000ae        0x1 ./AD9833/Src/AD9833.o
                0x00000000200000ae                _freq_source
 .bss._phase_source
                0x00000000200000af        0x1 ./AD9833/Src/AD9833.o
                0x00000000200000af                _phase_source
 .bss._reset_state
                0x00000000200000b0        0x1 ./AD9833/Src/AD9833.o
                0x00000000200000b0                _reset_state
 *fill*         0x00000000200000b1        0x1 
 .bss.new_count
                0x00000000200000b2        0x2 ./Core/Src/encoder.o
 .bss.prev_count
                0x00000000200000b4        0x2 ./Core/Src/encoder.o
 *fill*         0x00000000200000b6        0x2 
 .bss.btn       0x00000000200000b8        0x1 ./Core/Src/encoder.o
                0x00000000200000b8                btn
 *fill*         0x00000000200000b9        0x3 
 .bss.btn_time  0x00000000200000bc        0x4 ./Core/Src/encoder.o
                0x00000000200000bc                btn_time
 .bss.Menu_Selector
                0x00000000200000c0        0x1 ./Core/Src/main.o
                0x00000000200000c0                Menu_Selector
 .bss.short_press_flag
                0x00000000200000c1        0x1 ./Core/Src/main.o
                0x00000000200000c1                short_press_flag
 .bss.hide_apply_flag
                0x00000000200000c2        0x1 ./Core/Src/main.o
                0x00000000200000c2                hide_apply_flag
 *fill*         0x00000000200000c3        0x1 
 .bss.curr_time
                0x00000000200000c4        0x4 ./Core/Src/main.o
                0x00000000200000c4                curr_time
 .bss.__sbrk_heap_end
                0x00000000200000c8        0x4 ./Core/Src/sysmem.o
 .bss.__malloc_free_list
                0x00000000200000cc        0x4 d:/programs/stmicroelectronics/stm32cubeide_1.7.0/stm32cubeide/plugins/com.st.stm32cube.ide.mcu.externaltools.gnu-tools-for-stm32.9-2020-q2-update.win32_2.0.0.202105311346/tools/bin/../lib/gcc/arm-none-eabi/9.3.1/../../../../arm-none-eabi/lib/thumb/v7e-m+fp/hard\libc_nano.a(lib_a-nano-mallocr.o)
                0x00000000200000cc                __malloc_free_list
 .bss.__malloc_sbrk_start
                0x00000000200000d0        0x4 d:/programs/stmicroelectronics/stm32cubeide_1.7.0/stm32cubeide/plugins/com.st.stm32cube.ide.mcu.externaltools.gnu-tools-for-stm32.9-2020-q2-update.win32_2.0.0.202105311346/tools/bin/../lib/gcc/arm-none-eabi/9.3.1/../../../../arm-none-eabi/lib/thumb/v7e-m+fp/hard\libc_nano.a(lib_a-nano-mallocr.o)
                0x00000000200000d0                __malloc_sbrk_start
 *(COMMON)
 COMMON         0x00000000200000d4       0x12 ./Core/Src/main.o
                0x00000000200000d4                MHz
                0x00000000200000d6                Hz
                0x00000000200000d8                encoder_status
                0x00000000200000d9                button_status
                0x00000000200000da                kHz
                0x00000000200000dc                Str_Buffer
 *fill*         0x00000000200000e6        0x2 
 COMMON         0x00000000200000e8       0xb0 ./Core/Src/spi.o
                0x00000000200000e8                hspi2
                0x0000000020000140                hspi1
 COMMON         0x0000000020000198       0x48 ./Core/Src/tim.o
                0x0000000020000198                htim1
 COMMON         0x00000000200001e0        0x4 ./Drivers/STM32F4xx_HAL_Driver/Src/stm32f4xx_hal.o
                0x00000000200001e0                uwTick
 COMMON         0x00000000200001e4        0x4 d:/programs/stmicroelectronics/stm32cubeide_1.7.0/stm32cubeide/plugins/com.st.stm32cube.ide.mcu.externaltools.gnu-tools-for-stm32.9-2020-q2-update.win32_2.0.0.202105311346/tools/bin/../lib/gcc/arm-none-eabi/9.3.1/../../../../arm-none-eabi/lib/thumb/v7e-m+fp/hard\libc_nano.a(lib_a-reent.o)
                0x00000000200001e4                errno
 COMMON         0x00000000200001e8        0x9 d:/programs/stmicroelectronics/stm32cubeide_1.7.0/stm32cubeide/plugins/com.st.stm32cube.ide.mcu.externaltools.gnu-tools-for-stm32.9-2020-q2-update.win32_2.0.0.202105311346/tools/bin/../lib/gcc/arm-none-eabi/9.3.1/../../../../arm-none-eabi/lib/thumb/v7e-m+fp/hard\libc_nano.a(lib_a-lock.o)
                0x00000000200001e8                __lock___atexit_recursive_mutex
                0x00000000200001e9                __lock___arc4random_mutex
                0x00000000200001ea                __lock___env_recursive_mutex
                0x00000000200001eb                __lock___sinit_recursive_mutex
                0x00000000200001ec                __lock___malloc_recursive_mutex
                0x00000000200001ed                __lock___at_quick_exit_mutex
                0x00000000200001ee                __lock___dd_hash_mutex
                0x00000000200001ef                __lock___tz_mutex
                0x00000000200001f0                __lock___sfp_recursive_mutex
                0x00000000200001f4                . = ALIGN (0x4)
 *fill*         0x00000000200001f1        0x3 
                0x00000000200001f4                _ebss = .
                0x00000000200001f4                __bss_end__ = _ebss

._user_heap_stack
                0x00000000200001f4      0x604 load address 0x000000000800692c
                0x00000000200001f8                . = ALIGN (0x8)
 *fill*         0x00000000200001f4        0x4 
                [!provide]                        PROVIDE (end = .)
                0x00000000200001f8                PROVIDE (_end = .)
                0x00000000200003f8                . = (. + _Min_Heap_Size)
 *fill*         0x00000000200001f8      0x200 
                0x00000000200007f8                . = (. + _Min_Stack_Size)
 *fill*         0x00000000200003f8      0x400 
                0x00000000200007f8                . = ALIGN (0x8)

/DISCARD/
 libc.a(*)
 libm.a(*)
 libgcc.a(*)

.ARM.attributes
                0x0000000000000000       0x30
 *(.ARM.attributes)
 .ARM.attributes
                0x0000000000000000       0x1e d:/programs/stmicroelectronics/stm32cubeide_1.7.0/stm32cubeide/plugins/com.st.stm32cube.ide.mcu.externaltools.gnu-tools-for-stm32.9-2020-q2-update.win32_2.0.0.202105311346/tools/bin/../lib/gcc/arm-none-eabi/9.3.1/thumb/v7e-m+fp/hard/crti.o
 .ARM.attributes
                0x000000000000001e       0x34 d:/programs/stmicroelectronics/stm32cubeide_1.7.0/stm32cubeide/plugins/com.st.stm32cube.ide.mcu.externaltools.gnu-tools-for-stm32.9-2020-q2-update.win32_2.0.0.202105311346/tools/bin/../lib/gcc/arm-none-eabi/9.3.1/thumb/v7e-m+fp/hard/crtbegin.o
 .ARM.attributes
                0x0000000000000052       0x34 ./AD9833/Src/AD9833.o
 .ARM.attributes
                0x0000000000000086       0x34 ./Core/Src/encoder.o
 .ARM.attributes
                0x00000000000000ba       0x34 ./Core/Src/gpio.o
 .ARM.attributes
                0x00000000000000ee       0x34 ./Core/Src/main.o
 .ARM.attributes
                0x0000000000000122       0x34 ./Core/Src/spi.o
 .ARM.attributes
                0x0000000000000156       0x34 ./Core/Src/stm32f4xx_hal_msp.o
 .ARM.attributes
                0x000000000000018a       0x34 ./Core/Src/stm32f4xx_it.o
 .ARM.attributes
                0x00000000000001be       0x34 ./Core/Src/sysmem.o
 .ARM.attributes
                0x00000000000001f2       0x34 ./Core/Src/system_stm32f4xx.o
 .ARM.attributes
                0x0000000000000226       0x34 ./Core/Src/tim.o
 .ARM.attributes
                0x000000000000025a       0x21 ./Core/Startup/startup_stm32f401ccux.o
 .ARM.attributes
                0x000000000000027b       0x34 ./Drivers/STM32F4xx_HAL_Driver/Src/stm32f4xx_hal.o
 .ARM.attributes
                0x00000000000002af       0x34 ./Drivers/STM32F4xx_HAL_Driver/Src/stm32f4xx_hal_cortex.o
 .ARM.attributes
                0x00000000000002e3       0x34 ./Drivers/STM32F4xx_HAL_Driver/Src/stm32f4xx_hal_gpio.o
 .ARM.attributes
                0x0000000000000317       0x34 ./Drivers/STM32F4xx_HAL_Driver/Src/stm32f4xx_hal_rcc.o
 .ARM.attributes
                0x000000000000034b       0x34 ./Drivers/STM32F4xx_HAL_Driver/Src/stm32f4xx_hal_spi.o
 .ARM.attributes
                0x000000000000037f       0x34 ./Drivers/STM32F4xx_HAL_Driver/Src/stm32f4xx_hal_tim.o
 .ARM.attributes
                0x00000000000003b3       0x34 ./Drivers/STM32F4xx_HAL_Driver/Src/stm32f4xx_hal_tim_ex.o
 .ARM.attributes
                0x00000000000003e7       0x39 ./st7735/Src/fonts.o
 .ARM.attributes
                0x0000000000000420       0x34 ./st7735/Src/st7735.o
 .ARM.attributes
                0x0000000000000454       0x34 d:/programs/stmicroelectronics/stm32cubeide_1.7.0/stm32cubeide/plugins/com.st.stm32cube.ide.mcu.externaltools.gnu-tools-for-stm32.9-2020-q2-update.win32_2.0.0.202105311346/tools/bin/../lib/gcc/arm-none-eabi/9.3.1/../../../../arm-none-eabi/lib/thumb/v7e-m+fp/hard\libc_nano.a(lib_a-errno.o)
 .ARM.attributes
                0x0000000000000488       0x32 d:/programs/stmicroelectronics/stm32cubeide_1.7.0/stm32cubeide/plugins/com.st.stm32cube.ide.mcu.externaltools.gnu-tools-for-stm32.9-2020-q2-update.win32_2.0.0.202105311346/tools/bin/../lib/gcc/arm-none-eabi/9.3.1/../../../../arm-none-eabi/lib/thumb/v7e-m+fp/hard\libc_nano.a(lib_a-impure.o)
 .ARM.attributes
                0x00000000000004ba       0x34 d:/programs/stmicroelectronics/stm32cubeide_1.7.0/stm32cubeide/plugins/com.st.stm32cube.ide.mcu.externaltools.gnu-tools-for-stm32.9-2020-q2-update.win32_2.0.0.202105311346/tools/bin/../lib/gcc/arm-none-eabi/9.3.1/../../../../arm-none-eabi/lib/thumb/v7e-m+fp/hard\libc_nano.a(lib_a-init.o)
 .ARM.attributes
                0x00000000000004ee       0x34 d:/programs/stmicroelectronics/stm32cubeide_1.7.0/stm32cubeide/plugins/com.st.stm32cube.ide.mcu.externaltools.gnu-tools-for-stm32.9-2020-q2-update.win32_2.0.0.202105311346/tools/bin/../lib/gcc/arm-none-eabi/9.3.1/../../../../arm-none-eabi/lib/thumb/v7e-m+fp/hard\libc_nano.a(lib_a-memset.o)
 .ARM.attributes
                0x0000000000000522       0x34 d:/programs/stmicroelectronics/stm32cubeide_1.7.0/stm32cubeide/plugins/com.st.stm32cube.ide.mcu.externaltools.gnu-tools-for-stm32.9-2020-q2-update.win32_2.0.0.202105311346/tools/bin/../lib/gcc/arm-none-eabi/9.3.1/../../../../arm-none-eabi/lib/thumb/v7e-m+fp/hard\libc_nano.a(lib_a-sprintf.o)
 .ARM.attributes
                0x0000000000000556       0x34 d:/programs/stmicroelectronics/stm32cubeide_1.7.0/stm32cubeide/plugins/com.st.stm32cube.ide.mcu.externaltools.gnu-tools-for-stm32.9-2020-q2-update.win32_2.0.0.202105311346/tools/bin/../lib/gcc/arm-none-eabi/9.3.1/../../../../arm-none-eabi/lib/thumb/v7e-m+fp/hard\libc_nano.a(lib_a-nano-svfprintf.o)
 .ARM.attributes
                0x000000000000058a       0x34 d:/programs/stmicroelectronics/stm32cubeide_1.7.0/stm32cubeide/plugins/com.st.stm32cube.ide.mcu.externaltools.gnu-tools-for-stm32.9-2020-q2-update.win32_2.0.0.202105311346/tools/bin/../lib/gcc/arm-none-eabi/9.3.1/../../../../arm-none-eabi/lib/thumb/v7e-m+fp/hard\libc_nano.a(lib_a-nano-vfprintf_i.o)
 .ARM.attributes
                0x00000000000005be       0x1c d:/programs/stmicroelectronics/stm32cubeide_1.7.0/stm32cubeide/plugins/com.st.stm32cube.ide.mcu.externaltools.gnu-tools-for-stm32.9-2020-q2-update.win32_2.0.0.202105311346/tools/bin/../lib/gcc/arm-none-eabi/9.3.1/../../../../arm-none-eabi/lib/thumb/v7e-m+fp/hard\libc_nano.a(lib_a-memchr.o)
 .ARM.attributes
                0x00000000000005da       0x34 d:/programs/stmicroelectronics/stm32cubeide_1.7.0/stm32cubeide/plugins/com.st.stm32cube.ide.mcu.externaltools.gnu-tools-for-stm32.9-2020-q2-update.win32_2.0.0.202105311346/tools/bin/../lib/gcc/arm-none-eabi/9.3.1/../../../../arm-none-eabi/lib/thumb/v7e-m+fp/hard\libc_nano.a(lib_a-memcpy-stub.o)
 .ARM.attributes
                0x000000000000060e       0x34 d:/programs/stmicroelectronics/stm32cubeide_1.7.0/stm32cubeide/plugins/com.st.stm32cube.ide.mcu.externaltools.gnu-tools-for-stm32.9-2020-q2-update.win32_2.0.0.202105311346/tools/bin/../lib/gcc/arm-none-eabi/9.3.1/../../../../arm-none-eabi/lib/thumb/v7e-m+fp/hard\libc_nano.a(lib_a-memmove.o)
 .ARM.attributes
                0x0000000000000642       0x34 d:/programs/stmicroelectronics/stm32cubeide_1.7.0/stm32cubeide/plugins/com.st.stm32cube.ide.mcu.externaltools.gnu-tools-for-stm32.9-2020-q2-update.win32_2.0.0.202105311346/tools/bin/../lib/gcc/arm-none-eabi/9.3.1/../../../../arm-none-eabi/lib/thumb/v7e-m+fp/hard\libc_nano.a(lib_a-nano-freer.o)
 .ARM.attributes
                0x0000000000000676       0x34 d:/programs/stmicroelectronics/stm32cubeide_1.7.0/stm32cubeide/plugins/com.st.stm32cube.ide.mcu.externaltools.gnu-tools-for-stm32.9-2020-q2-update.win32_2.0.0.202105311346/tools/bin/../lib/gcc/arm-none-eabi/9.3.1/../../../../arm-none-eabi/lib/thumb/v7e-m+fp/hard\libc_nano.a(lib_a-nano-mallocr.o)
 .ARM.attributes
                0x00000000000006aa       0x34 d:/programs/stmicroelectronics/stm32cubeide_1.7.0/stm32cubeide/plugins/com.st.stm32cube.ide.mcu.externaltools.gnu-tools-for-stm32.9-2020-q2-update.win32_2.0.0.202105311346/tools/bin/../lib/gcc/arm-none-eabi/9.3.1/../../../../arm-none-eabi/lib/thumb/v7e-m+fp/hard\libc_nano.a(lib_a-nano-reallocr.o)
 .ARM.attributes
                0x00000000000006de       0x34 d:/programs/stmicroelectronics/stm32cubeide_1.7.0/stm32cubeide/plugins/com.st.stm32cube.ide.mcu.externaltools.gnu-tools-for-stm32.9-2020-q2-update.win32_2.0.0.202105311346/tools/bin/../lib/gcc/arm-none-eabi/9.3.1/../../../../arm-none-eabi/lib/thumb/v7e-m+fp/hard\libc_nano.a(lib_a-sbrkr.o)
 .ARM.attributes
                0x0000000000000712       0x34 d:/programs/stmicroelectronics/stm32cubeide_1.7.0/stm32cubeide/plugins/com.st.stm32cube.ide.mcu.externaltools.gnu-tools-for-stm32.9-2020-q2-update.win32_2.0.0.202105311346/tools/bin/../lib/gcc/arm-none-eabi/9.3.1/../../../../arm-none-eabi/lib/thumb/v7e-m+fp/hard\libc_nano.a(lib_a-mlock.o)
 .ARM.attributes
                0x0000000000000746       0x34 d:/programs/stmicroelectronics/stm32cubeide_1.7.0/stm32cubeide/plugins/com.st.stm32cube.ide.mcu.externaltools.gnu-tools-for-stm32.9-2020-q2-update.win32_2.0.0.202105311346/tools/bin/../lib/gcc/arm-none-eabi/9.3.1/../../../../arm-none-eabi/lib/thumb/v7e-m+fp/hard\libc_nano.a(lib_a-nano-msizer.o)
 .ARM.attributes
                0x000000000000077a       0x34 d:/programs/stmicroelectronics/stm32cubeide_1.7.0/stm32cubeide/plugins/com.st.stm32cube.ide.mcu.externaltools.gnu-tools-for-stm32.9-2020-q2-update.win32_2.0.0.202105311346/tools/bin/../lib/gcc/arm-none-eabi/9.3.1/../../../../arm-none-eabi/lib/thumb/v7e-m+fp/hard\libc_nano.a(lib_a-reent.o)
 .ARM.attributes
                0x00000000000007ae       0x34 d:/programs/stmicroelectronics/stm32cubeide_1.7.0/stm32cubeide/plugins/com.st.stm32cube.ide.mcu.externaltools.gnu-tools-for-stm32.9-2020-q2-update.win32_2.0.0.202105311346/tools/bin/../lib/gcc/arm-none-eabi/9.3.1/../../../../arm-none-eabi/lib/thumb/v7e-m+fp/hard\libc_nano.a(lib_a-lock.o)
 .ARM.attributes
                0x00000000000007e2       0x1e d:/programs/stmicroelectronics/stm32cubeide_1.7.0/stm32cubeide/plugins/com.st.stm32cube.ide.mcu.externaltools.gnu-tools-for-stm32.9-2020-q2-update.win32_2.0.0.202105311346/tools/bin/../lib/gcc/arm-none-eabi/9.3.1/thumb/v7e-m+fp/hard\libgcc.a(_arm_muldf3.o)
 .ARM.attributes
                0x0000000000000800       0x1e d:/programs/stmicroelectronics/stm32cubeide_1.7.0/stm32cubeide/plugins/com.st.stm32cube.ide.mcu.externaltools.gnu-tools-for-stm32.9-2020-q2-update.win32_2.0.0.202105311346/tools/bin/../lib/gcc/arm-none-eabi/9.3.1/thumb/v7e-m+fp/hard\libgcc.a(_arm_addsubdf3.o)
 .ARM.attributes
                0x000000000000081e       0x1e d:/programs/stmicroelectronics/stm32cubeide_1.7.0/stm32cubeide/plugins/com.st.stm32cube.ide.mcu.externaltools.gnu-tools-for-stm32.9-2020-q2-update.win32_2.0.0.202105311346/tools/bin/../lib/gcc/arm-none-eabi/9.3.1/thumb/v7e-m+fp/hard\libgcc.a(_arm_fixunsdfsi.o)
 .ARM.attributes
                0x000000000000083c       0x1e d:/programs/stmicroelectronics/stm32cubeide_1.7.0/stm32cubeide/plugins/com.st.stm32cube.ide.mcu.externaltools.gnu-tools-for-stm32.9-2020-q2-update.win32_2.0.0.202105311346/tools/bin/../lib/gcc/arm-none-eabi/9.3.1/thumb/v7e-m+fp/hard\libgcc.a(_aeabi_uldivmod.o)
 .ARM.attributes
                0x000000000000085a       0x34 d:/programs/stmicroelectronics/stm32cubeide_1.7.0/stm32cubeide/plugins/com.st.stm32cube.ide.mcu.externaltools.gnu-tools-for-stm32.9-2020-q2-update.win32_2.0.0.202105311346/tools/bin/../lib/gcc/arm-none-eabi/9.3.1/thumb/v7e-m+fp/hard\libgcc.a(_udivmoddi4.o)
 .ARM.attributes
                0x000000000000088e       0x1e d:/programs/stmicroelectronics/stm32cubeide_1.7.0/stm32cubeide/plugins/com.st.stm32cube.ide.mcu.externaltools.gnu-tools-for-stm32.9-2020-q2-update.win32_2.0.0.202105311346/tools/bin/../lib/gcc/arm-none-eabi/9.3.1/thumb/v7e-m+fp/hard\libgcc.a(_dvmd_tls.o)
 .ARM.attributes
                0x00000000000008ac       0x1e d:/programs/stmicroelectronics/stm32cubeide_1.7.0/stm32cubeide/plugins/com.st.stm32cube.ide.mcu.externaltools.gnu-tools-for-stm32.9-2020-q2-update.win32_2.0.0.202105311346/tools/bin/../lib/gcc/arm-none-eabi/9.3.1/thumb/v7e-m+fp/hard/crtn.o
OUTPUT(DDS_AD9833.elf elf32-littlearm)
LOAD linker stubs
LOAD d:/programs/stmicroelectronics/stm32cubeide_1.7.0/stm32cubeide/plugins/com.st.stm32cube.ide.mcu.externaltools.gnu-tools-for-stm32.9-2020-q2-update.win32_2.0.0.202105311346/tools/bin/../lib/gcc/arm-none-eabi/9.3.1/../../../../arm-none-eabi/lib/thumb/v7e-m+fp/hard\libc.a
LOAD d:/programs/stmicroelectronics/stm32cubeide_1.7.0/stm32cubeide/plugins/com.st.stm32cube.ide.mcu.externaltools.gnu-tools-for-stm32.9-2020-q2-update.win32_2.0.0.202105311346/tools/bin/../lib/gcc/arm-none-eabi/9.3.1/../../../../arm-none-eabi/lib/thumb/v7e-m+fp/hard\libm.a
LOAD d:/programs/stmicroelectronics/stm32cubeide_1.7.0/stm32cubeide/plugins/com.st.stm32cube.ide.mcu.externaltools.gnu-tools-for-stm32.9-2020-q2-update.win32_2.0.0.202105311346/tools/bin/../lib/gcc/arm-none-eabi/9.3.1/thumb/v7e-m+fp/hard\libgcc.a

.debug_info     0x0000000000000000    0x14482
 .debug_info    0x0000000000000000     0x1260 ./AD9833/Src/AD9833.o
 .debug_info    0x0000000000001260     0x1210 ./Core/Src/encoder.o
 .debug_info    0x0000000000002470     0x16df ./Core/Src/gpio.o
 .debug_info    0x0000000000003b4f     0x1a82 ./Core/Src/main.o
 .debug_info    0x00000000000055d1     0x1384 ./Core/Src/spi.o
 .debug_info    0x0000000000006955      0xc62 ./Core/Src/stm32f4xx_hal_msp.o
 .debug_info    0x00000000000075b7      0xac4 ./Core/Src/stm32f4xx_it.o
 .debug_info    0x000000000000807b      0xa25 ./Core/Src/sysmem.o
 .debug_info    0x0000000000008aa0      0x5d0 ./Core/Src/system_stm32f4xx.o
 .debug_info    0x0000000000009070     0x14ae ./Core/Src/tim.o
 .debug_info    0x000000000000a51e       0x22 ./Core/Startup/startup_stm32f401ccux.o
 .debug_info    0x000000000000a540      0x93d ./Drivers/STM32F4xx_HAL_Driver/Src/stm32f4xx_hal.o
 .debug_info    0x000000000000ae7d      0xe41 ./Drivers/STM32F4xx_HAL_Driver/Src/stm32f4xx_hal_cortex.o
 .debug_info    0x000000000000bcbe      0x862 ./Drivers/STM32F4xx_HAL_Driver/Src/stm32f4xx_hal_gpio.o
 .debug_info    0x000000000000c520      0x9bd ./Drivers/STM32F4xx_HAL_Driver/Src/stm32f4xx_hal_rcc.o
 .debug_info    0x000000000000cedd     0x17b8 ./Drivers/STM32F4xx_HAL_Driver/Src/stm32f4xx_hal_spi.o
 .debug_info    0x000000000000e695     0x2c1a ./Drivers/STM32F4xx_HAL_Driver/Src/stm32f4xx_hal_tim.o
 .debug_info    0x00000000000112af     0x159a ./Drivers/STM32F4xx_HAL_Driver/Src/stm32f4xx_hal_tim_ex.o
 .debug_info    0x0000000000012849      0x1ae ./st7735/Src/fonts.o
 .debug_info    0x00000000000129f7     0x1a8b ./st7735/Src/st7735.o

.debug_abbrev   0x0000000000000000     0x29d8
 .debug_abbrev  0x0000000000000000      0x228 ./AD9833/Src/AD9833.o
 .debug_abbrev  0x0000000000000228      0x27b ./Core/Src/encoder.o
 .debug_abbrev  0x00000000000004a3      0x21c ./Core/Src/gpio.o
 .debug_abbrev  0x00000000000006bf      0x31c ./Core/Src/main.o
 .debug_abbrev  0x00000000000009db      0x227 ./Core/Src/spi.o
 .debug_abbrev  0x0000000000000c02      0x1eb ./Core/Src/stm32f4xx_hal_msp.o
 .debug_abbrev  0x0000000000000ded      0x1d1 ./Core/Src/stm32f4xx_it.o
 .debug_abbrev  0x0000000000000fbe      0x1bf ./Core/Src/sysmem.o
 .debug_abbrev  0x000000000000117d      0x145 ./Core/Src/system_stm32f4xx.o
 .debug_abbrev  0x00000000000012c2      0x23a ./Core/Src/tim.o
 .debug_abbrev  0x00000000000014fc       0x12 ./Core/Startup/startup_stm32f401ccux.o
 .debug_abbrev  0x000000000000150e      0x21e ./Drivers/STM32F4xx_HAL_Driver/Src/stm32f4xx_hal.o
 .debug_abbrev  0x000000000000172c      0x33c ./Drivers/STM32F4xx_HAL_Driver/Src/stm32f4xx_hal_cortex.o
 .debug_abbrev  0x0000000000001a68      0x1f1 ./Drivers/STM32F4xx_HAL_Driver/Src/stm32f4xx_hal_gpio.o
 .debug_abbrev  0x0000000000001c59      0x275 ./Drivers/STM32F4xx_HAL_Driver/Src/stm32f4xx_hal_rcc.o
 .debug_abbrev  0x0000000000001ece      0x26e ./Drivers/STM32F4xx_HAL_Driver/Src/stm32f4xx_hal_spi.o
 .debug_abbrev  0x000000000000213c      0x26f ./Drivers/STM32F4xx_HAL_Driver/Src/stm32f4xx_hal_tim.o
 .debug_abbrev  0x00000000000023ab      0x277 ./Drivers/STM32F4xx_HAL_Driver/Src/stm32f4xx_hal_tim_ex.o
 .debug_abbrev  0x0000000000002622       0xad ./st7735/Src/fonts.o
 .debug_abbrev  0x00000000000026cf      0x309 ./st7735/Src/st7735.o

.debug_aranges  0x0000000000000000      0xd40
 .debug_aranges
                0x0000000000000000       0x68 ./AD9833/Src/AD9833.o
 .debug_aranges
                0x0000000000000068       0x38 ./Core/Src/encoder.o
 .debug_aranges
                0x00000000000000a0       0x20 ./Core/Src/gpio.o
 .debug_aranges
                0x00000000000000c0       0x48 ./Core/Src/main.o
 .debug_aranges
                0x0000000000000108       0x38 ./Core/Src/spi.o
 .debug_aranges
                0x0000000000000140       0x20 ./Core/Src/stm32f4xx_hal_msp.o
 .debug_aranges
                0x0000000000000160       0x60 ./Core/Src/stm32f4xx_it.o
 .debug_aranges
                0x00000000000001c0       0x20 ./Core/Src/sysmem.o
 .debug_aranges
                0x00000000000001e0       0x28 ./Core/Src/system_stm32f4xx.o
 .debug_aranges
                0x0000000000000208       0x30 ./Core/Src/tim.o
 .debug_aranges
                0x0000000000000238       0x28 ./Core/Startup/startup_stm32f401ccux.o
 .debug_aranges
                0x0000000000000260       0xf0 ./Drivers/STM32F4xx_HAL_Driver/Src/stm32f4xx_hal.o
 .debug_aranges
                0x0000000000000350      0x118 ./Drivers/STM32F4xx_HAL_Driver/Src/stm32f4xx_hal_cortex.o
 .debug_aranges
                0x0000000000000468       0x58 ./Drivers/STM32F4xx_HAL_Driver/Src/stm32f4xx_hal_gpio.o
 .debug_aranges
                0x00000000000004c0       0x88 ./Drivers/STM32F4xx_HAL_Driver/Src/stm32f4xx_hal_rcc.o
 .debug_aranges
                0x0000000000000548      0x1d0 ./Drivers/STM32F4xx_HAL_Driver/Src/stm32f4xx_hal_spi.o
 .debug_aranges
                0x0000000000000718      0x3d0 ./Drivers/STM32F4xx_HAL_Driver/Src/stm32f4xx_hal_tim.o
 .debug_aranges
                0x0000000000000ae8      0x168 ./Drivers/STM32F4xx_HAL_Driver/Src/stm32f4xx_hal_tim_ex.o
 .debug_aranges
                0x0000000000000c50       0x18 ./st7735/Src/fonts.o
 .debug_aranges
                0x0000000000000c68       0xd8 ./st7735/Src/st7735.o

.debug_ranges   0x0000000000000000      0xc00
 .debug_ranges  0x0000000000000000       0x58 ./AD9833/Src/AD9833.o
 .debug_ranges  0x0000000000000058       0x28 ./Core/Src/encoder.o
 .debug_ranges  0x0000000000000080       0x10 ./Core/Src/gpio.o
 .debug_ranges  0x0000000000000090       0x38 ./Core/Src/main.o
 .debug_ranges  0x00000000000000c8       0x28 ./Core/Src/spi.o
 .debug_ranges  0x00000000000000f0       0x10 ./Core/Src/stm32f4xx_hal_msp.o
 .debug_ranges  0x0000000000000100       0x50 ./Core/Src/stm32f4xx_it.o
 .debug_ranges  0x0000000000000150       0x10 ./Core/Src/sysmem.o
 .debug_ranges  0x0000000000000160       0x18 ./Core/Src/system_stm32f4xx.o
 .debug_ranges  0x0000000000000178       0x20 ./Core/Src/tim.o
 .debug_ranges  0x0000000000000198       0x20 ./Core/Startup/startup_stm32f401ccux.o
 .debug_ranges  0x00000000000001b8       0xe0 ./Drivers/STM32F4xx_HAL_Driver/Src/stm32f4xx_hal.o
 .debug_ranges  0x0000000000000298      0x108 ./Drivers/STM32F4xx_HAL_Driver/Src/stm32f4xx_hal_cortex.o
 .debug_ranges  0x00000000000003a0       0x48 ./Drivers/STM32F4xx_HAL_Driver/Src/stm32f4xx_hal_gpio.o
 .debug_ranges  0x00000000000003e8       0x78 ./Drivers/STM32F4xx_HAL_Driver/Src/stm32f4xx_hal_rcc.o
 .debug_ranges  0x0000000000000460      0x1c0 ./Drivers/STM32F4xx_HAL_Driver/Src/stm32f4xx_hal_spi.o
 .debug_ranges  0x0000000000000620      0x3c0 ./Drivers/STM32F4xx_HAL_Driver/Src/stm32f4xx_hal_tim.o
 .debug_ranges  0x00000000000009e0      0x158 ./Drivers/STM32F4xx_HAL_Driver/Src/stm32f4xx_hal_tim_ex.o
 .debug_ranges  0x0000000000000b38       0xc8 ./st7735/Src/st7735.o

.debug_macro    0x0000000000000000    0x1821d
 .debug_macro   0x0000000000000000      0x37b ./AD9833/Src/AD9833.o
 .debug_macro   0x000000000000037b      0xaa8 ./AD9833/Src/AD9833.o
 .debug_macro   0x0000000000000e23      0x29b ./AD9833/Src/AD9833.o
 .debug_macro   0x00000000000010be       0x2e ./AD9833/Src/AD9833.o
 .debug_macro   0x00000000000010ec       0x28 ./AD9833/Src/AD9833.o
 .debug_macro   0x0000000000001114       0x22 ./AD9833/Src/AD9833.o
 .debug_macro   0x0000000000001136       0x8e ./AD9833/Src/AD9833.o
 .debug_macro   0x00000000000011c4       0x51 ./AD9833/Src/AD9833.o
 .debug_macro   0x0000000000001215      0x103 ./AD9833/Src/AD9833.o
 .debug_macro   0x0000000000001318       0x6a ./AD9833/Src/AD9833.o
 .debug_macro   0x0000000000001382      0x1df ./AD9833/Src/AD9833.o
 .debug_macro   0x0000000000001561       0x1c ./AD9833/Src/AD9833.o
 .debug_macro   0x000000000000157d       0x22 ./AD9833/Src/AD9833.o
 .debug_macro   0x000000000000159f       0xdf ./AD9833/Src/AD9833.o
 .debug_macro   0x000000000000167e     0x102d ./AD9833/Src/AD9833.o
 .debug_macro   0x00000000000026ab      0x11f ./AD9833/Src/AD9833.o
 .debug_macro   0x00000000000027ca     0xb86c ./AD9833/Src/AD9833.o
 .debug_macro   0x000000000000e036       0x6d ./AD9833/Src/AD9833.o
 .debug_macro   0x000000000000e0a3     0x3666 ./AD9833/Src/AD9833.o
 .debug_macro   0x0000000000011709      0x174 ./AD9833/Src/AD9833.o
 .debug_macro   0x000000000001187d       0x5c ./AD9833/Src/AD9833.o
 .debug_macro   0x00000000000118d9      0x416 ./AD9833/Src/AD9833.o
 .debug_macro   0x0000000000011cef      0x9fe ./AD9833/Src/AD9833.o
 .debug_macro   0x00000000000126ed      0x116 ./AD9833/Src/AD9833.o
 .debug_macro   0x0000000000012803       0xf8 ./AD9833/Src/AD9833.o
 .debug_macro   0x00000000000128fb       0xa5 ./AD9833/Src/AD9833.o
 .debug_macro   0x00000000000129a0      0x15f ./AD9833/Src/AD9833.o
 .debug_macro   0x0000000000012aff      0x287 ./AD9833/Src/AD9833.o
 .debug_macro   0x0000000000012d86       0x5f ./AD9833/Src/AD9833.o
 .debug_macro   0x0000000000012de5      0x236 ./AD9833/Src/AD9833.o
 .debug_macro   0x000000000001301b      0x132 ./AD9833/Src/AD9833.o
 .debug_macro   0x000000000001314d      0x23a ./AD9833/Src/AD9833.o
 .debug_macro   0x0000000000013387       0x2e ./AD9833/Src/AD9833.o
 .debug_macro   0x00000000000133b5      0x11a ./AD9833/Src/AD9833.o
 .debug_macro   0x00000000000134cf       0x85 ./AD9833/Src/AD9833.o
 .debug_macro   0x0000000000013554       0x89 ./AD9833/Src/AD9833.o
 .debug_macro   0x00000000000135dd      0x225 ./AD9833/Src/AD9833.o
 .debug_macro   0x0000000000013802      0x8d1 ./AD9833/Src/AD9833.o
 .debug_macro   0x00000000000140d3       0x47 ./AD9833/Src/AD9833.o
 .debug_macro   0x000000000001411a      0x126 ./AD9833/Src/AD9833.o
 .debug_macro   0x0000000000014240       0x52 ./AD9833/Src/AD9833.o
 .debug_macro   0x0000000000014292       0x18 ./AD9833/Src/AD9833.o
 .debug_macro   0x00000000000142aa       0x3c ./AD9833/Src/AD9833.o
 .debug_macro   0x00000000000142e6       0x34 ./AD9833/Src/AD9833.o
 .debug_macro   0x000000000001431a       0x16 ./AD9833/Src/AD9833.o
 .debug_macro   0x0000000000014330       0x35 ./AD9833/Src/AD9833.o
 .debug_macro   0x0000000000014365      0x333 ./AD9833/Src/AD9833.o
 .debug_macro   0x0000000000014698       0x10 ./AD9833/Src/AD9833.o
 .debug_macro   0x00000000000146a8       0x16 ./AD9833/Src/AD9833.o
 .debug_macro   0x00000000000146be       0x43 ./AD9833/Src/AD9833.o
 .debug_macro   0x0000000000014701       0x34 ./AD9833/Src/AD9833.o
 .debug_macro   0x0000000000014735       0x10 ./AD9833/Src/AD9833.o
 .debug_macro   0x0000000000014745       0x58 ./AD9833/Src/AD9833.o
 .debug_macro   0x000000000001479d       0x71 ./AD9833/Src/AD9833.o
 .debug_macro   0x000000000001480e       0x1c ./AD9833/Src/AD9833.o
 .debug_macro   0x000000000001482a      0x12a ./AD9833/Src/AD9833.o
 .debug_macro   0x0000000000014954       0x10 ./AD9833/Src/AD9833.o
 .debug_macro   0x0000000000014964       0x1c ./AD9833/Src/AD9833.o
 .debug_macro   0x0000000000014980       0x52 ./AD9833/Src/AD9833.o
 .debug_macro   0x00000000000149d2       0x22 ./AD9833/Src/AD9833.o
 .debug_macro   0x00000000000149f4       0x10 ./AD9833/Src/AD9833.o
 .debug_macro   0x0000000000014a04       0x40 ./AD9833/Src/AD9833.o
 .debug_macro   0x0000000000014a44       0xd5 ./AD9833/Src/AD9833.o
 .debug_macro   0x0000000000014b19       0x1c ./AD9833/Src/AD9833.o
 .debug_macro   0x0000000000014b35       0x3d ./AD9833/Src/AD9833.o
 .debug_macro   0x0000000000014b72       0x16 ./AD9833/Src/AD9833.o
 .debug_macro   0x0000000000014b88      0x145 ./AD9833/Src/AD9833.o
 .debug_macro   0x0000000000014ccd       0x16 ./AD9833/Src/AD9833.o
 .debug_macro   0x0000000000014ce3       0x20 ./AD9833/Src/AD9833.o
 .debug_macro   0x0000000000014d03       0x4c ./AD9833/Src/AD9833.o
 .debug_macro   0x0000000000014d4f       0x9a ./AD9833/Src/AD9833.o
 .debug_macro   0x0000000000014de9      0x385 ./Core/Src/encoder.o
 .debug_macro   0x000000000001516e       0x34 ./Core/Src/encoder.o
 .debug_macro   0x00000000000151a2      0x405 ./Core/Src/gpio.o
 .debug_macro   0x00000000000155a7       0x3a ./Core/Src/gpio.o
 .debug_macro   0x00000000000155e1       0x22 ./Core/Src/gpio.o
 .debug_macro   0x0000000000015603      0x1a9 ./Core/Src/gpio.o
 .debug_macro   0x00000000000157ac       0x16 ./Core/Src/gpio.o
 .debug_macro   0x00000000000157c2       0x16 ./Core/Src/gpio.o
 .debug_macro   0x00000000000157d8       0x29 ./Core/Src/gpio.o
 .debug_macro   0x0000000000015801      0x212 ./Core/Src/gpio.o
 .debug_macro   0x0000000000015a13      0x40d ./Core/Src/main.o
 .debug_macro   0x0000000000015e20       0xa0 ./Core/Src/main.o
 .debug_macro   0x0000000000015ec0      0x376 ./Core/Src/spi.o
 .debug_macro   0x0000000000016236      0x36c ./Core/Src/stm32f4xx_hal_msp.o
 .debug_macro   0x00000000000165a2      0x376 ./Core/Src/stm32f4xx_it.o
 .debug_macro   0x0000000000016918       0xff ./Core/Src/sysmem.o
 .debug_macro   0x0000000000016a17      0x23b ./Core/Src/sysmem.o
 .debug_macro   0x0000000000016c52      0x1ce ./Core/Src/system_stm32f4xx.o
 .debug_macro   0x0000000000016e20      0x37f ./Core/Src/tim.o
 .debug_macro   0x000000000001719f      0x22e ./Drivers/STM32F4xx_HAL_Driver/Src/stm32f4xx_hal.o
 .debug_macro   0x00000000000173cd      0x1ce ./Drivers/STM32F4xx_HAL_Driver/Src/stm32f4xx_hal_cortex.o
 .debug_macro   0x000000000001759b      0x1d4 ./Drivers/STM32F4xx_HAL_Driver/Src/stm32f4xx_hal_gpio.o
 .debug_macro   0x000000000001776f      0x1f2 ./Drivers/STM32F4xx_HAL_Driver/Src/stm32f4xx_hal_rcc.o
 .debug_macro   0x0000000000017961      0x1dd ./Drivers/STM32F4xx_HAL_Driver/Src/stm32f4xx_hal_spi.o
 .debug_macro   0x0000000000017b3e      0x1cf ./Drivers/STM32F4xx_HAL_Driver/Src/stm32f4xx_hal_tim.o
 .debug_macro   0x0000000000017d0d      0x1ce ./Drivers/STM32F4xx_HAL_Driver/Src/stm32f4xx_hal_tim_ex.o
 .debug_macro   0x0000000000017edb       0x6d ./st7735/Src/fonts.o
 .debug_macro   0x0000000000017f48      0x2d5 ./st7735/Src/st7735.o

.debug_line     0x0000000000000000    0x13250
 .debug_line    0x0000000000000000      0xd49 ./AD9833/Src/AD9833.o
 .debug_line    0x0000000000000d49      0xc91 ./Core/Src/encoder.o
 .debug_line    0x00000000000019da      0xc5b ./Core/Src/gpio.o
 .debug_line    0x0000000000002635      0xeba ./Core/Src/main.o
 .debug_line    0x00000000000034ef      0xc5e ./Core/Src/spi.o
 .debug_line    0x000000000000414d      0xb77 ./Core/Src/stm32f4xx_hal_msp.o
 .debug_line    0x0000000000004cc4      0xc39 ./Core/Src/stm32f4xx_it.o
 .debug_line    0x00000000000058fd      0x796 ./Core/Src/sysmem.o
 .debug_line    0x0000000000006093      0x900 ./Core/Src/system_stm32f4xx.o
 .debug_line    0x0000000000006993      0xc0b ./Core/Src/tim.o
 .debug_line    0x000000000000759e       0x88 ./Core/Startup/startup_stm32f401ccux.o
 .debug_line    0x0000000000007626      0xb66 ./Drivers/STM32F4xx_HAL_Driver/Src/stm32f4xx_hal.o
 .debug_line    0x000000000000818c      0xe15 ./Drivers/STM32F4xx_HAL_Driver/Src/stm32f4xx_hal_cortex.o
 .debug_line    0x0000000000008fa1      0xca0 ./Drivers/STM32F4xx_HAL_Driver/Src/stm32f4xx_hal_gpio.o
 .debug_line    0x0000000000009c41      0xee0 ./Drivers/STM32F4xx_HAL_Driver/Src/stm32f4xx_hal_rcc.o
 .debug_line    0x000000000000ab21     0x1dee ./Drivers/STM32F4xx_HAL_Driver/Src/stm32f4xx_hal_spi.o
 .debug_line    0x000000000000c90f     0x3634 ./Drivers/STM32F4xx_HAL_Driver/Src/stm32f4xx_hal_tim.o
 .debug_line    0x000000000000ff43     0x1afe ./Drivers/STM32F4xx_HAL_Driver/Src/stm32f4xx_hal_tim_ex.o
 .debug_line    0x0000000000011a41      0x565 ./st7735/Src/fonts.o
 .debug_line    0x0000000000011fa6     0x12aa ./st7735/Src/st7735.o

.debug_str      0x0000000000000000    0x8e77e
 .debug_str     0x0000000000000000    0x89b4a ./AD9833/Src/AD9833.o
                                      0x89ece (size before relaxing)
 .debug_str     0x0000000000089b4a      0x446 ./Core/Src/encoder.o
                                      0x89dd0 (size before relaxing)
 .debug_str     0x0000000000089f90     0x1183 ./Core/Src/gpio.o
                                      0x8b2e7 (size before relaxing)
 .debug_str     0x000000000008b113      0x2fc ./Core/Src/main.o
                                      0x8b5cc (size before relaxing)
 .debug_str     0x000000000008b40f       0x58 ./Core/Src/spi.o
                                      0x89cbf (size before relaxing)
 .debug_str     0x000000000008b467       0x2c ./Core/Src/stm32f4xx_hal_msp.o
                                      0x897b2 (size before relaxing)
 .debug_str     0x000000000008b493       0xbd ./Core/Src/stm32f4xx_it.o
                                      0x8972e (size before relaxing)
 .debug_str     0x000000000008b550      0x4e9 ./Core/Src/sysmem.o
                                       0x628c (size before relaxing)
 .debug_str     0x000000000008ba39       0xaf ./Core/Src/system_stm32f4xx.o
                                      0x855ca (size before relaxing)
 .debug_str     0x000000000008bae8      0x139 ./Core/Src/tim.o
                                      0x89f67 (size before relaxing)
 .debug_str     0x000000000008bc21       0x36 ./Core/Startup/startup_stm32f401ccux.o
                                         0x5d (size before relaxing)
 .debug_str     0x000000000008bc57      0x905 ./Drivers/STM32F4xx_HAL_Driver/Src/stm32f4xx_hal.o
                                      0x85f4a (size before relaxing)
 .debug_str     0x000000000008c55c      0x399 ./Drivers/STM32F4xx_HAL_Driver/Src/stm32f4xx_hal_cortex.o
                                      0x85d27 (size before relaxing)
 .debug_str     0x000000000008c8f5      0x15f ./Drivers/STM32F4xx_HAL_Driver/Src/stm32f4xx_hal_gpio.o
                                      0x85771 (size before relaxing)
 .debug_str     0x000000000008ca54      0x259 ./Drivers/STM32F4xx_HAL_Driver/Src/stm32f4xx_hal_rcc.o
                                      0x859cc (size before relaxing)
 .debug_str     0x000000000008ccad      0x57f ./Drivers/STM32F4xx_HAL_Driver/Src/stm32f4xx_hal_spi.o
                                      0x85e5c (size before relaxing)
 .debug_str     0x000000000008d22c      0xdac ./Drivers/STM32F4xx_HAL_Driver/Src/stm32f4xx_hal_tim.o
                                      0x868e7 (size before relaxing)
 .debug_str     0x000000000008dfd8      0x4ee ./Drivers/STM32F4xx_HAL_Driver/Src/stm32f4xx_hal_tim_ex.o
                                      0x86098 (size before relaxing)
 .debug_str     0x000000000008e4c6       0x33 ./st7735/Src/fonts.o
                                       0x3d45 (size before relaxing)
 .debug_str     0x000000000008e4f9      0x285 ./st7735/Src/st7735.o
                                      0x89d74 (size before relaxing)

.comment        0x0000000000000000       0x53
 .comment       0x0000000000000000       0x53 ./AD9833/Src/AD9833.o
                                         0x54 (size before relaxing)
 .comment       0x0000000000000053       0x54 ./Core/Src/encoder.o
 .comment       0x0000000000000053       0x54 ./Core/Src/gpio.o
 .comment       0x0000000000000053       0x54 ./Core/Src/main.o
 .comment       0x0000000000000053       0x54 ./Core/Src/spi.o
 .comment       0x0000000000000053       0x54 ./Core/Src/stm32f4xx_hal_msp.o
 .comment       0x0000000000000053       0x54 ./Core/Src/stm32f4xx_it.o
 .comment       0x0000000000000053       0x54 ./Core/Src/sysmem.o
 .comment       0x0000000000000053       0x54 ./Core/Src/system_stm32f4xx.o
 .comment       0x0000000000000053       0x54 ./Core/Src/tim.o
 .comment       0x0000000000000053       0x54 ./Drivers/STM32F4xx_HAL_Driver/Src/stm32f4xx_hal.o
 .comment       0x0000000000000053       0x54 ./Drivers/STM32F4xx_HAL_Driver/Src/stm32f4xx_hal_cortex.o
 .comment       0x0000000000000053       0x54 ./Drivers/STM32F4xx_HAL_Driver/Src/stm32f4xx_hal_gpio.o
 .comment       0x0000000000000053       0x54 ./Drivers/STM32F4xx_HAL_Driver/Src/stm32f4xx_hal_rcc.o
 .comment       0x0000000000000053       0x54 ./Drivers/STM32F4xx_HAL_Driver/Src/stm32f4xx_hal_spi.o
 .comment       0x0000000000000053       0x54 ./Drivers/STM32F4xx_HAL_Driver/Src/stm32f4xx_hal_tim.o
 .comment       0x0000000000000053       0x54 ./Drivers/STM32F4xx_HAL_Driver/Src/stm32f4xx_hal_tim_ex.o
 .comment       0x0000000000000053       0x54 ./st7735/Src/fonts.o
 .comment       0x0000000000000053       0x54 ./st7735/Src/st7735.o

.debug_frame    0x0000000000000000     0x3a84
 .debug_frame   0x0000000000000000      0x168 ./AD9833/Src/AD9833.o
 .debug_frame   0x0000000000000168       0x8c ./Core/Src/encoder.o
 .debug_frame   0x00000000000001f4       0x34 ./Core/Src/gpio.o
 .debug_frame   0x0000000000000228       0xdc ./Core/Src/main.o
 .debug_frame   0x0000000000000304       0x90 ./Core/Src/spi.o
 .debug_frame   0x0000000000000394       0x38 ./Core/Src/stm32f4xx_hal_msp.o
 .debug_frame   0x00000000000003cc      0x104 ./Core/Src/stm32f4xx_it.o
 .debug_frame   0x00000000000004d0       0x34 ./Core/Src/sysmem.o
 .debug_frame   0x0000000000000504       0x58 ./Core/Src/system_stm32f4xx.o
 .debug_frame   0x000000000000055c       0x7c ./Core/Src/tim.o
 .debug_frame   0x00000000000005d8      0x374 ./Drivers/STM32F4xx_HAL_Driver/Src/stm32f4xx_hal.o
 .debug_frame   0x000000000000094c      0x498 ./Drivers/STM32F4xx_HAL_Driver/Src/stm32f4xx_hal_cortex.o
 .debug_frame   0x0000000000000de4      0x14c ./Drivers/STM32F4xx_HAL_Driver/Src/stm32f4xx_hal_gpio.o
 .debug_frame   0x0000000000000f30      0x1ec ./Drivers/STM32F4xx_HAL_Driver/Src/stm32f4xx_hal_rcc.o
 .debug_frame   0x000000000000111c      0x824 ./Drivers/STM32F4xx_HAL_Driver/Src/stm32f4xx_hal_spi.o
 .debug_frame   0x0000000000001940     0x11bc ./Drivers/STM32F4xx_HAL_Driver/Src/stm32f4xx_hal_tim.o
 .debug_frame   0x0000000000002afc      0x638 ./Drivers/STM32F4xx_HAL_Driver/Src/stm32f4xx_hal_tim_ex.o
 .debug_frame   0x0000000000003134      0x3ac ./st7735/Src/st7735.o
 .debug_frame   0x00000000000034e0       0x20 d:/programs/stmicroelectronics/stm32cubeide_1.7.0/stm32cubeide/plugins/com.st.stm32cube.ide.mcu.externaltools.gnu-tools-for-stm32.9-2020-q2-update.win32_2.0.0.202105311346/tools/bin/../lib/gcc/arm-none-eabi/9.3.1/../../../../arm-none-eabi/lib/thumb/v7e-m+fp/hard\libc_nano.a(lib_a-errno.o)
 .debug_frame   0x0000000000003500       0x2c d:/programs/stmicroelectronics/stm32cubeide_1.7.0/stm32cubeide/plugins/com.st.stm32cube.ide.mcu.externaltools.gnu-tools-for-stm32.9-2020-q2-update.win32_2.0.0.202105311346/tools/bin/../lib/gcc/arm-none-eabi/9.3.1/../../../../arm-none-eabi/lib/thumb/v7e-m+fp/hard\libc_nano.a(lib_a-init.o)
 .debug_frame   0x000000000000352c       0x20 d:/programs/stmicroelectronics/stm32cubeide_1.7.0/stm32cubeide/plugins/com.st.stm32cube.ide.mcu.externaltools.gnu-tools-for-stm32.9-2020-q2-update.win32_2.0.0.202105311346/tools/bin/../lib/gcc/arm-none-eabi/9.3.1/../../../../arm-none-eabi/lib/thumb/v7e-m+fp/hard\libc_nano.a(lib_a-memset.o)
 .debug_frame   0x000000000000354c       0x6c d:/programs/stmicroelectronics/stm32cubeide_1.7.0/stm32cubeide/plugins/com.st.stm32cube.ide.mcu.externaltools.gnu-tools-for-stm32.9-2020-q2-update.win32_2.0.0.202105311346/tools/bin/../lib/gcc/arm-none-eabi/9.3.1/../../../../arm-none-eabi/lib/thumb/v7e-m+fp/hard\libc_nano.a(lib_a-sprintf.o)
 .debug_frame   0x00000000000035b8       0x90 d:/programs/stmicroelectronics/stm32cubeide_1.7.0/stm32cubeide/plugins/com.st.stm32cube.ide.mcu.externaltools.gnu-tools-for-stm32.9-2020-q2-update.win32_2.0.0.202105311346/tools/bin/../lib/gcc/arm-none-eabi/9.3.1/../../../../arm-none-eabi/lib/thumb/v7e-m+fp/hard\libc_nano.a(lib_a-nano-svfprintf.o)
 .debug_frame   0x0000000000003648       0x60 d:/programs/stmicroelectronics/stm32cubeide_1.7.0/stm32cubeide/plugins/com.st.stm32cube.ide.mcu.externaltools.gnu-tools-for-stm32.9-2020-q2-update.win32_2.0.0.202105311346/tools/bin/../lib/gcc/arm-none-eabi/9.3.1/../../../../arm-none-eabi/lib/thumb/v7e-m+fp/hard\libc_nano.a(lib_a-nano-vfprintf_i.o)
 .debug_frame   0x00000000000036a8       0x28 d:/programs/stmicroelectronics/stm32cubeide_1.7.0/stm32cubeide/plugins/com.st.stm32cube.ide.mcu.externaltools.gnu-tools-for-stm32.9-2020-q2-update.win32_2.0.0.202105311346/tools/bin/../lib/gcc/arm-none-eabi/9.3.1/../../../../arm-none-eabi/lib/thumb/v7e-m+fp/hard\libc_nano.a(lib_a-memcpy-stub.o)
 .debug_frame   0x00000000000036d0       0x28 d:/programs/stmicroelectronics/stm32cubeide_1.7.0/stm32cubeide/plugins/com.st.stm32cube.ide.mcu.externaltools.gnu-tools-for-stm32.9-2020-q2-update.win32_2.0.0.202105311346/tools/bin/../lib/gcc/arm-none-eabi/9.3.1/../../../../arm-none-eabi/lib/thumb/v7e-m+fp/hard\libc_nano.a(lib_a-memmove.o)
 .debug_frame   0x00000000000036f8       0x38 d:/programs/stmicroelectronics/stm32cubeide_1.7.0/stm32cubeide/plugins/com.st.stm32cube.ide.mcu.externaltools.gnu-tools-for-stm32.9-2020-q2-update.win32_2.0.0.202105311346/tools/bin/../lib/gcc/arm-none-eabi/9.3.1/../../../../arm-none-eabi/lib/thumb/v7e-m+fp/hard\libc_nano.a(lib_a-nano-freer.o)
 .debug_frame   0x0000000000003730       0x30 d:/programs/stmicroelectronics/stm32cubeide_1.7.0/stm32cubeide/plugins/com.st.stm32cube.ide.mcu.externaltools.gnu-tools-for-stm32.9-2020-q2-update.win32_2.0.0.202105311346/tools/bin/../lib/gcc/arm-none-eabi/9.3.1/../../../../arm-none-eabi/lib/thumb/v7e-m+fp/hard\libc_nano.a(lib_a-nano-mallocr.o)
 .debug_frame   0x0000000000003760       0x3c d:/programs/stmicroelectronics/stm32cubeide_1.7.0/stm32cubeide/plugins/com.st.stm32cube.ide.mcu.externaltools.gnu-tools-for-stm32.9-2020-q2-update.win32_2.0.0.202105311346/tools/bin/../lib/gcc/arm-none-eabi/9.3.1/../../../../arm-none-eabi/lib/thumb/v7e-m+fp/hard\libc_nano.a(lib_a-nano-reallocr.o)
 .debug_frame   0x000000000000379c       0x2c d:/programs/stmicroelectronics/stm32cubeide_1.7.0/stm32cubeide/plugins/com.st.stm32cube.ide.mcu.externaltools.gnu-tools-for-stm32.9-2020-q2-update.win32_2.0.0.202105311346/tools/bin/../lib/gcc/arm-none-eabi/9.3.1/../../../../arm-none-eabi/lib/thumb/v7e-m+fp/hard\libc_nano.a(lib_a-sbrkr.o)
 .debug_frame   0x00000000000037c8       0x30 d:/programs/stmicroelectronics/stm32cubeide_1.7.0/stm32cubeide/plugins/com.st.stm32cube.ide.mcu.externaltools.gnu-tools-for-stm32.9-2020-q2-update.win32_2.0.0.202105311346/tools/bin/../lib/gcc/arm-none-eabi/9.3.1/../../../../arm-none-eabi/lib/thumb/v7e-m+fp/hard\libc_nano.a(lib_a-mlock.o)
 .debug_frame   0x00000000000037f8       0x20 d:/programs/stmicroelectronics/stm32cubeide_1.7.0/stm32cubeide/plugins/com.st.stm32cube.ide.mcu.externaltools.gnu-tools-for-stm32.9-2020-q2-update.win32_2.0.0.202105311346/tools/bin/../lib/gcc/arm-none-eabi/9.3.1/../../../../arm-none-eabi/lib/thumb/v7e-m+fp/hard\libc_nano.a(lib_a-nano-msizer.o)
 .debug_frame   0x0000000000003818       0x5c d:/programs/stmicroelectronics/stm32cubeide_1.7.0/stm32cubeide/plugins/com.st.stm32cube.ide.mcu.externaltools.gnu-tools-for-stm32.9-2020-q2-update.win32_2.0.0.202105311346/tools/bin/../lib/gcc/arm-none-eabi/9.3.1/../../../../arm-none-eabi/lib/thumb/v7e-m+fp/hard\libc_nano.a(lib_a-reent.o)
 .debug_frame   0x0000000000003874       0xb0 d:/programs/stmicroelectronics/stm32cubeide_1.7.0/stm32cubeide/plugins/com.st.stm32cube.ide.mcu.externaltools.gnu-tools-for-stm32.9-2020-q2-update.win32_2.0.0.202105311346/tools/bin/../lib/gcc/arm-none-eabi/9.3.1/../../../../arm-none-eabi/lib/thumb/v7e-m+fp/hard\libc_nano.a(lib_a-lock.o)
 .debug_frame   0x0000000000003924       0x30 d:/programs/stmicroelectronics/stm32cubeide_1.7.0/stm32cubeide/plugins/com.st.stm32cube.ide.mcu.externaltools.gnu-tools-for-stm32.9-2020-q2-update.win32_2.0.0.202105311346/tools/bin/../lib/gcc/arm-none-eabi/9.3.1/thumb/v7e-m+fp/hard\libgcc.a(_arm_muldf3.o)
 .debug_frame   0x0000000000003954       0xac d:/programs/stmicroelectronics/stm32cubeide_1.7.0/stm32cubeide/plugins/com.st.stm32cube.ide.mcu.externaltools.gnu-tools-for-stm32.9-2020-q2-update.win32_2.0.0.202105311346/tools/bin/../lib/gcc/arm-none-eabi/9.3.1/thumb/v7e-m+fp/hard\libgcc.a(_arm_addsubdf3.o)
 .debug_frame   0x0000000000003a00       0x24 d:/programs/stmicroelectronics/stm32cubeide_1.7.0/stm32cubeide/plugins/com.st.stm32cube.ide.mcu.externaltools.gnu-tools-for-stm32.9-2020-q2-update.win32_2.0.0.202105311346/tools/bin/../lib/gcc/arm-none-eabi/9.3.1/thumb/v7e-m+fp/hard\libgcc.a(_arm_fixunsdfsi.o)
 .debug_frame   0x0000000000003a24       0x2c d:/programs/stmicroelectronics/stm32cubeide_1.7.0/stm32cubeide/plugins/com.st.stm32cube.ide.mcu.externaltools.gnu-tools-for-stm32.9-2020-q2-update.win32_2.0.0.202105311346/tools/bin/../lib/gcc/arm-none-eabi/9.3.1/thumb/v7e-m+fp/hard\libgcc.a(_aeabi_uldivmod.o)