Archive member included to satisfy reference by file (symbol)

d:/programs/stmicroelectronics/stm32cubeide_1.7.0/stm32cubeide/plugins/com.st.stm32cube.ide.mcu.externaltools.gnu-tools-for-stm32.9-2020-q2-update.win32_2.0.0.202105311346/tools/bin/../lib/gcc/arm-none-eabi/9.3.1/../../../../arm-none-eabi/lib/thumb/v7e-m+fp/hard\libc_nano.a(lib_a-errno.o)
                              ./Core/Src/syscalls.o (__errno)
d:/programs/stmicroelectronics/stm32cubeide_1.7.0/stm32cubeide/plugins/com.st.stm32cube.ide.mcu.externaltools.gnu-tools-for-stm32.9-2020-q2-update.win32_2.0.0.202105311346/tools/bin/../lib/gcc/arm-none-eabi/9.3.1/../../../../arm-none-eabi/lib/thumb/v7e-m+fp/hard\libc_nano.a(lib_a-exit.o)
                              d:/programs/stmicroelectronics/stm32cubeide_1.7.0/stm32cubeide/plugins/com.st.stm32cube.ide.mcu.externaltools.gnu-tools-for-stm32.9-2020-q2-update.win32_2.0.0.202105311346/tools/bin/../lib/gcc/arm-none-eabi/9.3.1/../../../../arm-none-eabi/lib/thumb/v7e-m+fp/hard/crt0.o (exit)
d:/programs/stmicroelectronics/stm32cubeide_1.7.0/stm32cubeide/plugins/com.st.stm32cube.ide.mcu.externaltools.gnu-tools-for-stm32.9-2020-q2-update.win32_2.0.0.202105311346/tools/bin/../lib/gcc/arm-none-eabi/9.3.1/../../../../arm-none-eabi/lib/thumb/v7e-m+fp/hard\libc_nano.a(lib_a-impure.o)
                              d:/programs/stmicroelectronics/stm32cubeide_1.7.0/stm32cubeide/plugins/com.st.stm32cube.ide.mcu.externaltools.gnu-tools-for-stm32.9-2020-q2-update.win32_2.0.0.202105311346/tools/bin/../lib/gcc/arm-none-eabi/9.3.1/../../../../arm-none-eabi/lib/thumb/v7e-m+fp/hard\libc_nano.a(lib_a-exit.o) (_global_impure_ptr)
d:/programs/stmicroelectronics/stm32cubeide_1.7.0/stm32cubeide/plugins/com.st.stm32cube.ide.mcu.externaltools.gnu-tools-for-stm32.9-2020-q2-update.win32_2.0.0.202105311346/tools/bin/../lib/gcc/arm-none-eabi/9.3.1/../../../../arm-none-eabi/lib/thumb/v7e-m+fp/hard\libc_nano.a(lib_a-init.o)
                              d:/programs/stmicroelectronics/stm32cubeide_1.7.0/stm32cubeide/plugins/com.st.stm32cube.ide.mcu.externaltools.gnu-tools-for-stm32.9-2020-q2-update.win32_2.0.0.202105311346/tools/bin/../lib/gcc/arm-none-eabi/9.3.1/../../../../arm-none-eabi/lib/thumb/v7e-m+fp/hard/crt0.o (__libc_init_array)
d:/programs/stmicroelectronics/stm32cubeide_1.7.0/stm32cubeide/plugins/com.st.stm32cube.ide.mcu.externaltools.gnu-tools-for-stm32.9-2020-q2-update.win32_2.0.0.202105311346/tools/bin/../lib/gcc/arm-none-eabi/9.3.1/../../../../arm-none-eabi/lib/thumb/v7e-m+fp/hard\libc_nano.a(lib_a-memset.o)
                              d:/programs/stmicroelectronics/stm32cubeide_1.7.0/stm32cubeide/plugins/com.st.stm32cube.ide.mcu.externaltools.gnu-tools-for-stm32.9-2020-q2-update.win32_2.0.0.202105311346/tools/bin/../lib/gcc/arm-none-eabi/9.3.1/../../../../arm-none-eabi/lib/thumb/v7e-m+fp/hard/crt0.o (memset)
d:/programs/stmicroelectronics/stm32cubeide_1.7.0/stm32cubeide/plugins/com.st.stm32cube.ide.mcu.externaltools.gnu-tools-for-stm32.9-2020-q2-update.win32_2.0.0.202105311346/tools/bin/../lib/gcc/arm-none-eabi/9.3.1/../../../../arm-none-eabi/lib/thumb/v7e-m+fp/hard\libc_nano.a(lib_a-sprintf.o)
                              ./Core/Src/main.o (sprintf)
d:/programs/stmicroelectronics/stm32cubeide_1.7.0/stm32cubeide/plugins/com.st.stm32cube.ide.mcu.externaltools.gnu-tools-for-stm32.9-2020-q2-update.win32_2.0.0.202105311346/tools/bin/../lib/gcc/arm-none-eabi/9.3.1/../../../../arm-none-eabi/lib/thumb/v7e-m+fp/hard\libc_nano.a(lib_a-nano-svfprintf.o)
                              d:/programs/stmicroelectronics/stm32cubeide_1.7.0/stm32cubeide/plugins/com.st.stm32cube.ide.mcu.externaltools.gnu-tools-for-stm32.9-2020-q2-update.win32_2.0.0.202105311346/tools/bin/../lib/gcc/arm-none-eabi/9.3.1/../../../../arm-none-eabi/lib/thumb/v7e-m+fp/hard\libc_nano.a(lib_a-sprintf.o) (_svfprintf_r)
d:/programs/stmicroelectronics/stm32cubeide_1.7.0/stm32cubeide/plugins/com.st.stm32cube.ide.mcu.externaltools.gnu-tools-for-stm32.9-2020-q2-update.win32_2.0.0.202105311346/tools/bin/../lib/gcc/arm-none-eabi/9.3.1/../../../../arm-none-eabi/lib/thumb/v7e-m+fp/hard\libc_nano.a(lib_a-nano-vfprintf_i.o)
                              d:/programs/stmicroelectronics/stm32cubeide_1.7.0/stm32cubeide/plugins/com.st.stm32cube.ide.mcu.externaltools.gnu-tools-for-stm32.9-2020-q2-update.win32_2.0.0.202105311346/tools/bin/../lib/gcc/arm-none-eabi/9.3.1/../../../../arm-none-eabi/lib/thumb/v7e-m+fp/hard\libc_nano.a(lib_a-nano-svfprintf.o) (_printf_i)
d:/programs/stmicroelectronics/stm32cubeide_1.7.0/stm32cubeide/plugins/com.st.stm32cube.ide.mcu.externaltools.gnu-tools-for-stm32.9-2020-q2-update.win32_2.0.0.202105311346/tools/bin/../lib/gcc/arm-none-eabi/9.3.1/../../../../arm-none-eabi/lib/thumb/v7e-m+fp/hard\libc_nano.a(lib_a-memchr.o)
[...]
Memory Configuration

Name             Origin             Length             Attributes
RAM              0x0000000020000000 0x0000000000010000 xrw
FLASH            0x0000000008000000 0x0000000000040000 xr
*default*        0x0000000000000000 0xffffffffffffffff

Linker script and memory map

LOAD d:/programs/stmicroelectronics/stm32cubeide_1.7.0/stm32cubeide/plugins/com.st.stm32cube.ide.mcu.externaltools.gnu-tools-for-stm32.9-2020-q2-update.win32_2.0.0.202105311346/tools/bin/../lib/gcc/arm-none-eabi/9.3.1/thumb/v7e-m+fp/hard/crti.o
LOAD d:/programs/stmicroelectronics/stm32cubeide_1.7.0/stm32cubeide/plugins/com.st.stm32cube.ide.mcu.externaltools.gnu-tools-for-stm32.9-2020-q2-update.win32_2.0.0.202105311346/tools/bin/../lib/gcc/arm-none-eabi/9.3.1/thumb/v7e-m+fp/hard/crtbegin.o
LOAD d:/programs/stmicroelectronics/stm32cubeide_1.7.0/stm32cubeide/plugins/com.st.stm32cube.ide.mcu.externaltools.gnu-tools-for-stm32.9-2020-q2-update.win32_2.0.0.202105311346/tools/bin/../lib/gcc/arm-none-eabi/9.3.1/../../../../arm-none-eabi/lib/thumb/v7e-m+fp/hard/crt0.o
LOAD ./Core/Src/encoder.o
LOAD ./Core/Src/gpio.o
LOAD ./Core/Src/main.o
LOAD ./Core/Src/spi.o
LOAD ./Core/Src/stm32f4xx_hal_msp.o
LOAD ./Core/Src/stm32f4xx_it.o
LOAD ./Core/Src/syscalls.o
LOAD ./Core/Src/sysmem.o
LOAD ./Core/Src/system_stm32f4xx.o
LOAD ./Core/Src/tim.o
LOAD ./Core/Startup/startup_stm32f401ccux.o
LOAD ./Drivers/STM32F4xx_HAL_Driver/Src/stm32f4xx_hal.o
LOAD ./Drivers/STM32F4xx_HAL_Driver/Src/stm32f4xx_hal_cortex.o
LOAD ./Drivers/STM32F4xx_HAL_Driver/Src/stm32f4xx_hal_dma.o
LOAD ./Drivers/STM32F4xx_HAL_Driver/Src/stm32f4xx_hal_dma_ex.o
LOAD ./Drivers/STM32F4xx_HAL_Driver/Src/stm32f4xx_hal_exti.o
LOAD ./Drivers/STM32F4xx_HAL_Driver/Src/stm32f4xx_hal_flash.o
LOAD ./Drivers/STM32F4xx_HAL_Driver/Src/stm32f4xx_hal_flash_ex.o
LOAD ./Drivers/STM32F4xx_HAL_Driver/Src/stm32f4xx_hal_flash_ramfunc.o
LOAD ./Drivers/STM32F4xx_HAL_Driver/Src/stm32f4xx_hal_gpio.o
LOAD ./Drivers/STM32F4xx_HAL_Driver/Src/stm32f4xx_hal_pwr.o
LOAD ./Drivers/STM32F4xx_HAL_Driver/Src/stm32f4xx_hal_pwr_ex.o
LOAD ./Drivers/STM32F4xx_HAL_Driver/Src/stm32f4xx_hal_rcc.o
LOAD ./Drivers/STM32F4xx_HAL_Driver/Src/stm32f4xx_hal_rcc_ex.o
LOAD ./Drivers/STM32F4xx_HAL_Driver/Src/stm32f4xx_hal_spi.o
LOAD ./Drivers/STM32F4xx_HAL_Driver/Src/stm32f4xx_hal_tim.o
LOAD ./Drivers/STM32F4xx_HAL_Driver/Src/stm32f4xx_hal_tim_ex.o
LOAD ./st7735/Src/fonts.o
LOAD ./st7735/Src/st7735.o
START GROUP
LOAD d:/programs/stmicroelectronics/stm32cubeide_1.7.0/stm32cubeide/plugins/com.st.stm32cube.ide.mcu.externaltools.gnu-tools-for-stm32.9-2020-q2-update.win32_2.0.0.202105311346/tools/bin/../lib/gcc/arm-none-eabi/9.3.1/../../../../arm-none-eabi/lib/thumb/v7e-m+fp/hard\libc_nano.a
LOAD d:/programs/stmicroelectronics/stm32cubeide_1.7.0/stm32cubeide/plugins/com.st.stm32cube.ide.mcu.externaltools.gnu-tools-for-stm32.9-2020-q2-update.win32_2.0.0.202105311346/tools/bin/../lib/gcc/arm-none-eabi/9.3.1/../../../../arm-none-eabi/lib/thumb/v7e-m+fp/hard\libm.a
END GROUP
START GROUP
LOAD d:/programs/stmicroelectronics/stm32cubeide_1.7.0/stm32cubeide/plugins/com.st.stm32cube.ide.mcu.externaltools.gnu-tools-for-stm32.9-2020-q2-update.win32_2.0.0.202105311346/tools/bin/../lib/gcc/arm-none-eabi/9.3.1/thumb/v7e-m+fp/hard\libgcc.a
LOAD d:/programs/stmicroelectronics/stm32cubeide_1.7.0/stm32cubeide/plugins/com.st.stm32cube.ide.mcu.externaltools.gnu-tools-for-stm32.9-2020-q2-update.win32_2.0.0.202105311346/tools/bin/../lib/gcc/arm-none-eabi/9.3.1/../../../../arm-none-eabi/lib/thumb/v7e-m+fp/hard\libc_nano.a
END GROUP
START GROUP
LOAD d:/programs/stmicroelectronics/stm32cubeide_1.7.0/stm32cubeide/plugins/com.st.stm32cube.ide.mcu.externaltools.gnu-tools-for-stm32.9-2020-q2-update.win32_2.0.0.202105311346/tools/bin/../lib/gcc/arm-none-eabi/9.3.1/thumb/v7e-m+fp/hard\libgcc.a
LOAD d:/programs/stmicroelectronics/stm32cubeide_1.7.0/stm32cubeide/plugins/com.st.stm32cube.ide.mcu.externaltools.gnu-tools-for-stm32.9-2020-q2-update.win32_2.0.0.202105311346/tools/bin/../lib/gcc/arm-none-eabi/9.3.1/../../../../arm-none-eabi/lib/thumb/v7e-m+fp/hard\libc_nano.a
LOAD d:/programs/stmicroelectronics/stm32cubeide_1.7.0/stm32cubeide/plugins/com.st.stm32cube.ide.mcu.externaltools.gnu-tools-for-stm32.9-2020-q2-update.win32_2.0.0.202105311346/tools/bin/../lib/gcc/arm-none-eabi/9.3.1/../../../../arm-none-eabi/lib/thumb/v7e-m+fp/hard\libnosys.a
END GROUP
START GROUP
LOAD d:/programs/stmicroelectronics/stm32cubeide_1.7.0/stm32cubeide/plugins/com.st.stm32cube.ide.mcu.externaltools.gnu-tools-for-stm32.9-2020-q2-update.win32_2.0.0.202105311346/tools/bin/../lib/gcc/arm-none-eabi/9.3.1/thumb/v7e-m+fp/hard\libgcc.a
LOAD d:/programs/stmicroelectronics/stm32cubeide_1.7.0/stm32cubeide/plugins/com.st.stm32cube.ide.mcu.externaltools.gnu-tools-for-stm32.9-2020-q2-update.win32_2.0.0.202105311346/tools/bin/../lib/gcc/arm-none-eabi/9.3.1/../../../../arm-none-eabi/lib/thumb/v7e-m+fp/hard\libc_nano.a
LOAD d:/programs/stmicroelectronics/stm32cubeide_1.7.0/stm32cubeide/plugins/com.st.stm32cube.ide.mcu.externaltools.gnu-tools-for-stm32.9-2020-q2-update.win32_2.0.0.202105311346/tools/bin/../lib/gcc/arm-none-eabi/9.3.1/../../../../arm-none-eabi/lib/thumb/v7e-m+fp/hard\libnosys.a
END GROUP
LOAD d:/programs/stmicroelectronics/stm32cubeide_1.7.0/stm32cubeide/plugins/com.st.stm32cube.ide.mcu.externaltools.gnu-tools-for-stm32.9-2020-q2-update.win32_2.0.0.202105311346/tools/bin/../lib/gcc/arm-none-eabi/9.3.1/thumb/v7e-m+fp/hard/crtend.o
LOAD d:/programs/stmicroelectronics/stm32cubeide_1.7.0/stm32cubeide/plugins/com.st.stm32cube.ide.mcu.externaltools.gnu-tools-for-stm32.9-2020-q2-update.win32_2.0.0.202105311346/tools/bin/../lib/gcc/arm-none-eabi/9.3.1/thumb/v7e-m+fp/hard/crtn.o
                0x0000000020010000                _estack = (ORIGIN (RAM) + LENGTH (RAM))
                0x0000000000000200                _Min_Heap_Size = 0x200
                0x0000000000000400                _Min_Stack_Size = 0x400

.isr_vector     0x0000000008000000      0x194
                0x0000000008000000                . = ALIGN (0x4)
 *(.isr_vector)
 .isr_vector    0x0000000008000000      0x194 ./Core/Startup/startup_stm32f401ccux.o
                0x0000000008000000                g_pfnVectors
                0x0000000008000194                . = ALIGN (0x4)

.text           0x00000000080001a0     0x34cc
                0x00000000080001a0                . = ALIGN (0x4)
 *(.text)
 .text          0x00000000080001a0       0x40 d:/programs/stmicroelectronics/stm32cubeide_1.7.0/stm32cubeide/plugins/com.st.stm32cube.ide.mcu.externaltools.gnu-tools-for-stm32.9-2020-q2-update.win32_2.0.0.202105311346/tools/bin/../lib/gcc/arm-none-eabi/9.3.1/thumb/v7e-m+fp/hard/crtbegin.o
 .text          0x00000000080001e0       0xa0 d:/programs/stmicroelectronics/stm32cubeide_1.7.0/stm32cubeide/plugins/com.st.stm32cube.ide.mcu.externaltools.gnu-tools-for-stm32.9-2020-q2-update.win32_2.0.0.202105311346/tools/bin/../lib/gcc/arm-none-eabi/9.3.1/../../../../arm-none-eabi/lib/thumb/v7e-m+fp/hard\libc_nano.a(lib_a-memchr.o)
                0x00000000080001e0                memchr
 .text          0x0000000008000280       0x30 d:/programs/stmicroelectronics/stm32cubeide_1.7.0/stm32cubeide/plugins/com.st.stm32cube.ide.mcu.externaltools.gnu-tools-for-stm32.9-2020-q2-update.win32_2.0.0.202105311346/tools/bin/../lib/gcc/arm-none-eabi/9.3.1/thumb/v7e-m+fp/hard\libgcc.a(_aeabi_uldivmod.o)
                0x0000000008000280                __aeabi_uldivmod
 .text          0x00000000080002b0      0x2c4 d:/programs/stmicroelectronics/stm32cubeide_1.7.0/stm32cubeide/plugins/com.st.stm32cube.ide.mcu.externaltools.gnu-tools-for-stm32.9-2020-q2-update.win32_2.0.0.202105311346/tools/bin/../lib/gcc/arm-none-eabi/9.3.1/thumb/v7e-m+fp/hard\libgcc.a(_udivmoddi4.o)
                0x00000000080002b0                __udivmoddi4
 .text          0x0000000008000574        0x4 d:/programs/stmicroelectronics/stm32cubeide_1.7.0/stm32cubeide/plugins/com.st.stm32cube.ide.mcu.externaltools.gnu-tools-for-stm32.9-2020-q2-update.win32_2.0.0.202105311346/tools/bin/../lib/gcc/arm-none-eabi/9.3.1/thumb/v7e-m+fp/hard\libgcc.a(_dvmd_tls.o)
                0x0000000008000574                __aeabi_idiv0
                0x0000000008000574                __aeabi_ldiv0
 *(.text*)
 .text.Encoder_Init
                0x0000000008000578       0x14 ./Core/Src/encoder.o
                0x0000000008000578                Encoder_Init
 .text.Encoder_Read
                0x000000000800058c       0x28 ./Core/Src/encoder.o
                0x000000000800058c                Encoder_Read
 .text.Encoder_Get_Status
                0x00000000080005b4       0x6c ./Core/Src/encoder.o
                0x00000000080005b4                Encoder_Get_Status
 .text.Button_Get_Status
                0x0000000008000620      0x110 ./Core/Src/encoder.o
                0x0000000008000620                Button_Get_Status
 .text.MX_GPIO_Init
                0x0000000008000730       0xc4 ./Core/Src/gpio.o
                0x0000000008000730                MX_GPIO_Init
 .text.main     0x00000000080007f4      0x1a0 ./Core/Src/main.o
                0x00000000080007f4                main
 .text.Edit_Frequency
                0x0000000008000994       0x8a ./Core/Src/main.o
                0x0000000008000994                Edit_Frequency
 .text.int_pow  0x0000000008000a1e       0x4a ./Core/Src/main.o
                0x0000000008000a1e                int_pow
 .text.SystemClock_Config
                0x0000000008000a68       0xd4 ./Core/Src/main.o
                0x0000000008000a68                SystemClock_Config
 .text.Error_Handler
                0x0000000008000b3c        0xa ./Core/Src/main.o
                0x0000000008000b3c                Error_Handler
 *fill*         0x0000000008000b46        0x2 
 .text.MX_SPI1_Init
                0x0000000008000b48       0x6c ./Core/Src/spi.o
                0x0000000008000b48                MX_SPI1_Init
 .text.MX_SPI2_Init
                0x0000000008000bb4       0x6c ./Core/Src/spi.o
                0x0000000008000bb4                MX_SPI2_Init
 .text.HAL_SPI_MspInit
                0x0000000008000c20       0xfc ./Core/Src/spi.o
                0x0000000008000c20                HAL_SPI_MspInit
 .text.HAL_MspInit
                0x0000000008000d1c       0x50 ./Core/Src/stm32f4xx_hal_msp.o
                0x0000000008000d1c                HAL_MspInit
 .text.NMI_Handler
                0x0000000008000d6c        0x6 ./Core/Src/stm32f4xx_it.o
                0x0000000008000d6c                NMI_Handler
 .text.HardFault_Handler
                0x0000000008000d72        0x6 ./Core/Src/stm32f4xx_it.o
                0x0000000008000d72                HardFault_Handler
 .text.MemManage_Handler
                0x0000000008000d78        0x6 ./Core/Src/stm32f4xx_it.o
                0x0000000008000d78                MemManage_Handler
 .text.BusFault_Handler
                0x0000000008000d7e        0x6 ./Core/Src/stm32f4xx_it.o
                0x0000000008000d7e                BusFault_Handler
 .text.UsageFault_Handler
                0x0000000008000d84        0x6 ./Core/Src/stm32f4xx_it.o
                0x0000000008000d84                UsageFault_Handler
 .text.SVC_Handler
                0x0000000008000d8a        0xe ./Core/Src/stm32f4xx_it.o
                0x0000000008000d8a                SVC_Handler
 .text.DebugMon_Handler
                0x0000000008000d98        0xe ./Core/Src/stm32f4xx_it.o
                0x0000000008000d98                DebugMon_Handler
 .text.PendSV_Handler
                0x0000000008000da6        0xe ./Core/Src/stm32f4xx_it.o
                0x0000000008000da6                PendSV_Handler
 .text.SysTick_Handler
                0x0000000008000db4        0xc ./Core/Src/stm32f4xx_it.o
                0x0000000008000db4                SysTick_Handler
 .text._sbrk    0x0000000008000dc0       0x6c ./Core/Src/sysmem.o
                0x0000000008000dc0                _sbrk
 .text.SystemInit
                0x0000000008000e2c       0x24 ./Core/Src/system_stm32f4xx.o
                0x0000000008000e2c                SystemInit
 .text.MX_TIM1_Init
                0x0000000008000e50       0xb0 ./Core/Src/tim.o
                0x0000000008000e50                MX_TIM1_Init
 .text.HAL_TIM_Encoder_MspInit
                0x0000000008000f00       0x90 ./Core/Src/tim.o
                0x0000000008000f00                HAL_TIM_Encoder_MspInit
 .text.Reset_Handler
                0x0000000008000f90       0x50 ./Core/Startup/startup_stm32f401ccux.o
                0x0000000008000f90                Reset_Handler
 .text.Default_Handler
                0x0000000008000fe0        0x2 ./Core/Startup/startup_stm32f401ccux.o
                0x0000000008000fe0                RTC_Alarm_IRQHandler
                0x0000000008000fe0                EXTI2_IRQHandler
                0x0000000008000fe0                SPI4_IRQHandler
                0x0000000008000fe0                TIM1_CC_IRQHandler
                0x0000000008000fe0                DMA2_Stream5_IRQHandler
                0x0000000008000fe0                DMA1_Stream5_IRQHandler
                0x0000000008000fe0                PVD_IRQHandler
                0x0000000008000fe0                SDIO_IRQHandler
                0x0000000008000fe0                TAMP_STAMP_IRQHandler
                0x0000000008000fe0                EXTI3_IRQHandler
                0x0000000008000fe0                TIM1_UP_TIM10_IRQHandler
                0x0000000008000fe0                I2C3_ER_IRQHandler
                0x0000000008000fe0                EXTI0_IRQHandler
                0x0000000008000fe0                I2C2_EV_IRQHandler
                0x0000000008000fe0                DMA1_Stream2_IRQHandler
                0x0000000008000fe0                FPU_IRQHandler
                0x0000000008000fe0                DMA2_Stream2_IRQHandler
                0x0000000008000fe0                SPI1_IRQHandler
                0x0000000008000fe0                TIM1_BRK_TIM9_IRQHandler
                0x0000000008000fe0                DMA2_Stream3_IRQHandler
                0x0000000008000fe0                USART6_IRQHandler
                0x0000000008000fe0                DMA2_Stream0_IRQHandler
                0x0000000008000fe0                TIM4_IRQHandler
                0x0000000008000fe0                I2C1_EV_IRQHandler
                0x0000000008000fe0                DMA1_Stream6_IRQHandler
                0x0000000008000fe0                DMA1_Stream1_IRQHandler
                0x0000000008000fe0                TIM3_IRQHandler
                0x0000000008000fe0                RCC_IRQHandler
                0x0000000008000fe0                Default_Handler
                0x0000000008000fe0                EXTI15_10_IRQHandler
                0x0000000008000fe0                ADC_IRQHandler
                0x0000000008000fe0                DMA1_Stream7_IRQHandler
                0x0000000008000fe0                TIM5_IRQHandler
                0x0000000008000fe0                DMA2_Stream7_IRQHandler
                0x0000000008000fe0                I2C3_EV_IRQHandler
                0x0000000008000fe0                EXTI9_5_IRQHandler
                0x0000000008000fe0                RTC_WKUP_IRQHandler
                0x0000000008000fe0                SPI2_IRQHandler
                0x0000000008000fe0                DMA1_Stream0_IRQHandler
                0x0000000008000fe0                EXTI4_IRQHandler
                0x0000000008000fe0                WWDG_IRQHandler
                0x0000000008000fe0                TIM2_IRQHandler
                0x0000000008000fe0                OTG_FS_WKUP_IRQHandler
                0x0000000008000fe0                TIM1_TRG_COM_TIM11_IRQHandler
                0x0000000008000fe0                EXTI1_IRQHandler
                0x0000000008000fe0                USART2_IRQHandler
                0x0000000008000fe0                I2C2_ER_IRQHandler
                0x0000000008000fe0                DMA2_Stream1_IRQHandler
                0x0000000008000fe0                FLASH_IRQHandler
                0x0000000008000fe0                DMA2_Stream4_IRQHandler
                0x0000000008000fe0                USART1_IRQHandler
                0x0000000008000fe0                OTG_FS_IRQHandler
                0x0000000008000fe0                SPI3_IRQHandler
                0x0000000008000fe0                DMA1_Stream4_IRQHandler
                0x0000000008000fe0                I2C1_ER_IRQHandler
                0x0000000008000fe0                DMA2_Stream6_IRQHandler
                0x0000000008000fe0                DMA1_Stream3_IRQHandler
 *fill*         0x0000000008000fe2        0x2 
 .text.HAL_Init
                0x0000000008000fe4       0x44 ./Drivers/STM32F4xx_HAL_Driver/Src/stm32f4xx_hal.o
                0x0000000008000fe4                HAL_Init
 .text.HAL_InitTick
                0x0000000008001028       0x60 ./Drivers/STM32F4xx_HAL_Driver/Src/stm32f4xx_hal.o
                0x0000000008001028                HAL_InitTick
 .text.HAL_IncTick
                0x0000000008001088       0x28 ./Drivers/STM32F4xx_HAL_Driver/Src/stm32f4xx_hal.o
                0x0000000008001088                HAL_IncTick
 .text.HAL_GetTick
                0x00000000080010b0       0x18 ./Drivers/STM32F4xx_HAL_Driver/Src/stm32f4xx_hal.o
                0x00000000080010b0                HAL_GetTick
 .text.HAL_Delay
                0x00000000080010c8       0x48 ./Drivers/STM32F4xx_HAL_Driver/Src/stm32f4xx_hal.o
                0x00000000080010c8                HAL_Delay
 .text.__NVIC_SetPriorityGrouping
                0x0000000008001110       0x48 ./Drivers/STM32F4xx_HAL_Driver/Src/stm32f4xx_hal_cortex.o
 .text.__NVIC_GetPriorityGrouping
                0x0000000008001158       0x1c ./Drivers/STM32F4xx_HAL_Driver/Src/stm32f4xx_hal_cortex.o
 .text.__NVIC_SetPriority
                0x0000000008001174       0x54 ./Drivers/STM32F4xx_HAL_Driver/Src/stm32f4xx_hal_cortex.o
 .text.NVIC_EncodePriority
                0x00000000080011c8       0x66 ./Drivers/STM32F4xx_HAL_Driver/Src/stm32f4xx_hal_cortex.o
 *fill*         0x000000000800122e        0x2 
 .text.SysTick_Config
                0x0000000008001230       0x44 ./Drivers/STM32F4xx_HAL_Driver/Src/stm32f4xx_hal_cortex.o
 .text.HAL_NVIC_SetPriorityGrouping
                0x0000000008001274       0x16 ./Drivers/STM32F4xx_HAL_Driver/Src/stm32f4xx_hal_cortex.o
                0x0000000008001274                HAL_NVIC_SetPriorityGrouping
 .text.HAL_NVIC_SetPriority
                0x000000000800128a       0x38 ./Drivers/STM32F4xx_HAL_Driver/Src/stm32f4xx_hal_cortex.o
                0x000000000800128a                HAL_NVIC_SetPriority
 .text.HAL_SYSTICK_Config
                0x00000000080012c2       0x18 ./Drivers/STM32F4xx_HAL_Driver/Src/stm32f4xx_hal_cortex.o
                0x00000000080012c2                HAL_SYSTICK_Config
 *fill*         0x00000000080012da        0x2 
 .text.HAL_GPIO_Init
                0x00000000080012dc      0x308 ./Drivers/STM32F4xx_HAL_Driver/Src/stm32f4xx_hal_gpio.o
                0x00000000080012dc                HAL_GPIO_Init
 .text.HAL_GPIO_ReadPin
                0x00000000080015e4       0x30 ./Drivers/STM32F4xx_HAL_Driver/Src/stm32f4xx_hal_gpio.o
                0x00000000080015e4                HAL_GPIO_ReadPin
 .text.HAL_GPIO_WritePin
                0x0000000008001614       0x32 ./Drivers/STM32F4xx_HAL_Driver/Src/stm32f4xx_hal_gpio.o
                0x0000000008001614                HAL_GPIO_WritePin
 *fill*         0x0000000008001646        0x2 
 .text.HAL_RCC_OscConfig
                0x0000000008001648      0x4f0 ./Drivers/STM32F4xx_HAL_Driver/Src/stm32f4xx_hal_rcc.o
                0x0000000008001648                HAL_RCC_OscConfig
 .text.HAL_RCC_ClockConfig
                0x0000000008001b38      0x1cc ./Drivers/STM32F4xx_HAL_Driver/Src/stm32f4xx_hal_rcc.o
                0x0000000008001b38                HAL_RCC_ClockConfig
 .text.HAL_RCC_GetSysClockFreq
                0x0000000008001d04      0x16c ./Drivers/STM32F4xx_HAL_Driver/Src/stm32f4xx_hal_rcc.o
                0x0000000008001d04                HAL_RCC_GetSysClockFreq
 .text.HAL_SPI_Init
                0x0000000008001e70      0x112 ./Drivers/STM32F4xx_HAL_Driver/Src/stm32f4xx_hal_spi.o
                0x0000000008001e70                HAL_SPI_Init
 .text.HAL_SPI_Transmit
                0x0000000008001f82      0x278 ./Drivers/STM32F4xx_HAL_Driver/Src/stm32f4xx_hal_spi.o
                0x0000000008001f82                HAL_SPI_Transmit
 *fill*         0x00000000080021fa        0x2 
 .text.SPI_WaitFlagStateUntilTimeout
                0x00000000080021fc      0x110 ./Drivers/STM32F4xx_HAL_Driver/Src/stm32f4xx_hal_spi.o
 .text.SPI_EndRxTxTransaction
                0x000000000800230c       0x84 ./Drivers/STM32F4xx_HAL_Driver/Src/stm32f4xx_hal_spi.o
 .text.HAL_TIM_Encoder_Init
                0x0000000008002390      0x14c ./Drivers/STM32F4xx_HAL_Driver/Src/stm32f4xx_hal_tim.o
                0x0000000008002390                HAL_TIM_Encoder_Init
 .text.HAL_TIM_Encoder_Start
                0x00000000080024dc      0x11c ./Drivers/STM32F4xx_HAL_Driver/Src/stm32f4xx_hal_tim.o
                0x00000000080024dc                HAL_TIM_Encoder_Start
 .text.TIM_Base_SetConfig
                0x00000000080025f8      0x100 ./Drivers/STM32F4xx_HAL_Driver/Src/stm32f4xx_hal_tim.o
                0x00000000080025f8                TIM_Base_SetConfig
 .text.TIM_CCxChannelCmd
                0x00000000080026f8       0x4a ./Drivers/STM32F4xx_HAL_Driver/Src/stm32f4xx_hal_tim.o
                0x00000000080026f8                TIM_CCxChannelCmd
 *fill*         0x0000000008002742        0x2 
 .text.HAL_TIMEx_MasterConfigSynchronization
                0x0000000008002744       0xdc ./Drivers/STM32F4xx_HAL_Driver/Src/stm32f4xx_hal_tim_ex.o
                0x0000000008002744                HAL_TIMEx_MasterConfigSynchronization
 .text.ST7735_Select
                0x0000000008002820       0x18 ./st7735/Src/st7735.o
 .text.ST7735_Unselect
                0x0000000008002838       0x18 ./st7735/Src/st7735.o
                0x0000000008002838                ST7735_Unselect
 .text.ST7735_Reset
                0x0000000008002850       0x28 ./st7735/Src/st7735.o
 .text.ST7735_WriteCommand
                0x0000000008002878       0x34 ./st7735/Src/st7735.o
 .text.ST7735_WriteData
                0x00000000080028ac       0x38 ./st7735/Src/st7735.o
 .text.ST7735_ExecuteCommandList
                0x00000000080028e4       0x92 ./st7735/Src/st7735.o
 .text.ST7735_SetAddressWindow
                0x0000000008002976       0x68 ./st7735/Src/st7735.o
 *fill*         0x00000000080029de        0x2 
 .text.ST7735_Init
                0x00000000080029e0       0x34 ./st7735/Src/st7735.o
                0x00000000080029e0                ST7735_Init
 .text.ST7735_WriteChar
                0x0000000008002a14       0xee ./st7735/Src/st7735.o
 .text.ST7735_WriteString
                0x0000000008002b02       0x94 ./st7735/Src/st7735.o
                0x0000000008002b02                ST7735_WriteString
 .text.ST7735_WriteStringWithSelect
                0x0000000008002b96       0xf0 ./st7735/Src/st7735.o
                0x0000000008002b96                ST7735_WriteStringWithSelect
 *fill*         0x0000000008002c86        0x2 
 .text.ST7735_FillRectangle
                0x0000000008002c88       0xe8 ./st7735/Src/st7735.o
                0x0000000008002c88                ST7735_FillRectangle
 .text.ST7735_FillScreen
                0x0000000008002d70       0x22 ./st7735/Src/st7735.o
                0x0000000008002d70                ST7735_FillScreen
 *fill*         0x0000000008002d92        0x2 
 .text.__errno  0x0000000008002d94        0xc d:/programs/stmicroelectronics/stm32cubeide_1.7.0/stm32cubeide/plugins/com.st.stm32cube.ide.mcu.externaltools.gnu-tools-for-stm32.9-2020-q2-update.win32_2.0.0.202105311346/tools/bin/../lib/gcc/arm-none-eabi/9.3.1/../../../../arm-none-eabi/lib/thumb/v7e-m+fp/hard\libc_nano.a(lib_a-errno.o)
                0x0000000008002d94                __errno
 .text.__libc_init_array
                0x0000000008002da0       0x48 d:/programs/stmicroelectronics/stm32cubeide_1.7.0/stm32cubeide/plugins/com.st.stm32cube.ide.mcu.externaltools.gnu-tools-for-stm32.9-2020-q2-update.win32_2.0.0.202105311346/tools/bin/../lib/gcc/arm-none-eabi/9.3.1/../../../../arm-none-eabi/lib/thumb/v7e-m+fp/hard\libc_nano.a(lib_a-init.o)
                0x0000000008002da0                __libc_init_array
 .text.memset   0x0000000008002de8       0x10 d:/programs/stmicroelectronics/stm32cubeide_1.7.0/stm32cubeide/plugins/com.st.stm32cube.ide.mcu.externaltools.gnu-tools-for-stm32.9-2020-q2-update.win32_2.0.0.202105311346/tools/bin/../lib/gcc/arm-none-eabi/9.3.1/../../../../arm-none-eabi/lib/thumb/v7e-m+fp/hard\libc_nano.a(lib_a-memset.o)
                0x0000000008002de8                memset
 .text.sprintf  0x0000000008002df8       0x40 d:/programs/stmicroelectronics/stm32cubeide_1.7.0/stm32cubeide/plugins/com.st.stm32cube.ide.mcu.externaltools.gnu-tools-for-stm32.9-2020-q2-update.win32_2.0.0.202105311346/tools/bin/../lib/gcc/arm-none-eabi/9.3.1/../../../../arm-none-eabi/lib/thumb/v7e-m+fp/hard\libc_nano.a(lib_a-sprintf.o)
                0x0000000008002df8                siprintf
                0x0000000008002df8                sprintf
 .text.__ssputs_r
                0x0000000008002e38       0xb6 d:/programs/stmicroelectronics/stm32cubeide_1.7.0/stm32cubeide/plugins/com.st.stm32cube.ide.mcu.externaltools.gnu-tools-for-stm32.9-2020-q2-update.win32_2.0.0.202105311346/tools/bin/../lib/gcc/arm-none-eabi/9.3.1/../../../../arm-none-eabi/lib/thumb/v7e-m+fp/hard\libc_nano.a(lib_a-nano-svfprintf.o)
                0x0000000008002e38                __ssputs_r
 *fill*         0x0000000008002eee        0x2 
 .text._svfprintf_r
                0x0000000008002ef0      0x200 d:/programs/stmicroelectronics/stm32cubeide_1.7.0/stm32cubeide/plugins/com.st.stm32cube.ide.mcu.externaltools.gnu-tools-for-stm32.9-2020-q2-update.win32_2.0.0.202105311346/tools/bin/../lib/gcc/arm-none-eabi/9.3.1/../../../../arm-none-eabi/lib/thumb/v7e-m+fp/hard\libc_nano.a(lib_a-nano-svfprintf.o)
                0x0000000008002ef0                _svfiprintf_r
                0x0000000008002ef0                _svfprintf_r
 .text._printf_common
                0x00000000080030f0       0xda d:/programs/stmicroelectronics/stm32cubeide_1.7.0/stm32cubeide/plugins/com.st.stm32cube.ide.mcu.externaltools.gnu-tools-for-stm32.9-2020-q2-update.win32_2.0.0.202105311346/tools/bin/../lib/gcc/arm-none-eabi/9.3.1/../../../../arm-none-eabi/lib/thumb/v7e-m+fp/hard\libc_nano.a(lib_a-nano-vfprintf_i.o)
                0x00000000080030f0                _printf_common
 *fill*         0x00000000080031ca        0x2 
 .text._printf_i
                0x00000000080031cc      0x24c d:/programs/stmicroelectronics/stm32cubeide_1.7.0/stm32cubeide/plugins/com.st.stm32cube.ide.mcu.externaltools.gnu-tools-for-stm32.9-2020-q2-update.win32_2.0.0.202105311346/tools/bin/../lib/gcc/arm-none-eabi/9.3.1/../../../../arm-none-eabi/lib/thumb/v7e-m+fp/hard\libc_nano.a(lib_a-nano-vfprintf_i.o)
                0x00000000080031cc                _printf_i
 .text.memcpy   0x0000000008003418       0x1c d:/programs/stmicroelectronics/stm32cubeide_1.7.0/stm32cubeide/plugins/com.st.stm32cube.ide.mcu.externaltools.gnu-tools-for-stm32.9-2020-q2-update.win32_2.0.0.202105311346/tools/bin/../lib/gcc/arm-none-eabi/9.3.1/../../../../arm-none-eabi/lib/thumb/v7e-m+fp/hard\libc_nano.a(lib_a-memcpy-stub.o)
                0x0000000008003418                memcpy
 .text.memmove  0x0000000008003434       0x34 d:/programs/stmicroelectronics/stm32cubeide_1.7.0/stm32cubeide/plugins/com.st.stm32cube.ide.mcu.externaltools.gnu-tools-for-stm32.9-2020-q2-update.win32_2.0.0.202105311346/tools/bin/../lib/gcc/arm-none-eabi/9.3.1/../../../../arm-none-eabi/lib/thumb/v7e-m+fp/hard\libc_nano.a(lib_a-memmove.o)
                0x0000000008003434                memmove
 .text._free_r  0x0000000008003468       0xa0 d:/programs/stmicroelectronics/stm32cubeide_1.7.0/stm32cubeide/plugins/com.st.stm32cube.ide.mcu.externaltools.gnu-tools-for-stm32.9-2020-q2-update.win32_2.0.0.202105311346/tools/bin/../lib/gcc/arm-none-eabi/9.3.1/../../../../arm-none-eabi/lib/thumb/v7e-m+fp/hard\libc_nano.a(lib_a-nano-freer.o)
                0x0000000008003468                _free_r
 .text._malloc_r
                0x0000000008003508       0xb4 d:/programs/stmicroelectronics/stm32cubeide_1.7.0/stm32cubeide/plugins/com.st.stm32cube.ide.mcu.externaltools.gnu-tools-for-stm32.9-2020-q2-update.win32_2.0.0.202105311346/tools/bin/../lib/gcc/arm-none-eabi/9.3.1/../../../../arm-none-eabi/lib/thumb/v7e-m+fp/hard\libc_nano.a(lib_a-nano-mallocr.o)
                0x0000000008003508                _malloc_r
 .text._realloc_r
                0x00000000080035bc       0x4c d:/programs/stmicroelectronics/stm32cubeide_1.7.0/stm32cubeide/plugins/com.st.stm32cube.ide.mcu.externaltools.gnu-tools-for-stm32.9-2020-q2-update.win32_2.0.0.202105311346/tools/bin/../lib/gcc/arm-none-eabi/9.3.1/../../../../arm-none-eabi/lib/thumb/v7e-m+fp/hard\libc_nano.a(lib_a-nano-reallocr.o)
                0x00000000080035bc                _realloc_r
 .text._sbrk_r  0x0000000008003608       0x20 d:/programs/stmicroelectronics/stm32cubeide_1.7.0/stm32cubeide/plugins/com.st.stm32cube.ide.mcu.externaltools.gnu-tools-for-stm32.9-2020-q2-update.win32_2.0.0.202105311346/tools/bin/../lib/gcc/arm-none-eabi/9.3.1/../../../../arm-none-eabi/lib/thumb/v7e-m+fp/hard\libc_nano.a(lib_a-sbrkr.o)
                0x0000000008003608                _sbrk_r
 .text.__malloc_lock
                0x0000000008003628        0xc d:/programs/stmicroelectronics/stm32cubeide_1.7.0/stm32cubeide/plugins/com.st.stm32cube.ide.mcu.externaltools.gnu-tools-for-stm32.9-2020-q2-update.win32_2.0.0.202105311346/tools/bin/../lib/gcc/arm-none-eabi/9.3.1/../../../../arm-none-eabi/lib/thumb/v7e-m+fp/hard\libc_nano.a(lib_a-mlock.o)
                0x0000000008003628                __malloc_lock
 .text.__malloc_unlock
                0x0000000008003634        0xc d:/programs/stmicroelectronics/stm32cubeide_1.7.0/stm32cubeide/plugins/com.st.stm32cube.ide.mcu.externaltools.gnu-tools-for-stm32.9-2020-q2-update.win32_2.0.0.202105311346/tools/bin/../lib/gcc/arm-none-eabi/9.3.1/../../../../arm-none-eabi/lib/thumb/v7e-m+fp/hard\libc_nano.a(lib_a-mlock.o)
                0x0000000008003634                __malloc_unlock
 .text._malloc_usable_size_r
                0x0000000008003640       0x10 d:/programs/stmicroelectronics/stm32cubeide_1.7.0/stm32cubeide/plugins/com.st.stm32cube.ide.mcu.externaltools.gnu-tools-for-stm32.9-2020-q2-update.win32_2.0.0.202105311346/tools/bin/../lib/gcc/arm-none-eabi/9.3.1/../../../../arm-none-eabi/lib/thumb/v7e-m+fp/hard\libc_nano.a(lib_a-nano-msizer.o)
                0x0000000008003640                _malloc_usable_size_r
 .text.__retarget_lock_acquire_recursive
                0x0000000008003650        0x2 d:/programs/stmicroelectronics/stm32cubeide_1.7.0/stm32cubeide/plugins/com.st.stm32cube.ide.mcu.externaltools.gnu-tools-for-stm32.9-2020-q2-update.win32_2.0.0.202105311346/tools/bin/../lib/gcc/arm-none-eabi/9.3.1/../../../../arm-none-eabi/lib/thumb/v7e-m+fp/hard\libc_nano.a(lib_a-lock.o)
                0x0000000008003650                __retarget_lock_acquire_recursive
 .text.__retarget_lock_release_recursive
                0x0000000008003652        0x2 d:/programs/stmicroelectronics/stm32cubeide_1.7.0/stm32cubeide/plugins/com.st.stm32cube.ide.mcu.externaltools.gnu-tools-for-stm32.9-2020-q2-update.win32_2.0.0.202105311346/tools/bin/../lib/gcc/arm-none-eabi/9.3.1/../../../../arm-none-eabi/lib/thumb/v7e-m+fp/hard\libc_nano.a(lib_a-lock.o)
                0x0000000008003652                __retarget_lock_release_recursive
 *(.glue_7)
 .glue_7        0x0000000008003654        0x0 linker stubs
 *(.glue_7t)
 .glue_7t       0x0000000008003654        0x0 linker stubs
 *(.eh_frame)
 .eh_frame      0x0000000008003654        0x0 d:/programs/stmicroelectronics/stm32cubeide_1.7.0/stm32cubeide/plugins/com.st.stm32cube.ide.mcu.externaltools.gnu-tools-for-stm32.9-2020-q2-update.win32_2.0.0.202105311346/tools/bin/../lib/gcc/arm-none-eabi/9.3.1/thumb/v7e-m+fp/hard/crtbegin.o
 *(.init)
 .init          0x0000000008003654        0x4 d:/programs/stmicroelectronics/stm32cubeide_1.7.0/stm32cubeide/plugins/com.st.stm32cube.ide.mcu.externaltools.gnu-tools-for-stm32.9-2020-q2-update.win32_2.0.0.202105311346/tools/bin/../lib/gcc/arm-none-eabi/9.3.1/thumb/v7e-m+fp/hard/crti.o
                0x0000000008003654                _init
 .init          0x0000000008003658        0x8 d:/programs/stmicroelectronics/stm32cubeide_1.7.0/stm32cubeide/plugins/com.st.stm32cube.ide.mcu.externaltools.gnu-tools-for-stm32.9-2020-q2-update.win32_2.0.0.202105311346/tools/bin/../lib/gcc/arm-none-eabi/9.3.1/thumb/v7e-m+fp/hard/crtn.o
 *(.fini)
 .fini          0x0000000008003660        0x4 d:/programs/stmicroelectronics/stm32cubeide_1.7.0/stm32cubeide/plugins/com.st.stm32cube.ide.mcu.externaltools.gnu-tools-for-stm32.9-2020-q2-update.win32_2.0.0.202105311346/tools/bin/../lib/gcc/arm-none-eabi/9.3.1/thumb/v7e-m+fp/hard/crti.o
                0x0000000008003660                _fini
 .fini          0x0000000008003664        0x8 d:/programs/stmicroelectronics/stm32cubeide_1.7.0/stm32cubeide/plugins/com.st.stm32cube.ide.mcu.externaltools.gnu-tools-for-stm32.9-2020-q2-update.win32_2.0.0.202105311346/tools/bin/../lib/gcc/arm-none-eabi/9.3.1/thumb/v7e-m+fp/hard/crtn.o
                0x000000000800366c                . = ALIGN (0x4)
                0x000000000800366c                _etext = .

.vfp11_veneer   0x000000000800366c        0x0
 .vfp11_veneer  0x000000000800366c        0x0 linker stubs

.v4_bx          0x000000000800366c        0x0
 .v4_bx         0x000000000800366c        0x0 linker stubs

.iplt           0x000000000800366c        0x0
 .iplt          0x000000000800366c        0x0 d:/programs/stmicroelectronics/stm32cubeide_1.7.0/stm32cubeide/plugins/com.st.stm32cube.ide.mcu.externaltools.gnu-tools-for-stm32.9-2020-q2-update.win32_2.0.0.202105311346/tools/bin/../lib/gcc/arm-none-eabi/9.3.1/thumb/v7e-m+fp/hard/crtbegin.o

.rodata         0x000000000800366c     0x15a4
                0x000000000800366c                . = ALIGN (0x4)
 *(.rodata)
 .rodata        0x000000000800366c       0x1e ./Core/Src/main.o
 *(.rodata*)
 *fill*         0x000000000800368a        0x2 
 .rodata.AHBPrescTable
                0x000000000800368c       0x10 ./Core/Src/system_stm32f4xx.o
                0x000000000800368c                AHBPrescTable
 .rodata.Font7x10
                0x000000000800369c      0x76c ./st7735/Src/fonts.o
 .rodata.Font12x18
                0x0000000008003e08      0xd5c ./st7735/Src/fonts.o
 .rodata.init_cmds1
                0x0000000008004b64       0x3b ./st7735/Src/st7735.o
 *fill*         0x0000000008004b9f        0x1 
 .rodata.init_cmds2
                0x0000000008004ba0        0xd ./st7735/Src/st7735.o
 *fill*         0x0000000008004bad        0x3 
 .rodata.init_cmds3
                0x0000000008004bb0       0x2b ./st7735/Src/st7735.o
 .rodata._svfprintf_r.str1.1
                0x0000000008004bdb       0x11 d:/programs/stmicroelectronics/stm32cubeide_1.7.0/stm32cubeide/plugins/com.st.stm32cube.ide.mcu.externaltools.gnu-tools-for-stm32.9-2020-q2-update.win32_2.0.0.202105311346/tools/bin/../lib/gcc/arm-none-eabi/9.3.1/../../../../arm-none-eabi/lib/thumb/v7e-m+fp/hard\libc_nano.a(lib_a-nano-svfprintf.o)
 .rodata._printf_i.str1.1
                0x0000000008004bec       0x22 d:/programs/stmicroelectronics/stm32cubeide_1.7.0/stm32cubeide/plugins/com.st.stm32cube.ide.mcu.externaltools.gnu-tools-for-stm32.9-2020-q2-update.win32_2.0.0.202105311346/tools/bin/../lib/gcc/arm-none-eabi/9.3.1/../../../../arm-none-eabi/lib/thumb/v7e-m+fp/hard\libc_nano.a(lib_a-nano-vfprintf_i.o)
                0x0000000008004c10                . = ALIGN (0x4)
 *fill*         0x0000000008004c0e        0x2 

.ARM.extab      0x0000000008004c10        0x0
                0x0000000008004c10                . = ALIGN (0x4)
 *(.ARM.extab* .gnu.linkonce.armextab.*)
                0x0000000008004c10                . = ALIGN (0x4)

.ARM            0x0000000008004c10        0x8
                0x0000000008004c10                . = ALIGN (0x4)
                0x0000000008004c10                __exidx_start = .
 *(.ARM.exidx*)
 .ARM.exidx     0x0000000008004c10        0x8 d:/programs/stmicroelectronics/stm32cubeide_1.7.0/stm32cubeide/plugins/com.st.stm32cube.ide.mcu.externaltools.gnu-tools-for-stm32.9-2020-q2-update.win32_2.0.0.202105311346/tools/bin/../lib/gcc/arm-none-eabi/9.3.1/thumb/v7e-m+fp/hard\libgcc.a(_udivmoddi4.o)
                0x0000000008004c18                __exidx_end = .
                0x0000000008004c18                . = ALIGN (0x4)

.rel.dyn        0x0000000008004c18        0x0
 .rel.iplt      0x0000000008004c18        0x0 d:/programs/stmicroelectronics/stm32cubeide_1.7.0/stm32cubeide/plugins/com.st.stm32cube.ide.mcu.externaltools.gnu-tools-for-stm32.9-2020-q2-update.win32_2.0.0.202105311346/tools/bin/../lib/gcc/arm-none-eabi/9.3.1/thumb/v7e-m+fp/hard/crtbegin.o

.preinit_array  0x0000000008004c18        0x0
                0x0000000008004c18                . = ALIGN (0x4)
                0x0000000008004c18                PROVIDE (__preinit_array_start = .)
 *(.preinit_array*)
                0x0000000008004c18                PROVIDE (__preinit_array_end = .)
                0x0000000008004c18                . = ALIGN (0x4)

.init_array     0x0000000008004c18        0x4
                0x0000000008004c18                . = ALIGN (0x4)
                0x0000000008004c18                PROVIDE (__init_array_start = .)
 *(SORT_BY_NAME(.init_array.*))
 *(.init_array*)
 .init_array    0x0000000008004c18        0x4 d:/programs/stmicroelectronics/stm32cubeide_1.7.0/stm32cubeide/plugins/com.st.stm32cube.ide.mcu.externaltools.gnu-tools-for-stm32.9-2020-q2-update.win32_2.0.0.202105311346/tools/bin/../lib/gcc/arm-none-eabi/9.3.1/thumb/v7e-m+fp/hard/crtbegin.o
                0x0000000008004c1c                PROVIDE (__init_array_end = .)
                0x0000000008004c1c                . = ALIGN (0x4)

.fini_array     0x0000000008004c1c        0x4
                0x0000000008004c1c                . = ALIGN (0x4)
                [!provide]                        PROVIDE (__fini_array_start = .)
 *(SORT_BY_NAME(.fini_array.*))
 *(.fini_array*)
 .fini_array    0x0000000008004c1c        0x4 d:/programs/stmicroelectronics/stm32cubeide_1.7.0/stm32cubeide/plugins/com.st.stm32cube.ide.mcu.externaltools.gnu-tools-for-stm32.9-2020-q2-update.win32_2.0.0.202105311346/tools/bin/../lib/gcc/arm-none-eabi/9.3.1/thumb/v7e-m+fp/hard/crtbegin.o
                [!provide]                        PROVIDE (__fini_array_end = .)
                0x0000000008004c20                . = ALIGN (0x4)
                0x0000000008004c20                _sidata = LOADADDR (.data)

.data           0x0000000020000000       0x90 load address 0x0000000008004c20
                0x0000000020000000                . = ALIGN (0x4)
                0x0000000020000000                _sdata = .
 *(.data)
 *(.data*)
 .data.text_color
                0x0000000020000000        0x8 ./Core/Src/main.o
                0x0000000020000000                text_color
 .data.freq     0x0000000020000008        0x4 ./Core/Src/main.o
                0x0000000020000008                freq
 .data.edit_pos
                0x000000002000000c        0x1 ./Core/Src/main.o
                0x000000002000000c                edit_pos
 *fill*         0x000000002000000d        0x3 
 .data.SystemCoreClock
                0x0000000020000010        0x4 ./Core/Src/system_stm32f4xx.o
                0x0000000020000010                SystemCoreClock
 .data.uwTickPrio
                0x0000000020000014        0x4 ./Drivers/STM32F4xx_HAL_Driver/Src/stm32f4xx_hal.o
                0x0000000020000014                uwTickPrio
 .data.uwTickFreq
                0x0000000020000018        0x1 ./Drivers/STM32F4xx_HAL_Driver/Src/stm32f4xx_hal.o
                0x0000000020000018                uwTickFreq
 *fill*         0x0000000020000019        0x3 
 .data.Font_7x10
                0x000000002000001c        0x8 ./st7735/Src/fonts.o
                0x000000002000001c                Font_7x10
 .data.Font_12x18
                0x0000000020000024        0x8 ./st7735/Src/fonts.o
                0x0000000020000024                Font_12x18
 .data._impure_ptr
                0x000000002000002c        0x4 d:/programs/stmicroelectronics/stm32cubeide_1.7.0/stm32cubeide/plugins/com.st.stm32cube.ide.mcu.externaltools.gnu-tools-for-stm32.9-2020-q2-update.win32_2.0.0.202105311346/tools/bin/../lib/gcc/arm-none-eabi/9.3.1/../../../../arm-none-eabi/lib/thumb/v7e-m+fp/hard\libc_nano.a(lib_a-impure.o)
                0x000000002000002c                _impure_ptr
 .data.impure_data
                0x0000000020000030       0x60 d:/programs/stmicroelectronics/stm32cubeide_1.7.0/stm32cubeide/plugins/com.st.stm32cube.ide.mcu.externaltools.gnu-tools-for-stm32.9-2020-q2-update.win32_2.0.0.202105311346/tools/bin/../lib/gcc/arm-none-eabi/9.3.1/../../../../arm-none-eabi/lib/thumb/v7e-m+fp/hard\libc_nano.a(lib_a-impure.o)
 *(.RamFunc)
 *(.RamFunc*)
                0x0000000020000090                . = ALIGN (0x4)
                0x0000000020000090                _edata = .

.igot.plt       0x0000000020000090        0x0 load address 0x0000000008004cb0
 .igot.plt      0x0000000020000090        0x0 d:/programs/stmicroelectronics/stm32cubeide_1.7.0/stm32cubeide/plugins/com.st.stm32cube.ide.mcu.externaltools.gnu-tools-for-stm32.9-2020-q2-update.win32_2.0.0.202105311346/tools/bin/../lib/gcc/arm-none-eabi/9.3.1/thumb/v7e-m+fp/hard/crtbegin.o
                0x0000000020000090                . = ALIGN (0x4)

.bss            0x0000000020000090      0x154 load address 0x0000000008004cb0
                0x0000000020000090                _sbss = .
                0x0000000020000090                __bss_start__ = _sbss
 *(.bss)
 .bss           0x0000000020000090       0x1c d:/programs/stmicroelectronics/stm32cubeide_1.7.0/stm32cubeide/plugins/com.st.stm32cube.ide.mcu.externaltools.gnu-tools-for-stm32.9-2020-q2-update.win32_2.0.0.202105311346/tools/bin/../lib/gcc/arm-none-eabi/9.3.1/thumb/v7e-m+fp/hard/crtbegin.o
 *(.bss*)
 .bss.new_count
                0x00000000200000ac        0x2 ./Core/Src/encoder.o
 .bss.prev_count
                0x00000000200000ae        0x2 ./Core/Src/encoder.o
 .bss.btn       0x00000000200000b0        0x1 ./Core/Src/encoder.o
                0x00000000200000b0                btn
 *fill*         0x00000000200000b1        0x3 
 .bss.btn_time  0x00000000200000b4        0x4 ./Core/Src/encoder.o
                0x00000000200000b4                btn_time
 .bss.__sbrk_heap_end
                0x00000000200000b8        0x4 ./Core/Src/sysmem.o
 .bss.__malloc_free_list
                0x00000000200000bc        0x4 d:/programs/stmicroelectronics/stm32cubeide_1.7.0/stm32cubeide/plugins/com.st.stm32cube.ide.mcu.externaltools.gnu-tools-for-stm32.9-2020-q2-update.win32_2.0.0.202105311346/tools/bin/../lib/gcc/arm-none-eabi/9.3.1/../../../../arm-none-eabi/lib/thumb/v7e-m+fp/hard\libc_nano.a(lib_a-nano-mallocr.o)
                0x00000000200000bc                __malloc_free_list
 .bss.__malloc_sbrk_start
                0x00000000200000c0        0x4 d:/programs/stmicroelectronics/stm32cubeide_1.7.0/stm32cubeide/plugins/com.st.stm32cube.ide.mcu.externaltools.gnu-tools-for-stm32.9-2020-q2-update.win32_2.0.0.202105311346/tools/bin/../lib/gcc/arm-none-eabi/9.3.1/../../../../arm-none-eabi/lib/thumb/v7e-m+fp/hard\libc_nano.a(lib_a-nano-mallocr.o)
                0x00000000200000c0                __malloc_sbrk_start
 *(COMMON)
 COMMON         0x00000000200000c4       0x12 ./Core/Src/main.o
                0x00000000200000c4                MHz
                0x00000000200000c6                Hz
                0x00000000200000c8                encoder_status
                0x00000000200000ca                kHz
                0x00000000200000cc                Str_Buffer
 *fill*         0x00000000200000d6        0x2 
 COMMON         0x00000000200000d8       0xb0 ./Core/Src/spi.o
                0x00000000200000d8                hspi2
                0x0000000020000130                hspi1
 COMMON         0x0000000020000188       0x48 ./Core/Src/tim.o
                0x0000000020000188                htim1
 COMMON         0x00000000200001d0        0x4 ./Drivers/STM32F4xx_HAL_Driver/Src/stm32f4xx_hal.o
                0x00000000200001d0                uwTick
 COMMON         0x00000000200001d4        0x4 d:/programs/stmicroelectronics/stm32cubeide_1.7.0/stm32cubeide/plugins/com.st.stm32cube.ide.mcu.externaltools.gnu-tools-for-stm32.9-2020-q2-update.win32_2.0.0.202105311346/tools/bin/../lib/gcc/arm-none-eabi/9.3.1/../../../../arm-none-eabi/lib/thumb/v7e-m+fp/hard\libc_nano.a(lib_a-reent.o)
                0x00000000200001d4                errno
 COMMON         0x00000000200001d8        0x9 d:/programs/stmicroelectronics/stm32cubeide_1.7.0/stm32cubeide/plugins/com.st.stm32cube.ide.mcu.externaltools.gnu-tools-for-stm32.9-2020-q2-update.win32_2.0.0.202105311346/tools/bin/../lib/gcc/arm-none-eabi/9.3.1/../../../../arm-none-eabi/lib/thumb/v7e-m+fp/hard\libc_nano.a(lib_a-lock.o)
                0x00000000200001d8                __lock___atexit_recursive_mutex
                0x00000000200001d9                __lock___arc4random_mutex
                0x00000000200001da                __lock___env_recursive_mutex
                0x00000000200001db                __lock___sinit_recursive_mutex
                0x00000000200001dc                __lock___malloc_recursive_mutex
                0x00000000200001dd                __lock___at_quick_exit_mutex
                0x00000000200001de                __lock___dd_hash_mutex
                0x00000000200001df                __lock___tz_mutex
                0x00000000200001e0                __lock___sfp_recursive_mutex
                0x00000000200001e4                . = ALIGN (0x4)
 *fill*         0x00000000200001e1        0x3 
                0x00000000200001e4                _ebss = .
                0x00000000200001e4                __bss_end__ = _ebss

._user_heap_stack
                0x00000000200001e4      0x604 load address 0x0000000008004cb0
                0x00000000200001e8                . = ALIGN (0x8)
 *fill*         0x00000000200001e4        0x4 
                [!provide]                        PROVIDE (end = .)
                0x00000000200001e8                PROVIDE (_end = .)
                0x00000000200003e8                . = (. + _Min_Heap_Size)
 *fill*         0x00000000200001e8      0x200 
                0x00000000200007e8                . = (. + _Min_Stack_Size)
 *fill*         0x00000000200003e8      0x400 
                0x00000000200007e8                . = ALIGN (0x8)

/DISCARD/
 libc.a(*)
 libm.a(*)
 libgcc.a(*)

.ARM.attributes
                0x0000000000000000       0x30
 *(.ARM.attributes)
 .ARM.attributes
                0x0000000000000000       0x1e d:/programs/stmicroelectronics/stm32cubeide_1.7.0/stm32cubeide/plugins/com.st.stm32cube.ide.mcu.externaltools.gnu-tools-for-stm32.9-2020-q2-update.win32_2.0.0.202105311346/tools/bin/../lib/gcc/arm-none-eabi/9.3.1/thumb/v7e-m+fp/hard/crti.o
 .ARM.attributes
                0x000000000000001e       0x34 d:/programs/stmicroelectronics/stm32cubeide_1.7.0/stm32cubeide/plugins/com.st.stm32cube.ide.mcu.externaltools.gnu-tools-for-stm32.9-2020-q2-update.win32_2.0.0.202105311346/tools/bin/../lib/gcc/arm-none-eabi/9.3.1/thumb/v7e-m+fp/hard/crtbegin.o
 .ARM.attributes
                0x0000000000000052       0x34 ./Core/Src/encoder.o
 .ARM.attributes
                0x0000000000000086       0x34 ./Core/Src/gpio.o
 .ARM.attributes
                0x00000000000000ba       0x34 ./Core/Src/main.o
 .ARM.attributes
                0x00000000000000ee       0x34 ./Core/Src/spi.o
 .ARM.attributes
                0x0000000000000122       0x34 ./Core/Src/stm32f4xx_hal_msp.o
 .ARM.attributes
                0x0000000000000156       0x34 ./Core/Src/stm32f4xx_it.o
 .ARM.attributes
                0x000000000000018a       0x34 ./Core/Src/sysmem.o
 .ARM.attributes
                0x00000000000001be       0x34 ./Core/Src/system_stm32f4xx.o
 .ARM.attributes
                0x00000000000001f2       0x34 ./Core/Src/tim.o
 .ARM.attributes
                0x0000000000000226       0x21 ./Core/Startup/startup_stm32f401ccux.o
 .ARM.attributes
                0x0000000000000247       0x34 ./Drivers/STM32F4xx_HAL_Driver/Src/stm32f4xx_hal.o
 .ARM.attributes
                0x000000000000027b       0x34 ./Drivers/STM32F4xx_HAL_Driver/Src/stm32f4xx_hal_cortex.o
 .ARM.attributes
                0x00000000000002af       0x34 ./Drivers/STM32F4xx_HAL_Driver/Src/stm32f4xx_hal_gpio.o
 .ARM.attributes
                0x00000000000002e3       0x34 ./Drivers/STM32F4xx_HAL_Driver/Src/stm32f4xx_hal_rcc.o
 .ARM.attributes
                0x0000000000000317       0x34 ./Drivers/STM32F4xx_HAL_Driver/Src/stm32f4xx_hal_spi.o
 .ARM.attributes
                0x000000000000034b       0x34 ./Drivers/STM32F4xx_HAL_Driver/Src/stm32f4xx_hal_tim.o
 .ARM.attributes
                0x000000000000037f       0x34 ./Drivers/STM32F4xx_HAL_Driver/Src/stm32f4xx_hal_tim_ex.o
 .ARM.attributes
                0x00000000000003b3       0x39 ./st7735/Src/fonts.o
 .ARM.attributes
                0x00000000000003ec       0x34 ./st7735/Src/st7735.o
 .ARM.attributes
                0x0000000000000420       0x34 d:/programs/stmicroelectronics/stm32cubeide_1.7.0/stm32cubeide/plugins/com.st.stm32cube.ide.mcu.externaltools.gnu-tools-for-stm32.9-2020-q2-update.win32_2.0.0.202105311346/tools/bin/../lib/gcc/arm-none-eabi/9.3.1/../../../../arm-none-eabi/lib/thumb/v7e-m+fp/hard\libc_nano.a(lib_a-errno.o)
 .ARM.attributes
                0x0000000000000454       0x32 d:/programs/stmicroelectronics/stm32cubeide_1.7.0/stm32cubeide/plugins/com.st.stm32cube.ide.mcu.externaltools.gnu-tools-for-stm32.9-2020-q2-update.win32_2.0.0.202105311346/tools/bin/../lib/gcc/arm-none-eabi/9.3.1/../../../../arm-none-eabi/lib/thumb/v7e-m+fp/hard\libc_nano.a(lib_a-impure.o)
 .ARM.attributes
                0x0000000000000486       0x34 d:/programs/stmicroelectronics/stm32cubeide_1.7.0/stm32cubeide/plugins/com.st.stm32cube.ide.mcu.externaltools.gnu-tools-for-stm32.9-2020-q2-update.win32_2.0.0.202105311346/tools/bin/../lib/gcc/arm-none-eabi/9.3.1/../../../../arm-none-eabi/lib/thumb/v7e-m+fp/hard\libc_nano.a(lib_a-init.o)
 .ARM.attributes
                0x00000000000004ba       0x34 d:/programs/stmicroelectronics/stm32cubeide_1.7.0/stm32cubeide/plugins/com.st.stm32cube.ide.mcu.externaltools.gnu-tools-for-stm32.9-2020-q2-update.win32_2.0.0.202105311346/tools/bin/../lib/gcc/arm-none-eabi/9.3.1/../../../../arm-none-eabi/lib/thumb/v7e-m+fp/hard\libc_nano.a(lib_a-memset.o)
 .ARM.attributes
                0x00000000000004ee       0x34 d:/programs/stmicroelectronics/stm32cubeide_1.7.0/stm32cubeide/plugins/com.st.stm32cube.ide.mcu.externaltools.gnu-tools-for-stm32.9-2020-q2-update.win32_2.0.0.202105311346/tools/bin/../lib/gcc/arm-none-eabi/9.3.1/../../../../arm-none-eabi/lib/thumb/v7e-m+fp/hard\libc_nano.a(lib_a-sprintf.o)
 .ARM.attributes
                0x0000000000000522       0x34 d:/programs/stmicroelectronics/stm32cubeide_1.7.0/stm32cubeide/plugins/com.st.stm32cube.ide.mcu.externaltools.gnu-tools-for-stm32.9-2020-q2-update.win32_2.0.0.202105311346/tools/bin/../lib/gcc/arm-none-eabi/9.3.1/../../../../arm-none-eabi/lib/thumb/v7e-m+fp/hard\libc_nano.a(lib_a-nano-svfprintf.o)
 .ARM.attributes
                0x0000000000000556       0x34 d:/programs/stmicroelectronics/stm32cubeide_1.7.0/stm32cubeide/plugins/com.st.stm32cube.ide.mcu.externaltools.gnu-tools-for-stm32.9-2020-q2-update.win32_2.0.0.202105311346/tools/bin/../lib/gcc/arm-none-eabi/9.3.1/../../../../arm-none-eabi/lib/thumb/v7e-m+fp/hard\libc_nano.a(lib_a-nano-vfprintf_i.o)
 .ARM.attributes
                0x000000000000058a       0x1c d:/programs/stmicroelectronics/stm32cubeide_1.7.0/stm32cubeide/plugins/com.st.stm32cube.ide.mcu.externaltools.gnu-tools-for-stm32.9-2020-q2-update.win32_2.0.0.202105311346/tools/bin/../lib/gcc/arm-none-eabi/9.3.1/../../../../arm-none-eabi/lib/thumb/v7e-m+fp/hard\libc_nano.a(lib_a-memchr.o)
 .ARM.attributes
                0x00000000000005a6       0x34 d:/programs/stmicroelectronics/stm32cubeide_1.7.0/stm32cubeide/plugins/com.st.stm32cube.ide.mcu.externaltools.gnu-tools-for-stm32.9-2020-q2-update.win32_2.0.0.202105311346/tools/bin/../lib/gcc/arm-none-eabi/9.3.1/../../../../arm-none-eabi/lib/thumb/v7e-m+fp/hard\libc_nano.a(lib_a-memcpy-stub.o)
 .ARM.attributes
                0x00000000000005da       0x34 d:/programs/stmicroelectronics/stm32cubeide_1.7.0/stm32cubeide/plugins/com.st.stm32cube.ide.mcu.externaltools.gnu-tools-for-stm32.9-2020-q2-update.win32_2.0.0.202105311346/tools/bin/../lib/gcc/arm-none-eabi/9.3.1/../../../../arm-none-eabi/lib/thumb/v7e-m+fp/hard\libc_nano.a(lib_a-memmove.o)
 .ARM.attributes
                0x000000000000060e       0x34 d:/programs/stmicroelectronics/stm32cubeide_1.7.0/stm32cubeide/plugins/com.st.stm32cube.ide.mcu.externaltools.gnu-tools-for-stm32.9-2020-q2-update.win32_2.0.0.202105311346/tools/bin/../lib/gcc/arm-none-eabi/9.3.1/../../../../arm-none-eabi/lib/thumb/v7e-m+fp/hard\libc_nano.a(lib_a-nano-freer.o)
 .ARM.attributes
                0x0000000000000642       0x34 d:/programs/stmicroelectronics/stm32cubeide_1.7.0/stm32cubeide/plugins/com.st.stm32cube.ide.mcu.externaltools.gnu-tools-for-stm32.9-2020-q2-update.win32_2.0.0.202105311346/tools/bin/../lib/gcc/arm-none-eabi/9.3.1/../../../../arm-none-eabi/lib/thumb/v7e-m+fp/hard\libc_nano.a(lib_a-nano-mallocr.o)
 .ARM.attributes
                0x0000000000000676       0x34 d:/programs/stmicroelectronics/stm32cubeide_1.7.0/stm32cubeide/plugins/com.st.stm32cube.ide.mcu.externaltools.gnu-tools-for-stm32.9-2020-q2-update.win32_2.0.0.202105311346/tools/bin/../lib/gcc/arm-none-eabi/9.3.1/../../../../arm-none-eabi/lib/thumb/v7e-m+fp/hard\libc_nano.a(lib_a-nano-reallocr.o)
 .ARM.attributes
                0x00000000000006aa       0x34 d:/programs/stmicroelectronics/stm32cubeide_1.7.0/stm32cubeide/plugins/com.st.stm32cube.ide.mcu.externaltools.gnu-tools-for-stm32.9-2020-q2-update.win32_2.0.0.202105311346/tools/bin/../lib/gcc/arm-none-eabi/9.3.1/../../../../arm-none-eabi/lib/thumb/v7e-m+fp/hard\libc_nano.a(lib_a-sbrkr.o)
 .ARM.attributes
                0x00000000000006de       0x34 d:/programs/stmicroelectronics/stm32cubeide_1.7.0/stm32cubeide/plugins/com.st.stm32cube.ide.mcu.externaltools.gnu-tools-for-stm32.9-2020-q2-update.win32_2.0.0.202105311346/tools/bin/../lib/gcc/arm-none-eabi/9.3.1/../../../../arm-none-eabi/lib/thumb/v7e-m+fp/hard\libc_nano.a(lib_a-mlock.o)
 .ARM.attributes
                0x0000000000000712       0x34 d:/programs/stmicroelectronics/stm32cubeide_1.7.0/stm32cubeide/plugins/com.st.stm32cube.ide.mcu.externaltools.gnu-tools-for-stm32.9-2020-q2-update.win32_2.0.0.202105311346/tools/bin/../lib/gcc/arm-none-eabi/9.3.1/../../../../arm-none-eabi/lib/thumb/v7e-m+fp/hard\libc_nano.a(lib_a-nano-msizer.o)
 .ARM.attributes
                0x0000000000000746       0x34 d:/programs/stmicroelectronics/stm32cubeide_1.7.0/stm32cubeide/plugins/com.st.stm32cube.ide.mcu.externaltools.gnu-tools-for-stm32.9-2020-q2-update.win32_2.0.0.202105311346/tools/bin/../lib/gcc/arm-none-eabi/9.3.1/../../../../arm-none-eabi/lib/thumb/v7e-m+fp/hard\libc_nano.a(lib_a-reent.o)
 .ARM.attributes
                0x000000000000077a       0x34 d:/programs/stmicroelectronics/stm32cubeide_1.7.0/stm32cubeide/plugins/com.st.stm32cube.ide.mcu.externaltools.gnu-tools-for-stm32.9-2020-q2-update.win32_2.0.0.202105311346/tools/bin/../lib/gcc/arm-none-eabi/9.3.1/../../../../arm-none-eabi/lib/thumb/v7e-m+fp/hard\libc_nano.a(lib_a-lock.o)
 .ARM.attributes
                0x00000000000007ae       0x1e d:/programs/stmicroelectronics/stm32cubeide_1.7.0/stm32cubeide/plugins/com.st.stm32cube.ide.mcu.externaltools.gnu-tools-for-stm32.9-2020-q2-update.win32_2.0.0.202105311346/tools/bin/../lib/gcc/arm-none-eabi/9.3.1/thumb/v7e-m+fp/hard\libgcc.a(_aeabi_uldivmod.o)
 .ARM.attributes
                0x00000000000007cc       0x34 d:/programs/stmicroelectronics/stm32cubeide_1.7.0/stm32cubeide/plugins/com.st.stm32cube.ide.mcu.externaltools.gnu-tools-for-stm32.9-2020-q2-update.win32_2.0.0.202105311346/tools/bin/../lib/gcc/arm-none-eabi/9.3.1/thumb/v7e-m+fp/hard\libgcc.a(_udivmoddi4.o)
 .ARM.attributes
                0x0000000000000800       0x1e d:/programs/stmicroelectronics/stm32cubeide_1.7.0/stm32cubeide/plugins/com.st.stm32cube.ide.mcu.externaltools.gnu-tools-for-stm32.9-2020-q2-update.win32_2.0.0.202105311346/tools/bin/../lib/gcc/arm-none-eabi/9.3.1/thumb/v7e-m+fp/hard\libgcc.a(_dvmd_tls.o)
 .ARM.attributes
                0x000000000000081e       0x1e d:/programs/stmicroelectronics/stm32cubeide_1.7.0/stm32cubeide/plugins/com.st.stm32cube.ide.mcu.externaltools.gnu-tools-for-stm32.9-2020-q2-update.win32_2.0.0.202105311346/tools/bin/../lib/gcc/arm-none-eabi/9.3.1/thumb/v7e-m+fp/hard/crtn.o
OUTPUT(DDS_AD9833.elf elf32-littlearm)
LOAD linker stubs
LOAD d:/programs/stmicroelectronics/stm32cubeide_1.7.0/stm32cubeide/plugins/com.st.stm32cube.ide.mcu.externaltools.gnu-tools-for-stm32.9-2020-q2-update.win32_2.0.0.202105311346/tools/bin/../lib/gcc/arm-none-eabi/9.3.1/../../../../arm-none-eabi/lib/thumb/v7e-m+fp/hard\libc.a
LOAD d:/programs/stmicroelectronics/stm32cubeide_1.7.0/stm32cubeide/plugins/com.st.stm32cube.ide.mcu.externaltools.gnu-tools-for-stm32.9-2020-q2-update.win32_2.0.0.202105311346/tools/bin/../lib/gcc/arm-none-eabi/9.3.1/../../../../arm-none-eabi/lib/thumb/v7e-m+fp/hard\libm.a
LOAD d:/programs/stmicroelectronics/stm32cubeide_1.7.0/stm32cubeide/plugins/com.st.stm32cube.ide.mcu.externaltools.gnu-tools-for-stm32.9-2020-q2-update.win32_2.0.0.202105311346/tools/bin/../lib/gcc/arm-none-eabi/9.3.1/thumb/v7e-m+fp/hard\libgcc.a

.debug_info     0x0000000000000000    0x13ee9
 .debug_info    0x0000000000000000     0x1516 ./Core/Src/encoder.o
 .debug_info    0x0000000000001516     0x168c ./Core/Src/gpio.o
 .debug_info    0x0000000000002ba2     0x1933 ./Core/Src/main.o
 .debug_info    0x00000000000044d5     0x1740 ./Core/Src/spi.o
 .debug_info    0x0000000000005c15     0x1543 ./Core/Src/stm32f4xx_hal_msp.o
 .debug_info    0x0000000000007158     0x13a5 ./Core/Src/stm32f4xx_it.o
 .debug_info    0x00000000000084fd      0xa25 ./Core/Src/sysmem.o
 .debug_info    0x0000000000008f22      0x5d0 ./Core/Src/system_stm32f4xx.o
 .debug_info    0x00000000000094f2     0x17b4 ./Core/Src/tim.o
 .debug_info    0x000000000000aca6       0x22 ./Core/Startup/startup_stm32f401ccux.o
 .debug_info    0x000000000000acc8      0x93d ./Drivers/STM32F4xx_HAL_Driver/Src/stm32f4xx_hal.o
 .debug_info    0x000000000000b605      0xe41 ./Drivers/STM32F4xx_HAL_Driver/Src/stm32f4xx_hal_cortex.o
 .debug_info    0x000000000000c446      0x862 ./Drivers/STM32F4xx_HAL_Driver/Src/stm32f4xx_hal_gpio.o
 .debug_info    0x000000000000cca8      0x9bd ./Drivers/STM32F4xx_HAL_Driver/Src/stm32f4xx_hal_rcc.o
 .debug_info    0x000000000000d665     0x17b8 ./Drivers/STM32F4xx_HAL_Driver/Src/stm32f4xx_hal_spi.o
 .debug_info    0x000000000000ee1d     0x2c1a ./Drivers/STM32F4xx_HAL_Driver/Src/stm32f4xx_hal_tim.o
 .debug_info    0x0000000000011a37     0x159a ./Drivers/STM32F4xx_HAL_Driver/Src/stm32f4xx_hal_tim_ex.o
 .debug_info    0x0000000000012fd1      0x1ae ./st7735/Src/fonts.o
 .debug_info    0x000000000001317f      0xd6a ./st7735/Src/st7735.o

.debug_abbrev   0x0000000000000000     0x26e5
 .debug_abbrev  0x0000000000000000      0x27b ./Core/Src/encoder.o
 .debug_abbrev  0x000000000000027b      0x1fe ./Core/Src/gpio.o
 .debug_abbrev  0x0000000000000479      0x2cb ./Core/Src/main.o
 .debug_abbrev  0x0000000000000744      0x23a ./Core/Src/spi.o
 .debug_abbrev  0x000000000000097e      0x1fe ./Core/Src/stm32f4xx_hal_msp.o
 .debug_abbrev  0x0000000000000b7c      0x1f3 ./Core/Src/stm32f4xx_it.o
 .debug_abbrev  0x0000000000000d6f      0x1bf ./Core/Src/sysmem.o
 .debug_abbrev  0x0000000000000f2e      0x145 ./Core/Src/system_stm32f4xx.o
 .debug_abbrev  0x0000000000001073      0x23a ./Core/Src/tim.o
 .debug_abbrev  0x00000000000012ad       0x12 ./Core/Startup/startup_stm32f401ccux.o
 .debug_abbrev  0x00000000000012bf      0x21e ./Drivers/STM32F4xx_HAL_Driver/Src/stm32f4xx_hal.o
 .debug_abbrev  0x00000000000014dd      0x33c ./Drivers/STM32F4xx_HAL_Driver/Src/stm32f4xx_hal_cortex.o
 .debug_abbrev  0x0000000000001819      0x1f1 ./Drivers/STM32F4xx_HAL_Driver/Src/stm32f4xx_hal_gpio.o
 .debug_abbrev  0x0000000000001a0a      0x275 ./Drivers/STM32F4xx_HAL_Driver/Src/stm32f4xx_hal_rcc.o
 .debug_abbrev  0x0000000000001c7f      0x26e ./Drivers/STM32F4xx_HAL_Driver/Src/stm32f4xx_hal_spi.o
 .debug_abbrev  0x0000000000001eed      0x26f ./Drivers/STM32F4xx_HAL_Driver/Src/stm32f4xx_hal_tim.o
 .debug_abbrev  0x000000000000215c      0x277 ./Drivers/STM32F4xx_HAL_Driver/Src/stm32f4xx_hal_tim_ex.o
 .debug_abbrev  0x00000000000023d3       0xad ./st7735/Src/fonts.o
 .debug_abbrev  0x0000000000002480      0x265 ./st7735/Src/st7735.o

.debug_aranges  0x0000000000000000      0xc90
 .debug_aranges
                0x0000000000000000       0x38 ./Core/Src/encoder.o
 .debug_aranges
                0x0000000000000038       0x20 ./Core/Src/gpio.o
 .debug_aranges
                0x0000000000000058       0x40 ./Core/Src/main.o
 .debug_aranges
                0x0000000000000098       0x38 ./Core/Src/spi.o
 .debug_aranges
                0x00000000000000d0       0x20 ./Core/Src/stm32f4xx_hal_msp.o
 .debug_aranges
                0x00000000000000f0       0x60 ./Core/Src/stm32f4xx_it.o
 .debug_aranges
                0x0000000000000150       0x20 ./Core/Src/sysmem.o
 .debug_aranges
                0x0000000000000170       0x28 ./Core/Src/system_stm32f4xx.o
 .debug_aranges
                0x0000000000000198       0x30 ./Core/Src/tim.o
 .debug_aranges
                0x00000000000001c8       0x28 ./Core/Startup/startup_stm32f401ccux.o
 .debug_aranges
                0x00000000000001f0       0xf0 ./Drivers/STM32F4xx_HAL_Driver/Src/stm32f4xx_hal.o
 .debug_aranges
                0x00000000000002e0      0x118 ./Drivers/STM32F4xx_HAL_Driver/Src/stm32f4xx_hal_cortex.o
 .debug_aranges
                0x00000000000003f8       0x58 ./Drivers/STM32F4xx_HAL_Driver/Src/stm32f4xx_hal_gpio.o
 .debug_aranges
                0x0000000000000450       0x88 ./Drivers/STM32F4xx_HAL_Driver/Src/stm32f4xx_hal_rcc.o
 .debug_aranges
                0x00000000000004d8      0x1d0 ./Drivers/STM32F4xx_HAL_Driver/Src/stm32f4xx_hal_spi.o
 .debug_aranges
                0x00000000000006a8      0x3d0 ./Drivers/STM32F4xx_HAL_Driver/Src/stm32f4xx_hal_tim.o
 .debug_aranges
                0x0000000000000a78      0x168 ./Drivers/STM32F4xx_HAL_Driver/Src/stm32f4xx_hal_tim_ex.o
 .debug_aranges
                0x0000000000000be0       0x18 ./st7735/Src/fonts.o
 .debug_aranges
                0x0000000000000bf8       0x98 ./st7735/Src/st7735.o

.debug_ranges   0x0000000000000000      0xb60
 .debug_ranges  0x0000000000000000       0x28 ./Core/Src/encoder.o
 .debug_ranges  0x0000000000000028       0x10 ./Core/Src/gpio.o
 .debug_ranges  0x0000000000000038       0x30 ./Core/Src/main.o
 .debug_ranges  0x0000000000000068       0x28 ./Core/Src/spi.o
 .debug_ranges  0x0000000000000090       0x10 ./Core/Src/stm32f4xx_hal_msp.o
 .debug_ranges  0x00000000000000a0       0x50 ./Core/Src/stm32f4xx_it.o
 .debug_ranges  0x00000000000000f0       0x10 ./Core/Src/sysmem.o
 .debug_ranges  0x0000000000000100       0x18 ./Core/Src/system_stm32f4xx.o
 .debug_ranges  0x0000000000000118       0x20 ./Core/Src/tim.o
 .debug_ranges  0x0000000000000138       0x20 ./Core/Startup/startup_stm32f401ccux.o
 .debug_ranges  0x0000000000000158       0xe0 ./Drivers/STM32F4xx_HAL_Driver/Src/stm32f4xx_hal.o
 .debug_ranges  0x0000000000000238      0x108 ./Drivers/STM32F4xx_HAL_Driver/Src/stm32f4xx_hal_cortex.o
 .debug_ranges  0x0000000000000340       0x48 ./Drivers/STM32F4xx_HAL_Driver/Src/stm32f4xx_hal_gpio.o
 .debug_ranges  0x0000000000000388       0x78 ./Drivers/STM32F4xx_HAL_Driver/Src/stm32f4xx_hal_rcc.o
 .debug_ranges  0x0000000000000400      0x1c0 ./Drivers/STM32F4xx_HAL_Driver/Src/stm32f4xx_hal_spi.o
 .debug_ranges  0x00000000000005c0      0x3c0 ./Drivers/STM32F4xx_HAL_Driver/Src/stm32f4xx_hal_tim.o
 .debug_ranges  0x0000000000000980      0x158 ./Drivers/STM32F4xx_HAL_Driver/Src/stm32f4xx_hal_tim_ex.o
 .debug_ranges  0x0000000000000ad8       0x88 ./st7735/Src/st7735.o

.debug_macro    0x0000000000000000    0x17aa4
 .debug_macro   0x0000000000000000      0x3ab ./Core/Src/encoder.o
 .debug_macro   0x00000000000003ab      0xaa8 ./Core/Src/encoder.o
 .debug_macro   0x0000000000000e53      0x29b ./Core/Src/encoder.o
 .debug_macro   0x00000000000010ee       0x2e ./Core/Src/encoder.o
 .debug_macro   0x000000000000111c       0x28 ./Core/Src/encoder.o
 .debug_macro   0x0000000000001144       0x22 ./Core/Src/encoder.o
 .debug_macro   0x0000000000001166       0x8e ./Core/Src/encoder.o
 .debug_macro   0x00000000000011f4       0x51 ./Core/Src/encoder.o
 .debug_macro   0x0000000000001245      0x103 ./Core/Src/encoder.o
 .debug_macro   0x0000000000001348       0x6a ./Core/Src/encoder.o
 .debug_macro   0x00000000000013b2      0x1df ./Core/Src/encoder.o
 .debug_macro   0x0000000000001591       0x1c ./Core/Src/encoder.o
 .debug_macro   0x00000000000015ad       0x22 ./Core/Src/encoder.o
 .debug_macro   0x00000000000015cf       0xdf ./Core/Src/encoder.o
 .debug_macro   0x00000000000016ae     0x102d ./Core/Src/encoder.o
 .debug_macro   0x00000000000026db      0x11f ./Core/Src/encoder.o
 .debug_macro   0x00000000000027fa     0xb86c ./Core/Src/encoder.o
 .debug_macro   0x000000000000e066       0x6d ./Core/Src/encoder.o
 .debug_macro   0x000000000000e0d3     0x3666 ./Core/Src/encoder.o
 .debug_macro   0x0000000000011739      0x174 ./Core/Src/encoder.o
 .debug_macro   0x00000000000118ad       0x5c ./Core/Src/encoder.o
 .debug_macro   0x0000000000011909      0x416 ./Core/Src/encoder.o
 .debug_macro   0x0000000000011d1f      0x9fe ./Core/Src/encoder.o
 .debug_macro   0x000000000001271d      0x116 ./Core/Src/encoder.o
 .debug_macro   0x0000000000012833       0xf8 ./Core/Src/encoder.o
 .debug_macro   0x000000000001292b       0xa5 ./Core/Src/encoder.o
 .debug_macro   0x00000000000129d0      0x15f ./Core/Src/encoder.o
 .debug_macro   0x0000000000012b2f      0x287 ./Core/Src/encoder.o
 .debug_macro   0x0000000000012db6       0x5f ./Core/Src/encoder.o
 .debug_macro   0x0000000000012e15      0x236 ./Core/Src/encoder.o
 .debug_macro   0x000000000001304b      0x132 ./Core/Src/encoder.o
 .debug_macro   0x000000000001317d      0x23a ./Core/Src/encoder.o
 .debug_macro   0x00000000000133b7       0x2e ./Core/Src/encoder.o
 .debug_macro   0x00000000000133e5      0x11a ./Core/Src/encoder.o
 .debug_macro   0x00000000000134ff       0x85 ./Core/Src/encoder.o
 .debug_macro   0x0000000000013584       0x89 ./Core/Src/encoder.o
 .debug_macro   0x000000000001360d      0x225 ./Core/Src/encoder.o
 .debug_macro   0x0000000000013832      0x8d1 ./Core/Src/encoder.o
 .debug_macro   0x0000000000014103       0x47 ./Core/Src/encoder.o
 .debug_macro   0x000000000001414a      0x126 ./Core/Src/encoder.o
 .debug_macro   0x0000000000014270       0x52 ./Core/Src/encoder.o
 .debug_macro   0x00000000000142c2       0x18 ./Core/Src/encoder.o
 .debug_macro   0x00000000000142da       0x3c ./Core/Src/encoder.o
 .debug_macro   0x0000000000014316       0x34 ./Core/Src/encoder.o
 .debug_macro   0x000000000001434a       0x16 ./Core/Src/encoder.o
 .debug_macro   0x0000000000014360       0x35 ./Core/Src/encoder.o
 .debug_macro   0x0000000000014395      0x333 ./Core/Src/encoder.o
 .debug_macro   0x00000000000146c8       0x10 ./Core/Src/encoder.o
 .debug_macro   0x00000000000146d8       0x16 ./Core/Src/encoder.o
 .debug_macro   0x00000000000146ee       0x43 ./Core/Src/encoder.o
 .debug_macro   0x0000000000014731       0x34 ./Core/Src/encoder.o
 .debug_macro   0x0000000000014765       0x10 ./Core/Src/encoder.o
 .debug_macro   0x0000000000014775       0x58 ./Core/Src/encoder.o
 .debug_macro   0x00000000000147cd       0x71 ./Core/Src/encoder.o
 .debug_macro   0x000000000001483e       0x1c ./Core/Src/encoder.o
 .debug_macro   0x000000000001485a      0x12a ./Core/Src/encoder.o
 .debug_macro   0x0000000000014984       0x10 ./Core/Src/encoder.o
 .debug_macro   0x0000000000014994       0x1c ./Core/Src/encoder.o
 .debug_macro   0x00000000000149b0       0x52 ./Core/Src/encoder.o
 .debug_macro   0x0000000000014a02       0x22 ./Core/Src/encoder.o
 .debug_macro   0x0000000000014a24       0x10 ./Core/Src/encoder.o
 .debug_macro   0x0000000000014a34       0x40 ./Core/Src/encoder.o
 .debug_macro   0x0000000000014a74       0xd5 ./Core/Src/encoder.o
 .debug_macro   0x0000000000014b49       0x1c ./Core/Src/encoder.o
 .debug_macro   0x0000000000014b65       0x3d ./Core/Src/encoder.o
 .debug_macro   0x0000000000014ba2       0x16 ./Core/Src/encoder.o
 .debug_macro   0x0000000000014bb8      0x145 ./Core/Src/encoder.o
 .debug_macro   0x0000000000014cfd       0x16 ./Core/Src/encoder.o
 .debug_macro   0x0000000000014d13       0x20 ./Core/Src/encoder.o
 .debug_macro   0x0000000000014d33       0x22 ./Core/Src/encoder.o
 .debug_macro   0x0000000000014d55      0x212 ./Core/Src/encoder.o
 .debug_macro   0x0000000000014f67       0x22 ./Core/Src/encoder.o
 .debug_macro   0x0000000000014f89       0x34 ./Core/Src/encoder.o
 .debug_macro   0x0000000000014fbd      0x3b5 ./Core/Src/gpio.o
 .debug_macro   0x0000000000015372      0x3c7 ./Core/Src/main.o
 .debug_macro   0x0000000000015739      0x3b5 ./Core/Src/spi.o
 .debug_macro   0x0000000000015aee      0x3ab ./Core/Src/stm32f4xx_hal_msp.o
 .debug_macro   0x0000000000015e99      0x3b5 ./Core/Src/stm32f4xx_it.o
 .debug_macro   0x000000000001624e       0xff ./Core/Src/sysmem.o
 .debug_macro   0x000000000001634d      0x23b ./Core/Src/sysmem.o
 .debug_macro   0x0000000000016588      0x1ce ./Core/Src/system_stm32f4xx.o
 .debug_macro   0x0000000000016756      0x3af ./Core/Src/tim.o
 .debug_macro   0x0000000000016b05      0x22e ./Drivers/STM32F4xx_HAL_Driver/Src/stm32f4xx_hal.o
 .debug_macro   0x0000000000016d33      0x1ce ./Drivers/STM32F4xx_HAL_Driver/Src/stm32f4xx_hal_cortex.o
 .debug_macro   0x0000000000016f01      0x1d4 ./Drivers/STM32F4xx_HAL_Driver/Src/stm32f4xx_hal_gpio.o
 .debug_macro   0x00000000000170d5      0x1f2 ./Drivers/STM32F4xx_HAL_Driver/Src/stm32f4xx_hal_rcc.o
 .debug_macro   0x00000000000172c7      0x1dd ./Drivers/STM32F4xx_HAL_Driver/Src/stm32f4xx_hal_spi.o
 .debug_macro   0x00000000000174a4      0x1cf ./Drivers/STM32F4xx_HAL_Driver/Src/stm32f4xx_hal_tim.o
 .debug_macro   0x0000000000017673      0x1ce ./Drivers/STM32F4xx_HAL_Driver/Src/stm32f4xx_hal_tim_ex.o
 .debug_macro   0x0000000000017841       0x6d ./st7735/Src/fonts.o
 .debug_macro   0x00000000000178ae      0x1f6 ./st7735/Src/st7735.o

.debug_line     0x0000000000000000    0x11ee3
 .debug_line    0x0000000000000000      0xce1 ./Core/Src/encoder.o
 .debug_line    0x0000000000000ce1      0xbf5 ./Core/Src/gpio.o
 .debug_line    0x00000000000018d6      0xd26 ./Core/Src/main.o
 .debug_line    0x00000000000025fc      0xcc4 ./Core/Src/spi.o
 .debug_line    0x00000000000032c0      0xbdd ./Core/Src/stm32f4xx_hal_msp.o
 .debug_line    0x0000000000003e9d      0xc9f ./Core/Src/stm32f4xx_it.o
 .debug_line    0x0000000000004b3c      0x796 ./Core/Src/sysmem.o
 .debug_line    0x00000000000052d2      0x900 ./Core/Src/system_stm32f4xx.o
 .debug_line    0x0000000000005bd2      0xc5b ./Core/Src/tim.o
 .debug_line    0x000000000000682d       0x88 ./Core/Startup/startup_stm32f401ccux.o
 .debug_line    0x00000000000068b5      0xb66 ./Drivers/STM32F4xx_HAL_Driver/Src/stm32f4xx_hal.o
 .debug_line    0x000000000000741b      0xe15 ./Drivers/STM32F4xx_HAL_Driver/Src/stm32f4xx_hal_cortex.o
 .debug_line    0x0000000000008230      0xca0 ./Drivers/STM32F4xx_HAL_Driver/Src/stm32f4xx_hal_gpio.o
 .debug_line    0x0000000000008ed0      0xee0 ./Drivers/STM32F4xx_HAL_Driver/Src/stm32f4xx_hal_rcc.o
 .debug_line    0x0000000000009db0     0x1dee ./Drivers/STM32F4xx_HAL_Driver/Src/stm32f4xx_hal_spi.o
 .debug_line    0x000000000000bb9e     0x3634 ./Drivers/STM32F4xx_HAL_Driver/Src/stm32f4xx_hal_tim.o
 .debug_line    0x000000000000f1d2     0x1afe ./Drivers/STM32F4xx_HAL_Driver/Src/stm32f4xx_hal_tim_ex.o
 .debug_line    0x0000000000010cd0      0x565 ./st7735/Src/fonts.o
 .debug_line    0x0000000000011235      0xcae ./st7735/Src/st7735.o

.debug_str      0x0000000000000000    0x8d8ad
 .debug_str     0x0000000000000000    0x8a235 ./Core/Src/encoder.o
                                      0x8a62b (size before relaxing)
 .debug_str     0x000000000008a235      0x18e ./Core/Src/gpio.o
                                      0x8a6ab (size before relaxing)
 .debug_str     0x000000000008a3c3      0x23e ./Core/Src/main.o
                                      0x8a8ae (size before relaxing)
 .debug_str     0x000000000008a601       0x58 ./Core/Src/spi.o
                                      0x8a6f2 (size before relaxing)
 .debug_str     0x000000000008a659       0x2c ./Core/Src/stm32f4xx_hal_msp.o
                                      0x8a627 (size before relaxing)
 .debug_str     0x000000000008a685       0xbd ./Core/Src/stm32f4xx_it.o
                                      0x8a5a3 (size before relaxing)
 .debug_str     0x000000000008a742      0x4e9 ./Core/Src/sysmem.o
                                       0x628c (size before relaxing)
 .debug_str     0x000000000008ac2b       0xaf ./Core/Src/system_stm32f4xx.o
                                      0x855ca (size before relaxing)
 .debug_str     0x000000000008acda      0x139 ./Core/Src/tim.o
                                      0x8a7c2 (size before relaxing)
 .debug_str     0x000000000008ae13       0x36 ./Core/Startup/startup_stm32f401ccux.o
                                         0x5d (size before relaxing)
 .debug_str     0x000000000008ae49      0x905 ./Drivers/STM32F4xx_HAL_Driver/Src/stm32f4xx_hal.o
                                      0x85f4a (size before relaxing)
 .debug_str     0x000000000008b74e      0x399 ./Drivers/STM32F4xx_HAL_Driver/Src/stm32f4xx_hal_cortex.o
                                      0x85d27 (size before relaxing)
 .debug_str     0x000000000008bae7      0x15f ./Drivers/STM32F4xx_HAL_Driver/Src/stm32f4xx_hal_gpio.o
                                      0x85771 (size before relaxing)
 .debug_str     0x000000000008bc46      0x259 ./Drivers/STM32F4xx_HAL_Driver/Src/stm32f4xx_hal_rcc.o
                                      0x859cc (size before relaxing)
 .debug_str     0x000000000008be9f      0x57f ./Drivers/STM32F4xx_HAL_Driver/Src/stm32f4xx_hal_spi.o
                                      0x85e5c (size before relaxing)
 .debug_str     0x000000000008c41e      0xdac ./Drivers/STM32F4xx_HAL_Driver/Src/stm32f4xx_hal_tim.o
                                      0x868e7 (size before relaxing)
 .debug_str     0x000000000008d1ca      0x4ee ./Drivers/STM32F4xx_HAL_Driver/Src/stm32f4xx_hal_tim_ex.o
                                      0x86098 (size before relaxing)
 .debug_str     0x000000000008d6b8       0x33 ./st7735/Src/fonts.o
                                       0x3d45 (size before relaxing)
 .debug_str     0x000000000008d6eb      0x1c2 ./st7735/Src/st7735.o
                                      0x861cf (size before relaxing)

.comment        0x0000000000000000       0x53
 .comment       0x0000000000000000       0x53 ./Core/Src/encoder.o
                                         0x54 (size before relaxing)
 .comment       0x0000000000000053       0x54 ./Core/Src/gpio.o
 .comment       0x0000000000000053       0x54 ./Core/Src/main.o
 .comment       0x0000000000000053       0x54 ./Core/Src/spi.o
 .comment       0x0000000000000053       0x54 ./Core/Src/stm32f4xx_hal_msp.o
 .comment       0x0000000000000053       0x54 ./Core/Src/stm32f4xx_it.o
 .comment       0x0000000000000053       0x54 ./Core/Src/sysmem.o
 .comment       0x0000000000000053       0x54 ./Core/Src/system_stm32f4xx.o
 .comment       0x0000000000000053       0x54 ./Core/Src/tim.o
 .comment       0x0000000000000053       0x54 ./Drivers/STM32F4xx_HAL_Driver/Src/stm32f4xx_hal.o
 .comment       0x0000000000000053       0x54 ./Drivers/STM32F4xx_HAL_Driver/Src/stm32f4xx_hal_cortex.o
 .comment       0x0000000000000053       0x54 ./Drivers/STM32F4xx_HAL_Driver/Src/stm32f4xx_hal_gpio.o
 .comment       0x0000000000000053       0x54 ./Drivers/STM32F4xx_HAL_Driver/Src/stm32f4xx_hal_rcc.o
 .comment       0x0000000000000053       0x54 ./Drivers/STM32F4xx_HAL_Driver/Src/stm32f4xx_hal_spi.o
 .comment       0x0000000000000053       0x54 ./Drivers/STM32F4xx_HAL_Driver/Src/stm32f4xx_hal_tim.o
 .comment       0x0000000000000053       0x54 ./Drivers/STM32F4xx_HAL_Driver/Src/stm32f4xx_hal_tim_ex.o
 .comment       0x0000000000000053       0x54 ./st7735/Src/fonts.o
 .comment       0x0000000000000053       0x54 ./st7735/Src/st7735.o

.debug_frame    0x0000000000000000     0x36b8
 .debug_frame   0x0000000000000000       0x8c ./Core/Src/encoder.o
 .debug_frame   0x000000000000008c       0x34 ./Core/Src/gpio.o
 .debug_frame   0x00000000000000c0       0xbc ./Core/Src/main.o
 .debug_frame   0x000000000000017c       0x90 ./Core/Src/spi.o
 .debug_frame   0x000000000000020c       0x38 ./Core/Src/stm32f4xx_hal_msp.o
 .debug_frame   0x0000000000000244      0x104 ./Core/Src/stm32f4xx_it.o
 .debug_frame   0x0000000000000348       0x34 ./Core/Src/sysmem.o
 .debug_frame   0x000000000000037c       0x58 ./Core/Src/system_stm32f4xx.o
 .debug_frame   0x00000000000003d4       0x7c ./Core/Src/tim.o
 .debug_frame   0x0000000000000450      0x374 ./Drivers/STM32F4xx_HAL_Driver/Src/stm32f4xx_hal.o
 .debug_frame   0x00000000000007c4      0x498 ./Drivers/STM32F4xx_HAL_Driver/Src/stm32f4xx_hal_cortex.o
 .debug_frame   0x0000000000000c5c      0x14c ./Drivers/STM32F4xx_HAL_Driver/Src/stm32f4xx_hal_gpio.o
 .debug_frame   0x0000000000000da8      0x1ec ./Drivers/STM32F4xx_HAL_Driver/Src/stm32f4xx_hal_rcc.o
 .debug_frame   0x0000000000000f94      0x824 ./Drivers/STM32F4xx_HAL_Driver/Src/stm32f4xx_hal_spi.o
 .debug_frame   0x00000000000017b8     0x11bc ./Drivers/STM32F4xx_HAL_Driver/Src/stm32f4xx_hal_tim.o
 .debug_frame   0x0000000000002974      0x638 ./Drivers/STM32F4xx_HAL_Driver/Src/stm32f4xx_hal_tim_ex.o
 .debug_frame   0x0000000000002fac      0x268 ./st7735/Src/st7735.o
 .debug_frame   0x0000000000003214       0x20 d:/programs/stmicroelectronics/stm32cubeide_1.7.0/stm32cubeide/plugins/com.st.stm32cube.ide.mcu.externaltools.gnu-tools-for-stm32.9-2020-q2-update.win32_2.0.0.202105311346/tools/bin/../lib/gcc/arm-none-eabi/9.3.1/../../../../arm-none-eabi/lib/thumb/v7e-m+fp/hard\libc_nano.a(lib_a-errno.o)
 .debug_frame   0x0000000000003234       0x2c d:/programs/stmicroelectronics/stm32cubeide_1.7.0/stm32cubeide/plugins/com.st.stm32cube.ide.mcu.externaltools.gnu-tools-for-stm32.9-2020-q2-update.win32_2.0.0.202105311346/tools/bin/../lib/gcc/arm-none-eabi/9.3.1/../../../../arm-none-eabi/lib/thumb/v7e-m+fp/hard\libc_nano.a(lib_a-init.o)
 .debug_frame   0x0000000000003260       0x20 d:/programs/stmicroelectronics/stm32cubeide_1.7.0/stm32cubeide/plugins/com.st.stm32cube.ide.mcu.externaltools.gnu-tools-for-stm32.9-2020-q2-update.win32_2.0.0.202105311346/tools/bin/../lib/gcc/arm-none-eabi/9.3.1/../../../../arm-none-eabi/lib/thumb/v7e-m+fp/hard\libc_nano.a(lib_a-memset.o)
 .debug_frame   0x0000000000003280       0x6c d:/programs/stmicroelectronics/stm32cubeide_1.7.0/stm32cubeide/plugins/com.st.stm32cube.ide.mcu.externaltools.gnu-tools-for-stm32.9-2020-q2-update.win32_2.0.0.202105311346/tools/bin/../lib/gcc/arm-none-eabi/9.3.1/../../../../arm-none-eabi/lib/thumb/v7e-m+fp/hard\libc_nano.a(lib_a-sprintf.o)
 .debug_frame   0x00000000000032ec       0x90 d:/programs/stmicroelectronics/stm32cubeide_1.7.0/stm32cubeide/plugins/com.st.stm32cube.ide.mcu.externaltools.gnu-tools-for-stm32.9-2020-q2-update.win32_2.0.0.202105311346/tools/bin/../lib/gcc/arm-none-eabi/9.3.1/../../../../arm-none-eabi/lib/thumb/v7e-m+fp/hard\libc_nano.a(lib_a-nano-svfprintf.o)
 .debug_frame   0x000000000000337c       0x60 d:/programs/stmicroelectronics/stm32cubeide_1.7.0/stm32cubeide/plugins/com.st.stm32cube.ide.mcu.externaltools.gnu-tools-for-stm32.9-2020-q2-update.win32_2.0.0.202105311346/tools/bin/../lib/gcc/arm-none-eabi/9.3.1/../../../../arm-none-eabi/lib/thumb/v7e-m+fp/hard\libc_nano.a(lib_a-nano-vfprintf_i.o)
 .debug_frame   0x00000000000033dc       0x28 d:/programs/stmicroelectronics/stm32cubeide_1.7.0/stm32cubeide/plugins/com.st.stm32cube.ide.mcu.externaltools.gnu-tools-for-stm32.9-2020-q2-update.win32_2.0.0.202105311346/tools/bin/../lib/gcc/arm-none-eabi/9.3.1/../../../../arm-none-eabi/lib/thumb/v7e-m+fp/hard\libc_nano.a(lib_a-memcpy-stub.o)
 .debug_frame   0x0000000000003404       0x28 d:/programs/stmicroelectronics/stm32cubeide_1.7.0/stm32cubeide/plugins/com.st.stm32cube.ide.mcu.externaltools.gnu-tools-for-stm32.9-2020-q2-update.win32_2.0.0.202105311346/tools/bin/../lib/gcc/arm-none-eabi/9.3.1/../../../../arm-none-eabi/lib/thumb/v7e-m+fp/hard\libc_nano.a(lib_a-memmove.o)
 .debug_frame   0x000000000000342c       0x38 d:/programs/stmicroelectronics/stm32cubeide_1.7.0/stm32cubeide/plugins/com.st.stm32cube.ide.mcu.externaltools.gnu-tools-for-stm32.9-2020-q2-update.win32_2.0.0.202105311346/tools/bin/../lib/gcc/arm-none-eabi/9.3.1/../../../../arm-none-eabi/lib/thumb/v7e-m+fp/hard\libc_nano.a(lib_a-nano-freer.o)
 .debug_frame   0x0000000000003464       0x30 d:/programs/stmicroelectronics/stm32cubeide_1.7.0/stm32cubeide/plugins/com.st.stm32cube.ide.mcu.externaltools.gnu-tools-for-stm32.9-2020-q2-update.win32_2.0.0.202105311346/tools/bin/../lib/gcc/arm-none-eabi/9.3.1/../../../../arm-none-eabi/lib/thumb/v7e-m+fp/hard\libc_nano.a(lib_a-nano-mallocr.o)
 .debug_frame   0x0000000000003494       0x3c d:/programs/stmicroelectronics/stm32cubeide_1.7.0/stm32cubeide/plugins/com.st.stm32cube.ide.mcu.externaltools.gnu-tools-for-stm32.9-2020-q2-update.win32_2.0.0.202105311346/tools/bin/../lib/gcc/arm-none-eabi/9.3.1/../../../../arm-none-eabi/lib/thumb/v7e-m+fp/hard\libc_nano.a(lib_a-nano-reallocr.o)
 .debug_frame   0x00000000000034d0       0x2c d:/programs/stmicroelectronics/stm32cubeide_1.7.0/stm32cubeide/plugins/com.st.stm32cube.ide.mcu.externaltools.gnu-tools-for-stm32.9-2020-q2-update.win32_2.0.0.202105311346/tools/bin/../lib/gcc/arm-none-eabi/9.3.1/../../../../arm-none-eabi/lib/thumb/v7e-m+fp/hard\libc_nano.a(lib_a-sbrkr.o)
 .debug_frame   0x00000000000034fc       0x30 d:/programs/stmicroelectronics/stm32cubeide_1.7.0/stm32cubeide/plugins/com.st.stm32cube.ide.mcu.externaltools.gnu-tools-for-stm32.9-2020-q2-update.win32_2.0.0.202105311346/tools/bin/../lib/gcc/arm-none-eabi/9.3.1/../../../../arm-none-eabi/lib/thumb/v7e-m+fp/hard\libc_nano.a(lib_a-mlock.o)
 .debug_frame   0x000000000000352c       0x20 d:/programs/stmicroelectronics/stm32cubeide_1.7.0/stm32cubeide/plugins/com.st.stm32cube.ide.mcu.externaltools.gnu-tools-for-stm32.9-2020-q2-update.win32_2.0.0.202105311346/tools/bin/../lib/gcc/arm-none-eabi/9.3.1/../../../../arm-none-eabi/lib/thumb/v7e-m+fp/hard\libc_nano.a(lib_a-nano-msizer.o)
 .debug_frame   0x000000000000354c       0x5c d:/programs/stmicroelectronics/stm32cubeide_1.7.0/stm32cubeide/plugins/com.st.stm32cube.ide.mcu.externaltools.gnu-tools-for-stm32.9-2020-q2-update.win32_2.0.0.202105311346/tools/bin/../lib/gcc/arm-none-eabi/9.3.1/../../../../arm-none-eabi/lib/thumb/v7e-m+fp/hard\libc_nano.a(lib_a-reent.o)
 .debug_frame   0x00000000000035a8       0xb0 d:/programs/stmicroelectronics/stm32cubeide_1.7.0/stm32cubeide/plugins/com.st.stm32cube.ide.mcu.externaltools.gnu-tools-for-stm32.9-2020-q2-update.win32_2.0.0.202105311346/tools/bin/../lib/gcc/arm-none-eabi/9.3.1/../../../../arm-none-eabi/lib/thumb/v7e-m+fp/hard\libc_nano.a(lib_a-lock.o)
 .debug_frame   0x0000000000003658       0x2c d:/programs/stmicroelectronics/stm32cubeide_1.7.0/stm32cubeide/plugins/com.st.stm32cube.ide.mcu.externaltools.gnu-tools-for-stm32.9-2020-q2-update.win32_2.0.0.202105311346/tools/bin/../lib/gcc/arm-none-eabi/9.3.1/thumb/v7e-m+fp/hard\libgcc.a(_aeabi_uldivmod.o)
 .debug_frame   0x0000000000003684       0x34 d:/programs/stmicroelectronics/stm32cubeide_1.7.0/stm32cubeide/plugins/com.st.stm32cube.ide.mcu.externaltools.gnu-tools-for-stm32.9-2020-q2-update.win32_2.0.0.202105311346/tools/bin/../lib/gcc/arm-none-eabi/9.3.1/thumb/v7e-m+fp/hard\libgcc.a(_udivmoddi4.o)
