st7735.c:87:13:ST7735_Select	8	static
st7735.c:92:6:ST7735_Unselect	8	static
st7735.c:97:13:ST7735_Reset	8	static
st7735.c:104:13:ST7735_WriteCommand	16	static
st7735.c:110:13:ST7735_WriteData	16	static
st7735.c:116:13:ST7735_ExecuteCommandList	24	static
st7735.c:143:13:ST7735_SetAddressWindow	32	static
st7735.c:160:6:ST7735_Init	8	static
st7735.c:170:6:ST7735_DrawPixel	24	static
st7735.c:184:13:ST7735_WriteChar	48	static
st7735.c:204:6:ST7735_WriteString	32	static
st7735.c:232:6:ST7735_WriteStringWithSelect	48	static
st7735.c:266:6:ST7735_FillRectangle	32	static
st7735.c:285:6:ST7735_FillScreen	24	static
st7735.c:290:6:ST7735_DrawImage	24	static
st7735.c:302:6:ST7735_InvertColors	16	static
st7735.c:310:6:ST7735_DrawHLine	32	static
st7735.c:322:6:ST7735_DrawVLine	32	static
st7735.c:334:6:ST7735_DrawLine	40	static
st7735.c:387:6:ST7735_drawCircleHelper	40	static
st7735.c:424:6:ST7735_drawRoundRect	40	static
st7735.c:444:6:SquareIcon	24	static
st7735.c:455:6:TriangleIcon	40	static
st7735.c:469:6:SineIcon	1392	static
