st7735.c:87:6:_swap_int16_t	24	static
st7735.c:94:13:ST7735_Select	8	static
st7735.c:98:6:ST7735_Unselect	8	static
st7735.c:102:13:ST7735_Reset	8	static
st7735.c:108:13:ST7735_WriteCommand	16	static
st7735.c:113:13:ST7735_WriteData	16	static
st7735.c:118:13:ST7735_ExecuteCommandList	24	static
st7735.c:144:13:ST7735_SetAddressWindow	32	static
st7735.c:160:6:ST7735_Init	8	static
st7735.c:169:6:ST7735_DrawPixel	24	static
st7735.c:182:13:ST7735_WriteChar	48	static
st7735.c:201:6:ST7735_WriteString	32	static
st7735.c:228:6:ST7735_WriteStringWithSelect	48	static
st7735.c:262:6:ST7735_FillRectangle	32	static
st7735.c:282:6:ST7735_FillScreen	24	static
st7735.c:286:6:ST7735_DrawImage	24	static
st7735.c:297:6:ST7735_InvertColors	16	static
st7735.c:304:6:ST7735_DrawHLine	32	static
st7735.c:315:6:ST7735_DrawVLine	32	static
st7735.c:326:6:drawCircleHelper	40	static
st7735.c:362:6:drawRoundRect	40	static
st7735.c:379:6:SquareIcon	24	static
st7735.c:389:6:TriangleIcon	32	static
st7735.c:404:6:drawLine	32	static
st7735.c:420:6:writeLine	40	static
